Archive member included because of file (symbol)

/opt/Freescale/KDS_v3/toolchain/bin/../lib/gcc/arm-none-eabi/4.8.4/armv6-m/libgcc.a(_udivsi3.o)
                              ./Generated_Code/SERVO1.o (__aeabi_uidiv)
/opt/Freescale/KDS_v3/toolchain/bin/../lib/gcc/arm-none-eabi/4.8.4/armv6-m/libgcc.a(_dvmd_tls.o)
                              /opt/Freescale/KDS_v3/toolchain/bin/../lib/gcc/arm-none-eabi/4.8.4/armv6-m/libgcc.a(_udivsi3.o) (__aeabi_idiv0)
/opt/Freescale/KDS_v3/toolchain/bin/../lib/gcc/arm-none-eabi/4.8.4/armv6-m/libgcc.a(_arm_cmpsf2.o)
                              ./Generated_Code/PwmLdd1.o (__aeabi_fcmpgt)
/opt/Freescale/KDS_v3/toolchain/bin/../lib/gcc/arm-none-eabi/4.8.4/armv6-m/libgcc.a(_fixunssfsi.o)
                              ./Generated_Code/PwmLdd1.o (__aeabi_f2uiz)
/opt/Freescale/KDS_v3/toolchain/bin/../lib/gcc/arm-none-eabi/4.8.4/armv6-m/libgcc.a(eqsf2.o)
                              /opt/Freescale/KDS_v3/toolchain/bin/../lib/gcc/arm-none-eabi/4.8.4/armv6-m/libgcc.a(_arm_cmpsf2.o) (__eqsf2)
/opt/Freescale/KDS_v3/toolchain/bin/../lib/gcc/arm-none-eabi/4.8.4/armv6-m/libgcc.a(gesf2.o)
                              /opt/Freescale/KDS_v3/toolchain/bin/../lib/gcc/arm-none-eabi/4.8.4/armv6-m/libgcc.a(_arm_cmpsf2.o) (__gesf2)
/opt/Freescale/KDS_v3/toolchain/bin/../lib/gcc/arm-none-eabi/4.8.4/armv6-m/libgcc.a(lesf2.o)
                              /opt/Freescale/KDS_v3/toolchain/bin/../lib/gcc/arm-none-eabi/4.8.4/armv6-m/libgcc.a(_arm_cmpsf2.o) (__lesf2)
/opt/Freescale/KDS_v3/toolchain/bin/../lib/gcc/arm-none-eabi/4.8.4/armv6-m/libgcc.a(mulsf3.o)
                              ./Generated_Code/PwmLdd1.o (__aeabi_fmul)
/opt/Freescale/KDS_v3/toolchain/bin/../lib/gcc/arm-none-eabi/4.8.4/armv6-m/libgcc.a(subsf3.o)
                              /opt/Freescale/KDS_v3/toolchain/bin/../lib/gcc/arm-none-eabi/4.8.4/armv6-m/libgcc.a(_fixunssfsi.o) (__aeabi_fsub)
/opt/Freescale/KDS_v3/toolchain/bin/../lib/gcc/arm-none-eabi/4.8.4/armv6-m/libgcc.a(fixsfsi.o)
                              /opt/Freescale/KDS_v3/toolchain/bin/../lib/gcc/arm-none-eabi/4.8.4/armv6-m/libgcc.a(_fixunssfsi.o) (__aeabi_f2iz)
/opt/Freescale/KDS_v3/toolchain/bin/../lib/gcc/arm-none-eabi/4.8.4/armv6-m/libgcc.a(floatsisf.o)
                              ./Generated_Code/PwmLdd1.o (__aeabi_i2f)
/opt/Freescale/KDS_v3/toolchain/bin/../lib/gcc/arm-none-eabi/4.8.4/armv6-m/libgcc.a(_clzsi2.o)
                              /opt/Freescale/KDS_v3/toolchain/bin/../lib/gcc/arm-none-eabi/4.8.4/armv6-m/libgcc.a(mulsf3.o) (__clzsi2)
/opt/Freescale/KDS_v3/toolchain/bin/../lib/gcc/arm-none-eabi/4.8.4/../../../../arm-none-eabi/lib/armv6-m/libg_s.a(lib_a-exit.o)
                              /opt/Freescale/KDS_v3/toolchain/bin/../lib/gcc/arm-none-eabi/4.8.4/../../../../arm-none-eabi/lib/armv6-m/crt0.o (exit)
/opt/Freescale/KDS_v3/toolchain/bin/../lib/gcc/arm-none-eabi/4.8.4/../../../../arm-none-eabi/lib/armv6-m/libg_s.a(lib_a-impure.o)
                              /opt/Freescale/KDS_v3/toolchain/bin/../lib/gcc/arm-none-eabi/4.8.4/../../../../arm-none-eabi/lib/armv6-m/libg_s.a(lib_a-exit.o) (_global_impure_ptr)
/opt/Freescale/KDS_v3/toolchain/bin/../lib/gcc/arm-none-eabi/4.8.4/../../../../arm-none-eabi/lib/armv6-m/libg_s.a(lib_a-init.o)
                              /opt/Freescale/KDS_v3/toolchain/bin/../lib/gcc/arm-none-eabi/4.8.4/../../../../arm-none-eabi/lib/armv6-m/crt0.o (__libc_init_array)
/opt/Freescale/KDS_v3/toolchain/bin/../lib/gcc/arm-none-eabi/4.8.4/../../../../arm-none-eabi/lib/armv6-m/libg_s.a(lib_a-memset.o)
                              /opt/Freescale/KDS_v3/toolchain/bin/../lib/gcc/arm-none-eabi/4.8.4/../../../../arm-none-eabi/lib/armv6-m/crt0.o (memset)
/opt/Freescale/KDS_v3/toolchain/bin/../lib/gcc/arm-none-eabi/4.8.4/../../../../arm-none-eabi/lib/armv6-m/libnosys.a(_exit.o)
                              /opt/Freescale/KDS_v3/toolchain/bin/../lib/gcc/arm-none-eabi/4.8.4/../../../../arm-none-eabi/lib/armv6-m/libg_s.a(lib_a-exit.o) (_exit)

Allocating common symbols
Common symbol       size              file

SR_reg              0x1               ./Generated_Code/Cpu.o

Discarded input sections

 .text          0x00000000        0x0 /opt/Freescale/KDS_v3/toolchain/bin/../lib/gcc/arm-none-eabi/4.8.4/armv6-m/crti.o
 .data          0x00000000        0x0 /opt/Freescale/KDS_v3/toolchain/bin/../lib/gcc/arm-none-eabi/4.8.4/armv6-m/crti.o
 .bss           0x00000000        0x0 /opt/Freescale/KDS_v3/toolchain/bin/../lib/gcc/arm-none-eabi/4.8.4/armv6-m/crti.o
 .data          0x00000000        0x4 /opt/Freescale/KDS_v3/toolchain/bin/../lib/gcc/arm-none-eabi/4.8.4/armv6-m/crtbegin.o
 .data          0x00000000        0x0 /opt/Freescale/KDS_v3/toolchain/bin/../lib/gcc/arm-none-eabi/4.8.4/../../../../arm-none-eabi/lib/armv6-m/crt0.o
 .bss           0x00000000        0x0 /opt/Freescale/KDS_v3/toolchain/bin/../lib/gcc/arm-none-eabi/4.8.4/../../../../arm-none-eabi/lib/armv6-m/crt0.o
 .ARM.extab     0x00000000        0x0 /opt/Freescale/KDS_v3/toolchain/bin/../lib/gcc/arm-none-eabi/4.8.4/../../../../arm-none-eabi/lib/armv6-m/crt0.o
 .group         0x00000000        0x8 ./Sources/Events.o
 .group         0x00000000        0x8 ./Sources/Events.o
 .group         0x00000000        0x8 ./Sources/Events.o
 .group         0x00000000        0x8 ./Sources/Events.o
 .group         0x00000000        0x8 ./Sources/Events.o
 .group         0x00000000        0x8 ./Sources/Events.o
 .group         0x00000000        0x8 ./Sources/Events.o
 .group         0x00000000        0x8 ./Sources/Events.o
 .group         0x00000000        0x8 ./Sources/Events.o
 .group         0x00000000        0x8 ./Sources/Events.o
 .group         0x00000000        0x8 ./Sources/Events.o
 .group         0x00000000        0x8 ./Sources/Events.o
 .group         0x00000000        0x8 ./Sources/Events.o
 .group         0x00000000        0x8 ./Sources/Events.o
 .group         0x00000000        0x8 ./Sources/Events.o
 .group         0x00000000        0x8 ./Sources/Events.o
 .group         0x00000000        0x8 ./Sources/Events.o
 .text          0x00000000        0x0 ./Sources/Events.o
 .data          0x00000000        0x0 ./Sources/Events.o
 .bss           0x00000000        0x0 ./Sources/Events.o
 .group         0x00000000        0x8 ./Sources/main.o
 .group         0x00000000        0x8 ./Sources/main.o
 .group         0x00000000        0x8 ./Sources/main.o
 .group         0x00000000        0x8 ./Sources/main.o
 .group         0x00000000        0x8 ./Sources/main.o
 .group         0x00000000        0x8 ./Sources/main.o
 .group         0x00000000        0x8 ./Sources/main.o
 .group         0x00000000        0x8 ./Sources/main.o
 .group         0x00000000        0x8 ./Sources/main.o
 .group         0x00000000        0x8 ./Sources/main.o
 .group         0x00000000        0x8 ./Sources/main.o
 .group         0x00000000        0x8 ./Sources/main.o
 .group         0x00000000        0x8 ./Sources/main.o
 .group         0x00000000        0x8 ./Sources/main.o
 .group         0x00000000        0x8 ./Sources/main.o
 .group         0x00000000        0x8 ./Sources/main.o
 .group         0x00000000        0x8 ./Sources/main.o
 .text          0x00000000        0x0 ./Sources/main.o
 .data          0x00000000        0x0 ./Sources/main.o
 .bss           0x00000000        0x0 ./Sources/main.o
 .debug_macro   0x00000000      0x802 ./Sources/main.o
 .debug_macro   0x00000000       0x16 ./Sources/main.o
 .debug_macro   0x00000000       0x44 ./Sources/main.o
 .debug_macro   0x00000000      0x209 ./Sources/main.o
 .debug_macro   0x00000000     0x1576 ./Sources/main.o
 .debug_macro   0x00000000      0x14e ./Sources/main.o
 .debug_macro   0x00000000       0x64 ./Sources/main.o
 .debug_macro   0x00000000     0x6691 ./Sources/main.o
 .debug_macro   0x00000000       0x94 ./Sources/main.o
 .debug_macro   0x00000000       0x94 ./Sources/main.o
 .debug_macro   0x00000000      0x1d6 ./Sources/main.o
 .debug_macro   0x00000000       0x89 ./Sources/main.o
 .debug_macro   0x00000000       0x46 ./Sources/main.o
 .debug_macro   0x00000000       0x32 ./Sources/main.o
 .debug_macro   0x00000000       0x22 ./Sources/main.o
 .debug_macro   0x00000000       0x22 ./Sources/main.o
 .debug_macro   0x00000000       0x30 ./Sources/main.o
 .group         0x00000000        0x8 ./Project_Settings/Startup_Code/startup.o
 .group         0x00000000        0x8 ./Project_Settings/Startup_Code/startup.o
 .group         0x00000000        0x8 ./Project_Settings/Startup_Code/startup.o
 .group         0x00000000        0x8 ./Project_Settings/Startup_Code/startup.o
 .group         0x00000000        0x8 ./Project_Settings/Startup_Code/startup.o
 .group         0x00000000        0x8 ./Project_Settings/Startup_Code/startup.o
 .group         0x00000000        0x8 ./Project_Settings/Startup_Code/startup.o
 .group         0x00000000        0x8 ./Project_Settings/Startup_Code/startup.o
 .group         0x00000000        0x8 ./Project_Settings/Startup_Code/startup.o
 .group         0x00000000        0x8 ./Project_Settings/Startup_Code/startup.o
 .group         0x00000000        0x8 ./Project_Settings/Startup_Code/startup.o
 .group         0x00000000        0x8 ./Project_Settings/Startup_Code/startup.o
 .group         0x00000000        0x8 ./Project_Settings/Startup_Code/startup.o
 .group         0x00000000        0x8 ./Project_Settings/Startup_Code/startup.o
 .group         0x00000000        0x8 ./Project_Settings/Startup_Code/startup.o
 .group         0x00000000        0x8 ./Project_Settings/Startup_Code/startup.o
 .group         0x00000000        0x8 ./Project_Settings/Startup_Code/startup.o
 .group         0x00000000        0x8 ./Project_Settings/Startup_Code/startup.o
 .group         0x00000000        0x8 ./Project_Settings/Startup_Code/startup.o
 .text          0x00000000        0x0 ./Project_Settings/Startup_Code/startup.o
 .data          0x00000000        0x0 ./Project_Settings/Startup_Code/startup.o
 .bss           0x00000000        0x0 ./Project_Settings/Startup_Code/startup.o
 .text.__init_hardware
                0x00000000        0x8 ./Project_Settings/Startup_Code/startup.o
 .text.__iar_program_start
                0x00000000        0xc ./Project_Settings/Startup_Code/startup.o
 .debug_macro   0x00000000      0x802 ./Project_Settings/Startup_Code/startup.o
 .debug_macro   0x00000000       0x16 ./Project_Settings/Startup_Code/startup.o
 .group         0x00000000        0x8 ./Generated_Code/Cpu.o
 .group         0x00000000        0x8 ./Generated_Code/Cpu.o
 .group         0x00000000        0x8 ./Generated_Code/Cpu.o
 .group         0x00000000        0x8 ./Generated_Code/Cpu.o
 .group         0x00000000        0x8 ./Generated_Code/Cpu.o
 .group         0x00000000        0x8 ./Generated_Code/Cpu.o
 .group         0x00000000        0x8 ./Generated_Code/Cpu.o
 .group         0x00000000        0x8 ./Generated_Code/Cpu.o
 .group         0x00000000        0x8 ./Generated_Code/Cpu.o
 .group         0x00000000        0x8 ./Generated_Code/Cpu.o
 .group         0x00000000        0x8 ./Generated_Code/Cpu.o
 .group         0x00000000        0x8 ./Generated_Code/Cpu.o
 .group         0x00000000        0x8 ./Generated_Code/Cpu.o
 .group         0x00000000        0x8 ./Generated_Code/Cpu.o
 .group         0x00000000        0x8 ./Generated_Code/Cpu.o
 .group         0x00000000        0x8 ./Generated_Code/Cpu.o
 .group         0x00000000        0x8 ./Generated_Code/Cpu.o
 .text          0x00000000        0x0 ./Generated_Code/Cpu.o
 .data          0x00000000        0x0 ./Generated_Code/Cpu.o
 .bss           0x00000000        0x0 ./Generated_Code/Cpu.o
 .bss.SR_lock   0x00000000        0x1 ./Generated_Code/Cpu.o
 .debug_macro   0x00000000      0x802 ./Generated_Code/Cpu.o
 .debug_macro   0x00000000       0x16 ./Generated_Code/Cpu.o
 .debug_macro   0x00000000       0x44 ./Generated_Code/Cpu.o
 .debug_macro   0x00000000      0x209 ./Generated_Code/Cpu.o
 .debug_macro   0x00000000     0x1576 ./Generated_Code/Cpu.o
 .debug_macro   0x00000000      0x14e ./Generated_Code/Cpu.o
 .debug_macro   0x00000000       0x64 ./Generated_Code/Cpu.o
 .debug_macro   0x00000000     0x6691 ./Generated_Code/Cpu.o
 .debug_macro   0x00000000       0x94 ./Generated_Code/Cpu.o
 .debug_macro   0x00000000      0x1d6 ./Generated_Code/Cpu.o
 .debug_macro   0x00000000       0x89 ./Generated_Code/Cpu.o
 .debug_macro   0x00000000       0x46 ./Generated_Code/Cpu.o
 .debug_macro   0x00000000       0x32 ./Generated_Code/Cpu.o
 .debug_macro   0x00000000       0x22 ./Generated_Code/Cpu.o
 .debug_macro   0x00000000       0x22 ./Generated_Code/Cpu.o
 .debug_macro   0x00000000       0x30 ./Generated_Code/Cpu.o
 COMMON         0x00000000        0x1 ./Generated_Code/Cpu.o
 .group         0x00000000        0x8 ./Generated_Code/KSDK1.o
 .group         0x00000000        0x8 ./Generated_Code/KSDK1.o
 .group         0x00000000        0x8 ./Generated_Code/KSDK1.o
 .group         0x00000000        0x8 ./Generated_Code/KSDK1.o
 .group         0x00000000        0x8 ./Generated_Code/KSDK1.o
 .group         0x00000000        0x8 ./Generated_Code/KSDK1.o
 .group         0x00000000        0x8 ./Generated_Code/KSDK1.o
 .group         0x00000000        0x8 ./Generated_Code/KSDK1.o
 .group         0x00000000        0x8 ./Generated_Code/KSDK1.o
 .group         0x00000000        0x8 ./Generated_Code/KSDK1.o
 .group         0x00000000        0x8 ./Generated_Code/KSDK1.o
 .text          0x00000000        0x0 ./Generated_Code/KSDK1.o
 .data          0x00000000        0x0 ./Generated_Code/KSDK1.o
 .bss           0x00000000        0x0 ./Generated_Code/KSDK1.o
 .debug_info    0x00000000       0x84 ./Generated_Code/KSDK1.o
 .debug_abbrev  0x00000000       0x29 ./Generated_Code/KSDK1.o
 .debug_aranges
                0x00000000       0x18 ./Generated_Code/KSDK1.o
 .debug_macro   0x00000000       0x8b ./Generated_Code/KSDK1.o
 .debug_macro   0x00000000      0x802 ./Generated_Code/KSDK1.o
 .debug_macro   0x00000000       0x22 ./Generated_Code/KSDK1.o
 .debug_macro   0x00000000       0x16 ./Generated_Code/KSDK1.o
 .debug_macro   0x00000000       0x44 ./Generated_Code/KSDK1.o
 .debug_macro   0x00000000      0x209 ./Generated_Code/KSDK1.o
 .debug_macro   0x00000000       0x22 ./Generated_Code/KSDK1.o
 .debug_macro   0x00000000     0x157c ./Generated_Code/KSDK1.o
 .debug_macro   0x00000000      0x14e ./Generated_Code/KSDK1.o
 .debug_macro   0x00000000       0x64 ./Generated_Code/KSDK1.o
 .debug_macro   0x00000000     0x6691 ./Generated_Code/KSDK1.o
 .debug_macro   0x00000000       0x9a ./Generated_Code/KSDK1.o
 .debug_line    0x00000000      0x20d ./Generated_Code/KSDK1.o
 .debug_str     0x00000000    0x2bb69 ./Generated_Code/KSDK1.o
 .comment       0x00000000       0x71 ./Generated_Code/KSDK1.o
 .ARM.attributes
                0x00000000       0x32 ./Generated_Code/KSDK1.o
 .group         0x00000000        0x8 ./Generated_Code/PE_LDD.o
 .group         0x00000000        0x8 ./Generated_Code/PE_LDD.o
 .group         0x00000000        0x8 ./Generated_Code/PE_LDD.o
 .group         0x00000000        0x8 ./Generated_Code/PE_LDD.o
 .group         0x00000000        0x8 ./Generated_Code/PE_LDD.o
 .group         0x00000000        0x8 ./Generated_Code/PE_LDD.o
 .group         0x00000000        0x8 ./Generated_Code/PE_LDD.o
 .group         0x00000000        0x8 ./Generated_Code/PE_LDD.o
 .group         0x00000000        0x8 ./Generated_Code/PE_LDD.o
 .group         0x00000000        0x8 ./Generated_Code/PE_LDD.o
 .group         0x00000000        0x8 ./Generated_Code/PE_LDD.o
 .group         0x00000000        0x8 ./Generated_Code/PE_LDD.o
 .group         0x00000000        0x8 ./Generated_Code/PE_LDD.o
 .group         0x00000000        0x8 ./Generated_Code/PE_LDD.o
 .group         0x00000000        0x8 ./Generated_Code/PE_LDD.o
 .group         0x00000000        0x8 ./Generated_Code/PE_LDD.o
 .group         0x00000000        0x8 ./Generated_Code/PE_LDD.o
 .text          0x00000000        0x0 ./Generated_Code/PE_LDD.o
 .data          0x00000000        0x0 ./Generated_Code/PE_LDD.o
 .bss           0x00000000        0x0 ./Generated_Code/PE_LDD.o
 .rodata.PE_CpuClockConfigurations
                0x00000000       0x28 ./Generated_Code/PE_LDD.o
 .text.PE_FillMemory
                0x00000000       0x24 ./Generated_Code/PE_LDD.o
 .text.PE_PeripheralUsed
                0x00000000       0x38 ./Generated_Code/PE_LDD.o
 .text.LDD_SetClockConfiguration
                0x00000000       0x14 ./Generated_Code/PE_LDD.o
 .debug_macro   0x00000000      0x802 ./Generated_Code/PE_LDD.o
 .debug_macro   0x00000000       0x16 ./Generated_Code/PE_LDD.o
 .debug_macro   0x00000000       0x44 ./Generated_Code/PE_LDD.o
 .debug_macro   0x00000000      0x209 ./Generated_Code/PE_LDD.o
 .debug_macro   0x00000000     0x1576 ./Generated_Code/PE_LDD.o
 .debug_macro   0x00000000      0x14e ./Generated_Code/PE_LDD.o
 .debug_macro   0x00000000       0x64 ./Generated_Code/PE_LDD.o
 .debug_macro   0x00000000     0x6691 ./Generated_Code/PE_LDD.o
 .debug_macro   0x00000000       0x94 ./Generated_Code/PE_LDD.o
 .debug_macro   0x00000000      0x1d6 ./Generated_Code/PE_LDD.o
 .debug_macro   0x00000000       0x9a ./Generated_Code/PE_LDD.o
 .debug_macro   0x00000000       0x89 ./Generated_Code/PE_LDD.o
 .debug_macro   0x00000000       0x46 ./Generated_Code/PE_LDD.o
 .debug_macro   0x00000000       0x32 ./Generated_Code/PE_LDD.o
 .debug_macro   0x00000000       0x22 ./Generated_Code/PE_LDD.o
 .debug_macro   0x00000000       0x22 ./Generated_Code/PE_LDD.o
 .debug_macro   0x00000000       0x30 ./Generated_Code/PE_LDD.o
 .group         0x00000000        0x8 ./Generated_Code/Pwm1.o
 .group         0x00000000        0x8 ./Generated_Code/Pwm1.o
 .group         0x00000000        0x8 ./Generated_Code/Pwm1.o
 .group         0x00000000        0x8 ./Generated_Code/Pwm1.o
 .group         0x00000000        0x8 ./Generated_Code/Pwm1.o
 .group         0x00000000        0x8 ./Generated_Code/Pwm1.o
 .group         0x00000000        0x8 ./Generated_Code/Pwm1.o
 .group         0x00000000        0x8 ./Generated_Code/Pwm1.o
 .group         0x00000000        0x8 ./Generated_Code/Pwm1.o
 .group         0x00000000        0x8 ./Generated_Code/Pwm1.o
 .group         0x00000000        0x8 ./Generated_Code/Pwm1.o
 .group         0x00000000        0x8 ./Generated_Code/Pwm1.o
 .group         0x00000000        0x8 ./Generated_Code/Pwm1.o
 .group         0x00000000        0x8 ./Generated_Code/Pwm1.o
 .text          0x00000000        0x0 ./Generated_Code/Pwm1.o
 .data          0x00000000        0x0 ./Generated_Code/Pwm1.o
 .bss           0x00000000        0x0 ./Generated_Code/Pwm1.o
 .debug_info    0x00000000       0x7d ./Generated_Code/Pwm1.o
 .debug_abbrev  0x00000000       0x29 ./Generated_Code/Pwm1.o
 .debug_aranges
                0x00000000       0x18 ./Generated_Code/Pwm1.o
 .debug_macro   0x00000000       0xc4 ./Generated_Code/Pwm1.o
 .debug_macro   0x00000000      0x802 ./Generated_Code/Pwm1.o
 .debug_macro   0x00000000       0x16 ./Generated_Code/Pwm1.o
 .debug_macro   0x00000000       0x44 ./Generated_Code/Pwm1.o
 .debug_macro   0x00000000      0x209 ./Generated_Code/Pwm1.o
 .debug_macro   0x00000000     0x1576 ./Generated_Code/Pwm1.o
 .debug_macro   0x00000000      0x14e ./Generated_Code/Pwm1.o
 .debug_macro   0x00000000       0x64 ./Generated_Code/Pwm1.o
 .debug_macro   0x00000000     0x6691 ./Generated_Code/Pwm1.o
 .debug_macro   0x00000000       0x94 ./Generated_Code/Pwm1.o
 .debug_macro   0x00000000      0x1d6 ./Generated_Code/Pwm1.o
 .debug_macro   0x00000000       0x9a ./Generated_Code/Pwm1.o
 .debug_macro   0x00000000       0x89 ./Generated_Code/Pwm1.o
 .debug_macro   0x00000000       0x46 ./Generated_Code/Pwm1.o
 .debug_macro   0x00000000       0x32 ./Generated_Code/Pwm1.o
 .debug_line    0x00000000      0x27d ./Generated_Code/Pwm1.o
 .debug_str     0x00000000    0x2df88 ./Generated_Code/Pwm1.o
 .comment       0x00000000       0x71 ./Generated_Code/Pwm1.o
 .ARM.attributes
                0x00000000       0x32 ./Generated_Code/Pwm1.o
 .group         0x00000000        0x8 ./Generated_Code/PwmLdd1.o
 .group         0x00000000        0x8 ./Generated_Code/PwmLdd1.o
 .group         0x00000000        0x8 ./Generated_Code/PwmLdd1.o
 .group         0x00000000        0x8 ./Generated_Code/PwmLdd1.o
 .group         0x00000000        0x8 ./Generated_Code/PwmLdd1.o
 .group         0x00000000        0x8 ./Generated_Code/PwmLdd1.o
 .group         0x00000000        0x8 ./Generated_Code/PwmLdd1.o
 .group         0x00000000        0x8 ./Generated_Code/PwmLdd1.o
 .group         0x00000000        0x8 ./Generated_Code/PwmLdd1.o
 .group         0x00000000        0x8 ./Generated_Code/PwmLdd1.o
 .group         0x00000000        0x8 ./Generated_Code/PwmLdd1.o
 .group         0x00000000        0x8 ./Generated_Code/PwmLdd1.o
 .group         0x00000000        0x8 ./Generated_Code/PwmLdd1.o
 .text          0x00000000        0x0 ./Generated_Code/PwmLdd1.o
 .data          0x00000000        0x0 ./Generated_Code/PwmLdd1.o
 .bss           0x00000000        0x0 ./Generated_Code/PwmLdd1.o
 .text.PwmLdd1_Enable
                0x00000000       0x30 ./Generated_Code/PwmLdd1.o
 .text.PwmLdd1_Disable
                0x00000000       0x38 ./Generated_Code/PwmLdd1.o
 .text.PwmLdd1_SetRatio16
                0x00000000       0x2c ./Generated_Code/PwmLdd1.o
 .text.PwmLdd1_SetDutyMS
                0x00000000       0x78 ./Generated_Code/PwmLdd1.o
 .debug_macro   0x00000000      0x802 ./Generated_Code/PwmLdd1.o
 .debug_macro   0x00000000       0x16 ./Generated_Code/PwmLdd1.o
 .debug_macro   0x00000000       0x44 ./Generated_Code/PwmLdd1.o
 .debug_macro   0x00000000      0x209 ./Generated_Code/PwmLdd1.o
 .debug_macro   0x00000000     0x1576 ./Generated_Code/PwmLdd1.o
 .debug_macro   0x00000000      0x14e ./Generated_Code/PwmLdd1.o
 .debug_macro   0x00000000       0x64 ./Generated_Code/PwmLdd1.o
 .debug_macro   0x00000000     0x6691 ./Generated_Code/PwmLdd1.o
 .debug_macro   0x00000000       0x94 ./Generated_Code/PwmLdd1.o
 .debug_macro   0x00000000      0x1d6 ./Generated_Code/PwmLdd1.o
 .debug_macro   0x00000000       0x9a ./Generated_Code/PwmLdd1.o
 .debug_macro   0x00000000       0x89 ./Generated_Code/PwmLdd1.o
 .debug_macro   0x00000000       0x46 ./Generated_Code/PwmLdd1.o
 .group         0x00000000        0x8 ./Generated_Code/SERVO1.o
 .group         0x00000000        0x8 ./Generated_Code/SERVO1.o
 .group         0x00000000        0x8 ./Generated_Code/SERVO1.o
 .group         0x00000000        0x8 ./Generated_Code/SERVO1.o
 .group         0x00000000        0x8 ./Generated_Code/SERVO1.o
 .group         0x00000000        0x8 ./Generated_Code/SERVO1.o
 .group         0x00000000        0x8 ./Generated_Code/SERVO1.o
 .group         0x00000000        0x8 ./Generated_Code/SERVO1.o
 .group         0x00000000        0x8 ./Generated_Code/SERVO1.o
 .group         0x00000000        0x8 ./Generated_Code/SERVO1.o
 .group         0x00000000        0x8 ./Generated_Code/SERVO1.o
 .group         0x00000000        0x8 ./Generated_Code/SERVO1.o
 .group         0x00000000        0x8 ./Generated_Code/SERVO1.o
 .group         0x00000000        0x8 ./Generated_Code/SERVO1.o
 .text          0x00000000        0x0 ./Generated_Code/SERVO1.o
 .data          0x00000000        0x0 ./Generated_Code/SERVO1.o
 .bss           0x00000000        0x0 ./Generated_Code/SERVO1.o
 .text.SERVO1_PWMusToPos8
                0x00000000       0x84 ./Generated_Code/SERVO1.o
 .debug_macro   0x00000000      0x802 ./Generated_Code/SERVO1.o
 .debug_macro   0x00000000       0x16 ./Generated_Code/SERVO1.o
 .debug_macro   0x00000000       0x44 ./Generated_Code/SERVO1.o
 .debug_macro   0x00000000      0x209 ./Generated_Code/SERVO1.o
 .debug_macro   0x00000000     0x1576 ./Generated_Code/SERVO1.o
 .debug_macro   0x00000000      0x14e ./Generated_Code/SERVO1.o
 .debug_macro   0x00000000       0x64 ./Generated_Code/SERVO1.o
 .debug_macro   0x00000000     0x6691 ./Generated_Code/SERVO1.o
 .debug_macro   0x00000000       0x94 ./Generated_Code/SERVO1.o
 .debug_macro   0x00000000      0x1d6 ./Generated_Code/SERVO1.o
 .debug_macro   0x00000000       0x9a ./Generated_Code/SERVO1.o
 .debug_macro   0x00000000       0x89 ./Generated_Code/SERVO1.o
 .debug_macro   0x00000000       0x46 ./Generated_Code/SERVO1.o
 .debug_macro   0x00000000       0x32 ./Generated_Code/SERVO1.o
 .group         0x00000000        0x8 ./Generated_Code/SERVO1_TimerUnit.o
 .group         0x00000000        0x8 ./Generated_Code/SERVO1_TimerUnit.o
 .group         0x00000000        0x8 ./Generated_Code/SERVO1_TimerUnit.o
 .group         0x00000000        0x8 ./Generated_Code/SERVO1_TimerUnit.o
 .group         0x00000000        0x8 ./Generated_Code/SERVO1_TimerUnit.o
 .group         0x00000000        0x8 ./Generated_Code/SERVO1_TimerUnit.o
 .group         0x00000000        0x8 ./Generated_Code/SERVO1_TimerUnit.o
 .group         0x00000000        0x8 ./Generated_Code/SERVO1_TimerUnit.o
 .group         0x00000000        0x8 ./Generated_Code/SERVO1_TimerUnit.o
 .group         0x00000000        0x8 ./Generated_Code/SERVO1_TimerUnit.o
 .group         0x00000000        0x8 ./Generated_Code/SERVO1_TimerUnit.o
 .group         0x00000000        0x8 ./Generated_Code/SERVO1_TimerUnit.o
 .text          0x00000000        0x0 ./Generated_Code/SERVO1_TimerUnit.o
 .data          0x00000000        0x0 ./Generated_Code/SERVO1_TimerUnit.o
 .bss           0x00000000        0x0 ./Generated_Code/SERVO1_TimerUnit.o
 .rodata.ChannelDevice
                0x00000000        0x4 ./Generated_Code/SERVO1_TimerUnit.o
 .rodata.ChannelMode
                0x00000000        0x4 ./Generated_Code/SERVO1_TimerUnit.o
 .text.SERVO1_TimerUnit_Enable
                0x00000000       0x30 ./Generated_Code/SERVO1_TimerUnit.o
 .text.SERVO1_TimerUnit_Disable
                0x00000000       0x24 ./Generated_Code/SERVO1_TimerUnit.o
 .text.SERVO1_TimerUnit_ResetCounter
                0x00000000       0x1c ./Generated_Code/SERVO1_TimerUnit.o
 .text.SERVO1_TimerUnit_GetCounterValue
                0x00000000       0x1c ./Generated_Code/SERVO1_TimerUnit.o
 .text.SERVO1_TimerUnit_GetOffsetTicks
                0x00000000       0x4c ./Generated_Code/SERVO1_TimerUnit.o
 .text.SERVO1_TimerUnit_SelectOutputAction
                0x00000000      0x1d0 ./Generated_Code/SERVO1_TimerUnit.o
 .debug_macro   0x00000000      0x802 ./Generated_Code/SERVO1_TimerUnit.o
 .debug_macro   0x00000000       0x16 ./Generated_Code/SERVO1_TimerUnit.o
 .debug_macro   0x00000000       0x44 ./Generated_Code/SERVO1_TimerUnit.o
 .debug_macro   0x00000000      0x209 ./Generated_Code/SERVO1_TimerUnit.o
 .debug_macro   0x00000000     0x1576 ./Generated_Code/SERVO1_TimerUnit.o
 .debug_macro   0x00000000      0x14e ./Generated_Code/SERVO1_TimerUnit.o
 .debug_macro   0x00000000       0x64 ./Generated_Code/SERVO1_TimerUnit.o
 .debug_macro   0x00000000     0x6691 ./Generated_Code/SERVO1_TimerUnit.o
 .debug_macro   0x00000000       0x94 ./Generated_Code/SERVO1_TimerUnit.o
 .debug_macro   0x00000000      0x1d6 ./Generated_Code/SERVO1_TimerUnit.o
 .debug_macro   0x00000000       0x9a ./Generated_Code/SERVO1_TimerUnit.o
 .debug_macro   0x00000000       0x89 ./Generated_Code/SERVO1_TimerUnit.o
 .group         0x00000000        0x8 ./Generated_Code/Vectors.o
 .group         0x00000000        0x8 ./Generated_Code/Vectors.o
 .group         0x00000000        0x8 ./Generated_Code/Vectors.o
 .group         0x00000000        0x8 ./Generated_Code/Vectors.o
 .group         0x00000000        0x8 ./Generated_Code/Vectors.o
 .group         0x00000000        0x8 ./Generated_Code/Vectors.o
 .group         0x00000000        0x8 ./Generated_Code/Vectors.o
 .group         0x00000000        0x8 ./Generated_Code/Vectors.o
 .group         0x00000000        0x8 ./Generated_Code/Vectors.o
 .group         0x00000000        0x8 ./Generated_Code/Vectors.o
 .group         0x00000000        0x8 ./Generated_Code/Vectors.o
 .group         0x00000000        0x8 ./Generated_Code/Vectors.o
 .group         0x00000000        0x8 ./Generated_Code/Vectors.o
 .group         0x00000000        0x8 ./Generated_Code/Vectors.o
 .group         0x00000000        0x8 ./Generated_Code/Vectors.o
 .group         0x00000000        0x8 ./Generated_Code/Vectors.o
 .group         0x00000000        0x8 ./Generated_Code/Vectors.o
 .text          0x00000000        0x0 ./Generated_Code/Vectors.o
 .data          0x00000000        0x0 ./Generated_Code/Vectors.o
 .bss           0x00000000        0x0 ./Generated_Code/Vectors.o
 .debug_macro   0x00000000      0x802 ./Generated_Code/Vectors.o
 .debug_macro   0x00000000       0x16 ./Generated_Code/Vectors.o
 .debug_macro   0x00000000       0x44 ./Generated_Code/Vectors.o
 .debug_macro   0x00000000      0x209 ./Generated_Code/Vectors.o
 .debug_macro   0x00000000     0x1576 ./Generated_Code/Vectors.o
 .debug_macro   0x00000000      0x14e ./Generated_Code/Vectors.o
 .debug_macro   0x00000000       0x64 ./Generated_Code/Vectors.o
 .debug_macro   0x00000000     0x6691 ./Generated_Code/Vectors.o
 .debug_macro   0x00000000       0x94 ./Generated_Code/Vectors.o
 .debug_macro   0x00000000       0x94 ./Generated_Code/Vectors.o
 .debug_macro   0x00000000      0x1d6 ./Generated_Code/Vectors.o
 .debug_macro   0x00000000       0x89 ./Generated_Code/Vectors.o
 .debug_macro   0x00000000       0x46 ./Generated_Code/Vectors.o
 .debug_macro   0x00000000       0x32 ./Generated_Code/Vectors.o
 .debug_macro   0x00000000       0x22 ./Generated_Code/Vectors.o
 .debug_macro   0x00000000       0x22 ./Generated_Code/Vectors.o
 .debug_macro   0x00000000       0x30 ./Generated_Code/Vectors.o
 .group         0x00000000        0x8 ./Generated_Code/WAIT1.o
 .group         0x00000000        0x8 ./Generated_Code/WAIT1.o
 .group         0x00000000        0x8 ./Generated_Code/WAIT1.o
 .group         0x00000000        0x8 ./Generated_Code/WAIT1.o
 .group         0x00000000        0x8 ./Generated_Code/WAIT1.o
 .group         0x00000000        0x8 ./Generated_Code/WAIT1.o
 .group         0x00000000        0x8 ./Generated_Code/WAIT1.o
 .group         0x00000000        0x8 ./Generated_Code/WAIT1.o
 .group         0x00000000        0x8 ./Generated_Code/WAIT1.o
 .group         0x00000000        0x8 ./Generated_Code/WAIT1.o
 .group         0x00000000        0x8 ./Generated_Code/WAIT1.o
 .group         0x00000000        0x8 ./Generated_Code/WAIT1.o
 .text          0x00000000        0x0 ./Generated_Code/WAIT1.o
 .data          0x00000000        0x0 ./Generated_Code/WAIT1.o
 .bss           0x00000000        0x0 ./Generated_Code/WAIT1.o
 .debug_macro   0x00000000      0x802 ./Generated_Code/WAIT1.o
 .debug_macro   0x00000000       0x22 ./Generated_Code/WAIT1.o
 .debug_macro   0x00000000       0x16 ./Generated_Code/WAIT1.o
 .debug_macro   0x00000000       0x44 ./Generated_Code/WAIT1.o
 .debug_macro   0x00000000      0x209 ./Generated_Code/WAIT1.o
 .debug_macro   0x00000000       0x22 ./Generated_Code/WAIT1.o
 .debug_macro   0x00000000     0x157c ./Generated_Code/WAIT1.o
 .debug_macro   0x00000000      0x14e ./Generated_Code/WAIT1.o
 .debug_macro   0x00000000       0x64 ./Generated_Code/WAIT1.o
 .debug_macro   0x00000000     0x6691 ./Generated_Code/WAIT1.o
 .debug_macro   0x00000000       0x9a ./Generated_Code/WAIT1.o
 .debug_macro   0x00000000       0x30 ./Generated_Code/WAIT1.o
 .data          0x00000000        0x0 /opt/Freescale/KDS_v3/toolchain/bin/../lib/gcc/arm-none-eabi/4.8.4/armv6-m/libgcc.a(_udivsi3.o)
 .bss           0x00000000        0x0 /opt/Freescale/KDS_v3/toolchain/bin/../lib/gcc/arm-none-eabi/4.8.4/armv6-m/libgcc.a(_udivsi3.o)
 .data          0x00000000        0x0 /opt/Freescale/KDS_v3/toolchain/bin/../lib/gcc/arm-none-eabi/4.8.4/armv6-m/libgcc.a(_dvmd_tls.o)
 .bss           0x00000000        0x0 /opt/Freescale/KDS_v3/toolchain/bin/../lib/gcc/arm-none-eabi/4.8.4/armv6-m/libgcc.a(_dvmd_tls.o)
 .data          0x00000000        0x0 /opt/Freescale/KDS_v3/toolchain/bin/../lib/gcc/arm-none-eabi/4.8.4/armv6-m/libgcc.a(_arm_cmpsf2.o)
 .bss           0x00000000        0x0 /opt/Freescale/KDS_v3/toolchain/bin/../lib/gcc/arm-none-eabi/4.8.4/armv6-m/libgcc.a(_arm_cmpsf2.o)
 .data          0x00000000        0x0 /opt/Freescale/KDS_v3/toolchain/bin/../lib/gcc/arm-none-eabi/4.8.4/armv6-m/libgcc.a(_fixunssfsi.o)
 .bss           0x00000000        0x0 /opt/Freescale/KDS_v3/toolchain/bin/../lib/gcc/arm-none-eabi/4.8.4/armv6-m/libgcc.a(_fixunssfsi.o)
 .data          0x00000000        0x0 /opt/Freescale/KDS_v3/toolchain/bin/../lib/gcc/arm-none-eabi/4.8.4/armv6-m/libgcc.a(eqsf2.o)
 .bss           0x00000000        0x0 /opt/Freescale/KDS_v3/toolchain/bin/../lib/gcc/arm-none-eabi/4.8.4/armv6-m/libgcc.a(eqsf2.o)
 .data          0x00000000        0x0 /opt/Freescale/KDS_v3/toolchain/bin/../lib/gcc/arm-none-eabi/4.8.4/armv6-m/libgcc.a(gesf2.o)
 .bss           0x00000000        0x0 /opt/Freescale/KDS_v3/toolchain/bin/../lib/gcc/arm-none-eabi/4.8.4/armv6-m/libgcc.a(gesf2.o)
 .data          0x00000000        0x0 /opt/Freescale/KDS_v3/toolchain/bin/../lib/gcc/arm-none-eabi/4.8.4/armv6-m/libgcc.a(lesf2.o)
 .bss           0x00000000        0x0 /opt/Freescale/KDS_v3/toolchain/bin/../lib/gcc/arm-none-eabi/4.8.4/armv6-m/libgcc.a(lesf2.o)
 .data          0x00000000        0x0 /opt/Freescale/KDS_v3/toolchain/bin/../lib/gcc/arm-none-eabi/4.8.4/armv6-m/libgcc.a(mulsf3.o)
 .bss           0x00000000        0x0 /opt/Freescale/KDS_v3/toolchain/bin/../lib/gcc/arm-none-eabi/4.8.4/armv6-m/libgcc.a(mulsf3.o)
 .data          0x00000000        0x0 /opt/Freescale/KDS_v3/toolchain/bin/../lib/gcc/arm-none-eabi/4.8.4/armv6-m/libgcc.a(subsf3.o)
 .bss           0x00000000        0x0 /opt/Freescale/KDS_v3/toolchain/bin/../lib/gcc/arm-none-eabi/4.8.4/armv6-m/libgcc.a(subsf3.o)
 .data          0x00000000        0x0 /opt/Freescale/KDS_v3/toolchain/bin/../lib/gcc/arm-none-eabi/4.8.4/armv6-m/libgcc.a(fixsfsi.o)
 .bss           0x00000000        0x0 /opt/Freescale/KDS_v3/toolchain/bin/../lib/gcc/arm-none-eabi/4.8.4/armv6-m/libgcc.a(fixsfsi.o)
 .data          0x00000000        0x0 /opt/Freescale/KDS_v3/toolchain/bin/../lib/gcc/arm-none-eabi/4.8.4/armv6-m/libgcc.a(floatsisf.o)
 .bss           0x00000000        0x0 /opt/Freescale/KDS_v3/toolchain/bin/../lib/gcc/arm-none-eabi/4.8.4/armv6-m/libgcc.a(floatsisf.o)
 .data          0x00000000        0x0 /opt/Freescale/KDS_v3/toolchain/bin/../lib/gcc/arm-none-eabi/4.8.4/armv6-m/libgcc.a(_clzsi2.o)
 .bss           0x00000000        0x0 /opt/Freescale/KDS_v3/toolchain/bin/../lib/gcc/arm-none-eabi/4.8.4/armv6-m/libgcc.a(_clzsi2.o)
 .text          0x00000000        0x0 /opt/Freescale/KDS_v3/toolchain/bin/../lib/gcc/arm-none-eabi/4.8.4/../../../../arm-none-eabi/lib/armv6-m/libg_s.a(lib_a-exit.o)
 .data          0x00000000        0x0 /opt/Freescale/KDS_v3/toolchain/bin/../lib/gcc/arm-none-eabi/4.8.4/../../../../arm-none-eabi/lib/armv6-m/libg_s.a(lib_a-exit.o)
 .bss           0x00000000        0x0 /opt/Freescale/KDS_v3/toolchain/bin/../lib/gcc/arm-none-eabi/4.8.4/../../../../arm-none-eabi/lib/armv6-m/libg_s.a(lib_a-exit.o)
 .text          0x00000000        0x0 /opt/Freescale/KDS_v3/toolchain/bin/../lib/gcc/arm-none-eabi/4.8.4/../../../../arm-none-eabi/lib/armv6-m/libg_s.a(lib_a-impure.o)
 .data          0x00000000        0x0 /opt/Freescale/KDS_v3/toolchain/bin/../lib/gcc/arm-none-eabi/4.8.4/../../../../arm-none-eabi/lib/armv6-m/libg_s.a(lib_a-impure.o)
 .bss           0x00000000        0x0 /opt/Freescale/KDS_v3/toolchain/bin/../lib/gcc/arm-none-eabi/4.8.4/../../../../arm-none-eabi/lib/armv6-m/libg_s.a(lib_a-impure.o)
 .data._impure_ptr
                0x00000000        0x4 /opt/Freescale/KDS_v3/toolchain/bin/../lib/gcc/arm-none-eabi/4.8.4/../../../../arm-none-eabi/lib/armv6-m/libg_s.a(lib_a-impure.o)
 .text          0x00000000        0x0 /opt/Freescale/KDS_v3/toolchain/bin/../lib/gcc/arm-none-eabi/4.8.4/../../../../arm-none-eabi/lib/armv6-m/libg_s.a(lib_a-init.o)
 .data          0x00000000        0x0 /opt/Freescale/KDS_v3/toolchain/bin/../lib/gcc/arm-none-eabi/4.8.4/../../../../arm-none-eabi/lib/armv6-m/libg_s.a(lib_a-init.o)
 .bss           0x00000000        0x0 /opt/Freescale/KDS_v3/toolchain/bin/../lib/gcc/arm-none-eabi/4.8.4/../../../../arm-none-eabi/lib/armv6-m/libg_s.a(lib_a-init.o)
 .text          0x00000000        0x0 /opt/Freescale/KDS_v3/toolchain/bin/../lib/gcc/arm-none-eabi/4.8.4/../../../../arm-none-eabi/lib/armv6-m/libg_s.a(lib_a-memset.o)
 .data          0x00000000        0x0 /opt/Freescale/KDS_v3/toolchain/bin/../lib/gcc/arm-none-eabi/4.8.4/../../../../arm-none-eabi/lib/armv6-m/libg_s.a(lib_a-memset.o)
 .bss           0x00000000        0x0 /opt/Freescale/KDS_v3/toolchain/bin/../lib/gcc/arm-none-eabi/4.8.4/../../../../arm-none-eabi/lib/armv6-m/libg_s.a(lib_a-memset.o)
 .text          0x00000000        0x0 /opt/Freescale/KDS_v3/toolchain/bin/../lib/gcc/arm-none-eabi/4.8.4/../../../../arm-none-eabi/lib/armv6-m/libnosys.a(_exit.o)
 .data          0x00000000        0x0 /opt/Freescale/KDS_v3/toolchain/bin/../lib/gcc/arm-none-eabi/4.8.4/../../../../arm-none-eabi/lib/armv6-m/libnosys.a(_exit.o)
 .bss           0x00000000        0x0 /opt/Freescale/KDS_v3/toolchain/bin/../lib/gcc/arm-none-eabi/4.8.4/../../../../arm-none-eabi/lib/armv6-m/libnosys.a(_exit.o)
 .text          0x00000000        0x0 /opt/Freescale/KDS_v3/toolchain/bin/../lib/gcc/arm-none-eabi/4.8.4/armv6-m/crtend.o
 .data          0x00000000        0x0 /opt/Freescale/KDS_v3/toolchain/bin/../lib/gcc/arm-none-eabi/4.8.4/armv6-m/crtend.o
 .bss           0x00000000        0x0 /opt/Freescale/KDS_v3/toolchain/bin/../lib/gcc/arm-none-eabi/4.8.4/armv6-m/crtend.o
 .eh_frame      0x00000000        0x4 /opt/Freescale/KDS_v3/toolchain/bin/../lib/gcc/arm-none-eabi/4.8.4/armv6-m/crtend.o
 .jcr           0x00000000        0x4 /opt/Freescale/KDS_v3/toolchain/bin/../lib/gcc/arm-none-eabi/4.8.4/armv6-m/crtend.o
 .ARM.attributes
                0x00000000       0x2c /opt/Freescale/KDS_v3/toolchain/bin/../lib/gcc/arm-none-eabi/4.8.4/armv6-m/crtend.o
 .text          0x00000000        0x0 /opt/Freescale/KDS_v3/toolchain/bin/../lib/gcc/arm-none-eabi/4.8.4/armv6-m/crtn.o
 .data          0x00000000        0x0 /opt/Freescale/KDS_v3/toolchain/bin/../lib/gcc/arm-none-eabi/4.8.4/armv6-m/crtn.o
 .bss           0x00000000        0x0 /opt/Freescale/KDS_v3/toolchain/bin/../lib/gcc/arm-none-eabi/4.8.4/armv6-m/crtn.o

Memory Configuration

Name             Origin             Length             Attributes
m_interrupts     0x00000000         0x000000c0         xr
m_text           0x00000410         0x00007bf0         xr
m_data           0x1ffffc00         0x00001000         rw
m_cfmprotrom     0x00000400         0x00000010         xr
*default*        0x00000000         0xffffffff

Linker script and memory map

LOAD /opt/Freescale/KDS_v3/toolchain/bin/../lib/gcc/arm-none-eabi/4.8.4/armv6-m/crti.o
LOAD /opt/Freescale/KDS_v3/toolchain/bin/../lib/gcc/arm-none-eabi/4.8.4/armv6-m/crtbegin.o
LOAD /opt/Freescale/KDS_v3/toolchain/bin/../lib/gcc/arm-none-eabi/4.8.4/../../../../arm-none-eabi/lib/armv6-m/crt0.o
LOAD ./Sources/Events.o
LOAD ./Sources/main.o
LOAD ./Project_Settings/Startup_Code/startup.o
LOAD ./Generated_Code/Cpu.o
LOAD ./Generated_Code/KSDK1.o
LOAD ./Generated_Code/PE_LDD.o
LOAD ./Generated_Code/Pwm1.o
LOAD ./Generated_Code/PwmLdd1.o
LOAD ./Generated_Code/SERVO1.o
LOAD ./Generated_Code/SERVO1_TimerUnit.o
LOAD ./Generated_Code/Vectors.o
LOAD ./Generated_Code/WAIT1.o
LOAD /opt/Freescale/KDS_v3/toolchain/bin/../lib/gcc/arm-none-eabi/4.8.4/../../../../arm-none-eabi/lib/armv6-m/libstdc++_s.a
LOAD /opt/Freescale/KDS_v3/toolchain/bin/../lib/gcc/arm-none-eabi/4.8.4/../../../../arm-none-eabi/lib/armv6-m/libm.a
START GROUP
LOAD /opt/Freescale/KDS_v3/toolchain/bin/../lib/gcc/arm-none-eabi/4.8.4/armv6-m/libgcc.a
LOAD /opt/Freescale/KDS_v3/toolchain/bin/../lib/gcc/arm-none-eabi/4.8.4/../../../../arm-none-eabi/lib/armv6-m/libg_s.a
LOAD /opt/Freescale/KDS_v3/toolchain/bin/../lib/gcc/arm-none-eabi/4.8.4/../../../../arm-none-eabi/lib/armv6-m/libc_s.a
END GROUP
START GROUP
LOAD /opt/Freescale/KDS_v3/toolchain/bin/../lib/gcc/arm-none-eabi/4.8.4/armv6-m/libgcc.a
LOAD /opt/Freescale/KDS_v3/toolchain/bin/../lib/gcc/arm-none-eabi/4.8.4/../../../../arm-none-eabi/lib/armv6-m/libc_s.a
LOAD /opt/Freescale/KDS_v3/toolchain/bin/../lib/gcc/arm-none-eabi/4.8.4/../../../../arm-none-eabi/lib/armv6-m/libnosys.a
END GROUP
START GROUP
LOAD /opt/Freescale/KDS_v3/toolchain/bin/../lib/gcc/arm-none-eabi/4.8.4/armv6-m/libgcc.a
LOAD /opt/Freescale/KDS_v3/toolchain/bin/../lib/gcc/arm-none-eabi/4.8.4/../../../../arm-none-eabi/lib/armv6-m/libc_s.a
LOAD /opt/Freescale/KDS_v3/toolchain/bin/../lib/gcc/arm-none-eabi/4.8.4/../../../../arm-none-eabi/lib/armv6-m/libnosys.a
END GROUP
LOAD /opt/Freescale/KDS_v3/toolchain/bin/../lib/gcc/arm-none-eabi/4.8.4/armv6-m/crtend.o
LOAD /opt/Freescale/KDS_v3/toolchain/bin/../lib/gcc/arm-none-eabi/4.8.4/armv6-m/crtn.o
                0x20000c00                _estack = 0x20000c00
                0x20000c00                __SP_INIT = _estack
                0x20000c00                __stack = _estack
                0x00000000                __heap_size = 0x0
                0x00000100                __stack_size = 0x100

.interrupts     0x00000000       0xc0
                0x00000000                __vector_table = .
                0x00000000                . = ALIGN (0x4)
 *(.vectortable)
 .vectortable   0x00000000       0xc0 ./Generated_Code/Vectors.o
                0x00000000                __vect_table
                0x000000c0                . = ALIGN (0x4)

.cfmprotect     0x00000400       0x10
                0x00000400                . = ALIGN (0x4)
 *(.cfmconfig)
 .cfmconfig     0x00000400       0x10 ./Generated_Code/Cpu.o
                0x00000400                _cfm
                0x00000410                . = ALIGN (0x4)

.text           0x00000410     0x12f0
                0x00000410                . = ALIGN (0x4)
 *(.text)
 .text          0x00000410       0x60 /opt/Freescale/KDS_v3/toolchain/bin/../lib/gcc/arm-none-eabi/4.8.4/armv6-m/crtbegin.o
 .text          0x00000470       0x78 /opt/Freescale/KDS_v3/toolchain/bin/../lib/gcc/arm-none-eabi/4.8.4/../../../../arm-none-eabi/lib/armv6-m/crt0.o
                0x00000470                _mainCRTStartup
                0x00000470                _start
 .text          0x000004e8       0x9c /opt/Freescale/KDS_v3/toolchain/bin/../lib/gcc/arm-none-eabi/4.8.4/armv6-m/libgcc.a(_udivsi3.o)
                0x000004e8                __udivsi3
                0x000004e8                __aeabi_uidiv
                0x00000570                __aeabi_uidivmod
 .text          0x00000584        0x4 /opt/Freescale/KDS_v3/toolchain/bin/../lib/gcc/arm-none-eabi/4.8.4/armv6-m/libgcc.a(_dvmd_tls.o)
                0x00000584                __aeabi_ldiv0
                0x00000584                __aeabi_idiv0
 .text          0x00000588       0x74 /opt/Freescale/KDS_v3/toolchain/bin/../lib/gcc/arm-none-eabi/4.8.4/armv6-m/libgcc.a(_arm_cmpsf2.o)
                0x00000588                __aeabi_cfrcmple
                0x00000590                __aeabi_cfcmple
                0x00000590                __aeabi_cfcmpeq
                0x000005a0                __aeabi_fcmpeq
                0x000005ac                __aeabi_fcmplt
                0x000005c0                __aeabi_fcmple
                0x000005d4                __aeabi_fcmpgt
                0x000005e8                __aeabi_fcmpge
 .text          0x000005fc       0x30 /opt/Freescale/KDS_v3/toolchain/bin/../lib/gcc/arm-none-eabi/4.8.4/armv6-m/libgcc.a(_fixunssfsi.o)
                0x000005fc                __aeabi_f2uiz
                0x000005fc                __fixunssfsi
 .text          0x0000062c       0x54 /opt/Freescale/KDS_v3/toolchain/bin/../lib/gcc/arm-none-eabi/4.8.4/armv6-m/libgcc.a(eqsf2.o)
                0x0000062c                __nesf2
                0x0000062c                __eqsf2
 .text          0x00000680       0x90 /opt/Freescale/KDS_v3/toolchain/bin/../lib/gcc/arm-none-eabi/4.8.4/armv6-m/libgcc.a(gesf2.o)
                0x00000680                __gtsf2
                0x00000680                __gesf2
 .text          0x00000710       0x98 /opt/Freescale/KDS_v3/toolchain/bin/../lib/gcc/arm-none-eabi/4.8.4/armv6-m/libgcc.a(lesf2.o)
                0x00000710                __lesf2
                0x00000710                __ltsf2
 .text          0x000007a8      0x254 /opt/Freescale/KDS_v3/toolchain/bin/../lib/gcc/arm-none-eabi/4.8.4/armv6-m/libgcc.a(mulsf3.o)
                0x000007a8                __aeabi_fmul
 .text          0x000009fc      0x2ec /opt/Freescale/KDS_v3/toolchain/bin/../lib/gcc/arm-none-eabi/4.8.4/armv6-m/libgcc.a(subsf3.o)
                0x000009fc                __aeabi_fsub
 .text          0x00000ce8       0x40 /opt/Freescale/KDS_v3/toolchain/bin/../lib/gcc/arm-none-eabi/4.8.4/armv6-m/libgcc.a(fixsfsi.o)
                0x00000ce8                __aeabi_f2iz
 .text          0x00000d28       0xb8 /opt/Freescale/KDS_v3/toolchain/bin/../lib/gcc/arm-none-eabi/4.8.4/armv6-m/libgcc.a(floatsisf.o)
                0x00000d28                __aeabi_i2f
 .text          0x00000de0       0x3c /opt/Freescale/KDS_v3/toolchain/bin/../lib/gcc/arm-none-eabi/4.8.4/armv6-m/libgcc.a(_clzsi2.o)
                0x00000de0                __clzsi2
 *(.text*)
 .text.Cpu_OnNMIINT
                0x00000e1c        0x8 ./Sources/Events.o
                0x00000e1c                Cpu_OnNMIINT
 .text.main     0x00000e24       0x38 ./Sources/main.o
                0x00000e24                main
 .text.__copy_rom_section
                0x00000e5c       0xd8 ./Project_Settings/Startup_Code/startup.o
                0x00000e5c                __copy_rom_section
 .text.__copy_rom_sections_to_ram
                0x00000f34       0x98 ./Project_Settings/Startup_Code/startup.o
                0x00000f34                __copy_rom_sections_to_ram
 .text.__init_registers
                0x00000fcc        0x8 ./Project_Settings/Startup_Code/startup.o
                0x00000fcc                __init_registers
 .text.__init_user
                0x00000fd4        0x8 ./Project_Settings/Startup_Code/startup.o
                0x00000fd4                __init_user
 .text.__thumb_startup
                0x00000fdc       0x30 ./Project_Settings/Startup_Code/startup.o
                0x00000fdc                __thumb_startup
 .text.Cpu_INT_NMIInterrupt
                0x0000100c        0xc ./Generated_Code/Cpu.o
                0x0000100c                Cpu_INT_NMIInterrupt
 .text.Cpu_Interrupt
                0x00001018        0xc ./Generated_Code/Cpu.o
                0x00001018                Cpu_Interrupt
 .text.__init_hardware
                0x00001024      0x110 ./Generated_Code/Cpu.o
                0x00001024                __init_hardware
 .text.PE_low_level_init
                0x00001134       0xd4 ./Generated_Code/Cpu.o
                0x00001134                PE_low_level_init
 .text.PwmLdd1_Init
                0x00001208       0x58 ./Generated_Code/PwmLdd1.o
                0x00001208                PwmLdd1_Init
 .text.PwmLdd1_SetDutyUS
                0x00001260       0x7c ./Generated_Code/PwmLdd1.o
                0x00001260                PwmLdd1_SetDutyUS
 .text.SetRatio
                0x000012dc       0x68 ./Generated_Code/PwmLdd1.o
 .text.SERVO1_SetPWMDutyUs
                0x00001344       0x3c ./Generated_Code/SERVO1.o
                0x00001344                SERVO1_SetPWMDutyUs
 .text.SERVO1_SetPos
                0x00001380       0x38 ./Generated_Code/SERVO1.o
                0x00001380                SERVO1_SetPos
 .text.SERVO1_Init
                0x000013b8       0x14 ./Generated_Code/SERVO1.o
                0x000013b8                SERVO1_Init
 .text.SERVO1_TimerUnit_Init
                0x000013cc       0xe4 ./Generated_Code/SERVO1_TimerUnit.o
                0x000013cc                SERVO1_TimerUnit_Init
 .text.SERVO1_TimerUnit_GetPeriodTicks
                0x000014b0       0x3c ./Generated_Code/SERVO1_TimerUnit.o
                0x000014b0                SERVO1_TimerUnit_GetPeriodTicks
 .text.SERVO1_TimerUnit_SetOffsetTicks
                0x000014ec       0x44 ./Generated_Code/SERVO1_TimerUnit.o
                0x000014ec                SERVO1_TimerUnit_SetOffsetTicks
 .text.WAIT1_Wait10Cycles
                0x00001530        0x8 ./Generated_Code/WAIT1.o
                0x00001530                WAIT1_Wait10Cycles
 .text.WAIT1_Wait100Cycles
                0x00001538       0x24 ./Generated_Code/WAIT1.o
                0x00001538                WAIT1_Wait100Cycles
 .text.WAIT1_WaitCycles
                0x0000155c       0x44 ./Generated_Code/WAIT1.o
                0x0000155c                WAIT1_WaitCycles
 .text.WAIT1_WaitLongCycles
                0x000015a0       0x3c ./Generated_Code/WAIT1.o
                0x000015a0                WAIT1_WaitLongCycles
 .text.WAIT1_Waitms
                0x000015dc       0x38 ./Generated_Code/WAIT1.o
                0x000015dc                WAIT1_Waitms
 .text.exit     0x00001614       0x2c /opt/Freescale/KDS_v3/toolchain/bin/../lib/gcc/arm-none-eabi/4.8.4/../../../../arm-none-eabi/lib/armv6-m/libg_s.a(lib_a-exit.o)
                0x00001614                exit
 .text.__libc_init_array
                0x00001640       0x4c /opt/Freescale/KDS_v3/toolchain/bin/../lib/gcc/arm-none-eabi/4.8.4/../../../../arm-none-eabi/lib/armv6-m/libg_s.a(lib_a-init.o)
                0x00001640                __libc_init_array
 .text.memset   0x0000168c       0x10 /opt/Freescale/KDS_v3/toolchain/bin/../lib/gcc/arm-none-eabi/4.8.4/../../../../arm-none-eabi/lib/armv6-m/libg_s.a(lib_a-memset.o)
                0x0000168c                memset
 .text._exit    0x0000169c        0x4 /opt/Freescale/KDS_v3/toolchain/bin/../lib/gcc/arm-none-eabi/4.8.4/../../../../arm-none-eabi/lib/armv6-m/libnosys.a(_exit.o)
                0x0000169c                _exit
 *(.rodata)
 .rodata        0x000016a0       0x40 /opt/Freescale/KDS_v3/toolchain/bin/../lib/gcc/arm-none-eabi/4.8.4/armv6-m/libgcc.a(mulsf3.o)
 *(.rodata*)
 .rodata.str1.1
                0x000016e0        0x2 /opt/Freescale/KDS_v3/toolchain/bin/../lib/gcc/arm-none-eabi/4.8.4/../../../../arm-none-eabi/lib/armv6-m/libg_s.a(lib_a-impure.o)
 *fill*         0x000016e2        0x2 
 .rodata._global_impure_ptr
                0x000016e4        0x4 /opt/Freescale/KDS_v3/toolchain/bin/../lib/gcc/arm-none-eabi/4.8.4/../../../../arm-none-eabi/lib/armv6-m/libg_s.a(lib_a-impure.o)
                0x000016e4                _global_impure_ptr
 *(.glue_7)
 .glue_7        0x00000000        0x0 linker stubs
 *(.glue_7t)
 .glue_7t       0x00000000        0x0 linker stubs
 *(.eh_frame)
 .eh_frame      0x000016e8        0x0 /opt/Freescale/KDS_v3/toolchain/bin/../lib/gcc/arm-none-eabi/4.8.4/armv6-m/crtbegin.o
 *(.init)
 .init          0x000016e8        0x4 /opt/Freescale/KDS_v3/toolchain/bin/../lib/gcc/arm-none-eabi/4.8.4/armv6-m/crti.o
                0x000016e8                _init
 .init          0x000016ec        0x8 /opt/Freescale/KDS_v3/toolchain/bin/../lib/gcc/arm-none-eabi/4.8.4/armv6-m/crtn.o
 *(.fini)
 .fini          0x000016f4        0x4 /opt/Freescale/KDS_v3/toolchain/bin/../lib/gcc/arm-none-eabi/4.8.4/armv6-m/crti.o
                0x000016f4                _fini
 .fini          0x000016f8        0x8 /opt/Freescale/KDS_v3/toolchain/bin/../lib/gcc/arm-none-eabi/4.8.4/armv6-m/crtn.o
                0x00001700                . = ALIGN (0x4)
                0x00001700                _etext = .

.vfp11_veneer   0x00001700        0x0
 .vfp11_veneer  0x00000000        0x0 linker stubs

.v4_bx          0x00001700        0x0
 .v4_bx         0x00000000        0x0 linker stubs

.iplt           0x00001700        0x0
 .iplt          0x00000000        0x0 /opt/Freescale/KDS_v3/toolchain/bin/../lib/gcc/arm-none-eabi/4.8.4/armv6-m/crtbegin.o

.ARM.extab
 *(.ARM.extab* .gnu.linkonce.armextab.*)

.ARM            0x00001700        0x8
                0x00001700                __exidx_start = .
 *(.ARM.exidx*)
 .ARM.exidx     0x00001700        0x8 /opt/Freescale/KDS_v3/toolchain/bin/../lib/gcc/arm-none-eabi/4.8.4/../../../../arm-none-eabi/lib/armv6-m/crt0.o
                0x00001708                __exidx_end = .

.rel.dyn        0x00001708        0x0
 .rel.iplt      0x00000000        0x0 /opt/Freescale/KDS_v3/toolchain/bin/../lib/gcc/arm-none-eabi/4.8.4/armv6-m/crtbegin.o

.ctors          0x00001708        0x0
                0x00001708                __CTOR_LIST__ = .
 *crtbegin.o(.ctors)
 *(EXCLUDE_FILE(*crtend.o) .ctors)
 *(SORT(.ctors.*))
 *(.ctors)
                0x00001708                __CTOR_END__ = .

.dtors          0x00001708        0x0
                0x00001708                __DTOR_LIST__ = .
 *crtbegin.o(.dtors)
 *(EXCLUDE_FILE(*crtend.o) .dtors)
 *(SORT(.dtors.*))
 *(.dtors)
                0x00001708                __DTOR_END__ = .

.preinit_array  0x00001708        0x0
                0x00001708                PROVIDE (__preinit_array_start, .)
 *(.preinit_array*)
                0x00001708                PROVIDE (__preinit_array_end, .)

.init_array     0x00001708        0x4
                0x00001708                PROVIDE (__init_array_start, .)
 *(SORT(.init_array.*))
 *(.init_array*)
 .init_array    0x00001708        0x4 /opt/Freescale/KDS_v3/toolchain/bin/../lib/gcc/arm-none-eabi/4.8.4/armv6-m/crtbegin.o
                0x0000170c                PROVIDE (__init_array_end, .)

.fini_array     0x0000170c        0x4
                0x0000170c                PROVIDE (__fini_array_start, .)
 *(SORT(.fini_array.*))
 *(.fini_array*)
 .fini_array    0x0000170c        0x4 /opt/Freescale/KDS_v3/toolchain/bin/../lib/gcc/arm-none-eabi/4.8.4/armv6-m/crtbegin.o
                0x00001710                PROVIDE (__fini_array_end, .)
                0x00001710                ___ROM_AT = .

.mtb            0x1ffffc00        0x0
                0x1ffffc00                . = ALIGN (0x8)
                0x1ffffc00                _mtb_start = .
 *(.mtb_buf)
                0x1ffffc00                . = ALIGN (0x8)
                0x1ffffc00                _mtb_end = .

.data           0x1ffffc00       0x60 load address 0x00001710
                0x1ffffc00                . = ALIGN (0x4)
                0x1ffffc00                _sdata = .
 *(.data)
 *(.data*)
 .data.impure_data
                0x1ffffc00       0x60 /opt/Freescale/KDS_v3/toolchain/bin/../lib/gcc/arm-none-eabi/4.8.4/../../../../arm-none-eabi/lib/armv6-m/libg_s.a(lib_a-impure.o)
                0x1ffffc60                . = ALIGN (0x4)
                0x1ffffc60                _edata = .
                0x00000060                ___data_size = (_edata - _sdata)

.jcr            0x1ffffc60        0x0 load address 0x00001770
 .jcr           0x1ffffc60        0x0 /opt/Freescale/KDS_v3/toolchain/bin/../lib/gcc/arm-none-eabi/4.8.4/armv6-m/crtbegin.o

.igot.plt       0x1ffffc60        0x0 load address 0x00001770
 .igot.plt      0x00000000        0x0 /opt/Freescale/KDS_v3/toolchain/bin/../lib/gcc/arm-none-eabi/4.8.4/armv6-m/crtbegin.o
                0x1ffffc60                . = ALIGN (0x4)

.bss            0x1ffffc60       0x40 load address 0x00001770
                0x1ffffc60                __START_BSS = .
                0x1ffffc60                PROVIDE (__bss_start__, __START_BSS)
 *(.bss)
 .bss           0x1ffffc60       0x1c /opt/Freescale/KDS_v3/toolchain/bin/../lib/gcc/arm-none-eabi/4.8.4/armv6-m/crtbegin.o
 *(.bss*)
 .bss.PE_LDD_DeviceDataList
                0x1ffffc7c        0x8 ./Generated_Code/PE_LDD.o
                0x1ffffc7c                PE_LDD_DeviceDataList
 .bss.DeviceDataPrv__DEFAULT_RTOS_ALLOC
                0x1ffffc84        0xc ./Generated_Code/PwmLdd1.o
 .bss.Servo     0x1ffffc90        0x4 ./Generated_Code/SERVO1.o
 .bss.DeviceDataPrv__DEFAULT_RTOS_ALLOC
                0x1ffffc94        0xc ./Generated_Code/SERVO1_TimerUnit.o
 *(COMMON)
                0x1ffffca0                . = ALIGN (0x4)
                0x1ffffca0                __END_BSS = .
                0x1ffffca0                PROVIDE (__bss_end__, __END_BSS)
                0x00001770                _romp_at = (___ROM_AT + SIZEOF (.data))

.romp           0x1ffffca0       0x18 load address 0x00001770
                0x00001770                __S_romp = _romp_at
                0x1ffffca0        0x4 LONG 0x1710 ___ROM_AT
                0x1ffffca4        0x4 LONG 0x1ffffc00 _sdata
                0x1ffffca8        0x4 LONG 0x60 ___data_size
                0x1ffffcac        0x4 LONG 0x0
                0x1ffffcb0        0x4 LONG 0x0
                0x1ffffcb4        0x4 LONG 0x0
                0x00008000                text_end = (ORIGIN (m_text) + 0x7bf0)
                0x00001788                data_init_end = ((___ROM_AT + SIZEOF (.data)) + SIZEOF (.romp))
                0x00000001                ASSERT ((data_init_end <= text_end), region m_text overflowed with text and data)

._user_heap_stack
                0x1ffffcb8      0x100 load address 0x00001788
                0x1ffffcb8                . = ALIGN (0x4)
                0x1ffffcb8                PROVIDE (end, .)
                0x1ffffcb8                PROVIDE (_end, .)
                0x1ffffcb8                PROVIDE (__end__, .)
                0x1ffffcb8                __heap_addr = .
                0x1ffffcb8                __HeapBase = .
                0x1ffffcb8                . = (. + __heap_size)
                0x1ffffcb8                __HeapLimit = .
                0x1ffffdb8                . = (. + __stack_size)
 *fill*         0x1ffffcb8      0x100 
                0x1ffffdb8                . = ALIGN (0x4)

.ARM.attributes
                0x00000000       0x28
 *(.ARM.attributes)
 .ARM.attributes
                0x00000000       0x1e /opt/Freescale/KDS_v3/toolchain/bin/../lib/gcc/arm-none-eabi/4.8.4/armv6-m/crti.o
 .ARM.attributes
                0x0000001e       0x2c /opt/Freescale/KDS_v3/toolchain/bin/../lib/gcc/arm-none-eabi/4.8.4/armv6-m/crtbegin.o
 .ARM.attributes
                0x0000004a       0x1b /opt/Freescale/KDS_v3/toolchain/bin/../lib/gcc/arm-none-eabi/4.8.4/../../../../arm-none-eabi/lib/armv6-m/crt0.o
 .ARM.attributes
                0x00000065       0x32 ./Sources/Events.o
 .ARM.attributes
                0x00000097       0x32 ./Sources/main.o
 .ARM.attributes
                0x000000c9       0x32 ./Project_Settings/Startup_Code/startup.o
 .ARM.attributes
                0x000000fb       0x32 ./Generated_Code/Cpu.o
 .ARM.attributes
                0x0000012d       0x32 ./Generated_Code/PE_LDD.o
 .ARM.attributes
                0x0000015f       0x32 ./Generated_Code/PwmLdd1.o
 .ARM.attributes
                0x00000191       0x32 ./Generated_Code/SERVO1.o
 .ARM.attributes
                0x000001c3       0x32 ./Generated_Code/SERVO1_TimerUnit.o
 .ARM.attributes
                0x000001f5       0x32 ./Generated_Code/Vectors.o
 .ARM.attributes
                0x00000227       0x32 ./Generated_Code/WAIT1.o
 .ARM.attributes
                0x00000259       0x1e /opt/Freescale/KDS_v3/toolchain/bin/../lib/gcc/arm-none-eabi/4.8.4/armv6-m/libgcc.a(_udivsi3.o)
 .ARM.attributes
                0x00000277       0x1e /opt/Freescale/KDS_v3/toolchain/bin/../lib/gcc/arm-none-eabi/4.8.4/armv6-m/libgcc.a(_dvmd_tls.o)
 .ARM.attributes
                0x00000295       0x1e /opt/Freescale/KDS_v3/toolchain/bin/../lib/gcc/arm-none-eabi/4.8.4/armv6-m/libgcc.a(_arm_cmpsf2.o)
 .ARM.attributes
                0x000002b3       0x2c /opt/Freescale/KDS_v3/toolchain/bin/../lib/gcc/arm-none-eabi/4.8.4/armv6-m/libgcc.a(_fixunssfsi.o)
 .ARM.attributes
                0x000002df       0x2c /opt/Freescale/KDS_v3/toolchain/bin/../lib/gcc/arm-none-eabi/4.8.4/armv6-m/libgcc.a(eqsf2.o)
 .ARM.attributes
                0x0000030b       0x2c /opt/Freescale/KDS_v3/toolchain/bin/../lib/gcc/arm-none-eabi/4.8.4/armv6-m/libgcc.a(gesf2.o)
 .ARM.attributes
                0x00000337       0x2c /opt/Freescale/KDS_v3/toolchain/bin/../lib/gcc/arm-none-eabi/4.8.4/armv6-m/libgcc.a(lesf2.o)
 .ARM.attributes
                0x00000363       0x2c /opt/Freescale/KDS_v3/toolchain/bin/../lib/gcc/arm-none-eabi/4.8.4/armv6-m/libgcc.a(mulsf3.o)
 .ARM.attributes
                0x0000038f       0x2c /opt/Freescale/KDS_v3/toolchain/bin/../lib/gcc/arm-none-eabi/4.8.4/armv6-m/libgcc.a(subsf3.o)
 .ARM.attributes
                0x000003bb       0x2c /opt/Freescale/KDS_v3/toolchain/bin/../lib/gcc/arm-none-eabi/4.8.4/armv6-m/libgcc.a(fixsfsi.o)
 .ARM.attributes
                0x000003e7       0x2c /opt/Freescale/KDS_v3/toolchain/bin/../lib/gcc/arm-none-eabi/4.8.4/armv6-m/libgcc.a(floatsisf.o)
 .ARM.attributes
                0x00000413       0x1e /opt/Freescale/KDS_v3/toolchain/bin/../lib/gcc/arm-none-eabi/4.8.4/armv6-m/libgcc.a(_clzsi2.o)
 .ARM.attributes
                0x00000431       0x2c /opt/Freescale/KDS_v3/toolchain/bin/../lib/gcc/arm-none-eabi/4.8.4/../../../../arm-none-eabi/lib/armv6-m/libg_s.a(lib_a-exit.o)
 .ARM.attributes
                0x0000045d       0x2c /opt/Freescale/KDS_v3/toolchain/bin/../lib/gcc/arm-none-eabi/4.8.4/../../../../arm-none-eabi/lib/armv6-m/libg_s.a(lib_a-impure.o)
 .ARM.attributes
                0x00000489       0x2c /opt/Freescale/KDS_v3/toolchain/bin/../lib/gcc/arm-none-eabi/4.8.4/../../../../arm-none-eabi/lib/armv6-m/libg_s.a(lib_a-init.o)
 .ARM.attributes
                0x000004b5       0x2c /opt/Freescale/KDS_v3/toolchain/bin/../lib/gcc/arm-none-eabi/4.8.4/../../../../arm-none-eabi/lib/armv6-m/libg_s.a(lib_a-memset.o)
 .ARM.attributes
                0x000004e1       0x2c /opt/Freescale/KDS_v3/toolchain/bin/../lib/gcc/arm-none-eabi/4.8.4/../../../../arm-none-eabi/lib/armv6-m/libnosys.a(_exit.o)
 .ARM.attributes
                0x0000050d       0x1e /opt/Freescale/KDS_v3/toolchain/bin/../lib/gcc/arm-none-eabi/4.8.4/armv6-m/crtn.o
OUTPUT(ServoMotor.elf elf32-littlearm)

.debug_info     0x00000000     0x1c8f
 .debug_info    0x00000000       0x96 ./Sources/Events.o
 .debug_info    0x00000096       0xbf ./Sources/main.o
 .debug_info    0x00000155      0x20a ./Project_Settings/Startup_Code/startup.o
 .debug_info    0x0000035f      0x842 ./Generated_Code/Cpu.o
 .debug_info    0x00000ba1      0x24d ./Generated_Code/PE_LDD.o
 .debug_info    0x00000dee      0x345 ./Generated_Code/PwmLdd1.o
 .debug_info    0x00001133      0x1bb ./Generated_Code/SERVO1.o
 .debug_info    0x000012ee      0x744 ./Generated_Code/SERVO1_TimerUnit.o
 .debug_info    0x00001a32      0x10e ./Generated_Code/Vectors.o
 .debug_info    0x00001b40      0x14f ./Generated_Code/WAIT1.o

.debug_abbrev   0x00000000      0x946
 .debug_abbrev  0x00000000       0x45 ./Sources/Events.o
 .debug_abbrev  0x00000045       0x63 ./Sources/main.o
 .debug_abbrev  0x000000a8      0x11e ./Project_Settings/Startup_Code/startup.o
 .debug_abbrev  0x000001c6      0x14f ./Generated_Code/Cpu.o
 .debug_abbrev  0x00000315      0x10d ./Generated_Code/PE_LDD.o
 .debug_abbrev  0x00000422      0x122 ./Generated_Code/PwmLdd1.o
 .debug_abbrev  0x00000544      0x115 ./Generated_Code/SERVO1.o
 .debug_abbrev  0x00000659      0x198 ./Generated_Code/SERVO1_TimerUnit.o
 .debug_abbrev  0x000007f1       0xa4 ./Generated_Code/Vectors.o
 .debug_abbrev  0x00000895       0xb1 ./Generated_Code/WAIT1.o

.debug_aranges  0x00000000      0x238
 .debug_aranges
                0x00000000       0x20 ./Sources/Events.o
 .debug_aranges
                0x00000020       0x20 ./Sources/main.o
 .debug_aranges
                0x00000040       0x50 ./Project_Settings/Startup_Code/startup.o
 .debug_aranges
                0x00000090       0x38 ./Generated_Code/Cpu.o
 .debug_aranges
                0x000000c8       0x30 ./Generated_Code/PE_LDD.o
 .debug_aranges
                0x000000f8       0x50 ./Generated_Code/PwmLdd1.o
 .debug_aranges
                0x00000148       0x38 ./Generated_Code/SERVO1.o
 .debug_aranges
                0x00000180       0x60 ./Generated_Code/SERVO1_TimerUnit.o
 .debug_aranges
                0x000001e0       0x18 ./Generated_Code/Vectors.o
 .debug_aranges
                0x000001f8       0x40 ./Generated_Code/WAIT1.o

.debug_ranges   0x00000000      0x190
 .debug_ranges  0x00000000       0x10 ./Sources/Events.o
 .debug_ranges  0x00000010       0x10 ./Sources/main.o
 .debug_ranges  0x00000020       0x40 ./Project_Settings/Startup_Code/startup.o
 .debug_ranges  0x00000060       0x28 ./Generated_Code/Cpu.o
 .debug_ranges  0x00000088       0x20 ./Generated_Code/PE_LDD.o
 .debug_ranges  0x000000a8       0x40 ./Generated_Code/PwmLdd1.o
 .debug_ranges  0x000000e8       0x28 ./Generated_Code/SERVO1.o
 .debug_ranges  0x00000110       0x50 ./Generated_Code/SERVO1_TimerUnit.o
 .debug_ranges  0x00000160       0x30 ./Generated_Code/WAIT1.o

.debug_macro    0x00000000    0x107d9
 .debug_macro   0x00000000      0x129 ./Sources/Events.o
 .debug_macro   0x00000129      0x802 ./Sources/Events.o
 .debug_macro   0x0000092b       0x16 ./Sources/Events.o
 .debug_macro   0x00000941       0x44 ./Sources/Events.o
 .debug_macro   0x00000985      0x209 ./Sources/Events.o
 .debug_macro   0x00000b8e     0x1576 ./Sources/Events.o
 .debug_macro   0x00002104      0x14e ./Sources/Events.o
 .debug_macro   0x00002252       0x64 ./Sources/Events.o
 .debug_macro   0x000022b6     0x6691 ./Sources/Events.o
 .debug_macro   0x00008947       0x94 ./Sources/Events.o
 .debug_macro   0x000089db       0x94 ./Sources/Events.o
 .debug_macro   0x00008a6f      0x1d6 ./Sources/Events.o
 .debug_macro   0x00008c45       0x89 ./Sources/Events.o
 .debug_macro   0x00008cce       0x46 ./Sources/Events.o
 .debug_macro   0x00008d14       0x32 ./Sources/Events.o
 .debug_macro   0x00008d46       0x22 ./Sources/Events.o
 .debug_macro   0x00008d68       0x22 ./Sources/Events.o
 .debug_macro   0x00008d8a       0x30 ./Sources/Events.o
 .debug_macro   0x00008dba      0x129 ./Sources/main.o
 .debug_macro   0x00008ee3      0x121 ./Project_Settings/Startup_Code/startup.o
 .debug_macro   0x00009004       0x58 ./Project_Settings/Startup_Code/startup.o
 .debug_macro   0x0000905c       0x35 ./Project_Settings/Startup_Code/startup.o
 .debug_macro   0x00009091       0xa3 ./Project_Settings/Startup_Code/startup.o
 .debug_macro   0x00009134      0x166 ./Project_Settings/Startup_Code/startup.o
 .debug_macro   0x0000929a       0x4a ./Project_Settings/Startup_Code/startup.o
 .debug_macro   0x000092e4       0x52 ./Project_Settings/Startup_Code/startup.o
 .debug_macro   0x00009336       0x16 ./Project_Settings/Startup_Code/startup.o
 .debug_macro   0x0000934c       0x43 ./Project_Settings/Startup_Code/startup.o
 .debug_macro   0x0000938f      0x180 ./Project_Settings/Startup_Code/startup.o
 .debug_macro   0x0000950f      0x2a6 ./Project_Settings/Startup_Code/startup.o
 .debug_macro   0x000097b5       0x10 ./Project_Settings/Startup_Code/startup.o
 .debug_macro   0x000097c5       0x35 ./Project_Settings/Startup_Code/startup.o
 .debug_macro   0x000097fa       0x16 ./Project_Settings/Startup_Code/startup.o
 .debug_macro   0x00009810       0x22 ./Project_Settings/Startup_Code/startup.o
 .debug_macro   0x00009832       0x10 ./Project_Settings/Startup_Code/startup.o
 .debug_macro   0x00009842      0x20f ./Project_Settings/Startup_Code/startup.o
 .debug_macro   0x00009a51     0x6685 ./Project_Settings/Startup_Code/startup.o
 .debug_macro   0x000100d6      0x12a ./Generated_Code/Cpu.o
 .debug_macro   0x00010200       0x9a ./Generated_Code/Cpu.o
 .debug_macro   0x0001029a       0xff ./Generated_Code/PE_LDD.o
 .debug_macro   0x00010399       0xbb ./Generated_Code/PwmLdd1.o
 .debug_macro   0x00010454      0x10a ./Generated_Code/SERVO1.o
 .debug_macro   0x0001055e       0xb4 ./Generated_Code/SERVO1_TimerUnit.o
 .debug_macro   0x00010612      0x12d ./Generated_Code/Vectors.o
 .debug_macro   0x0001073f       0x9a ./Generated_Code/WAIT1.o

.debug_line     0x00000000     0x20bf
 .debug_line    0x00000000      0x302 ./Sources/Events.o
 .debug_line    0x00000302      0x318 ./Sources/main.o
 .debug_line    0x0000061a      0x3da ./Project_Settings/Startup_Code/startup.o
 .debug_line    0x000009f4      0x424 ./Generated_Code/Cpu.o
 .debug_line    0x00000e18      0x2fc ./Generated_Code/PE_LDD.o
 .debug_line    0x00001114      0x31e ./Generated_Code/PwmLdd1.o
 .debug_line    0x00001432      0x2db ./Generated_Code/SERVO1.o
 .debug_line    0x0000170d      0x367 ./Generated_Code/SERVO1_TimerUnit.o
 .debug_line    0x00001a74      0x3b7 ./Generated_Code/Vectors.o
 .debug_line    0x00001e2b      0x294 ./Generated_Code/WAIT1.o

.debug_str      0x00000000    0x310ac
 .debug_str     0x00000000    0x2df0f ./Sources/Events.o
                              0x2e30b (size before relaxing)
 .debug_str     0x0002df0f       0x32 ./Sources/main.o
                              0x2e325 (size before relaxing)
 .debug_str     0x0002df41     0x25f6 ./Project_Settings/Startup_Code/startup.o
                              0x27311 (size before relaxing)
 .debug_str     0x00030537      0x301 ./Generated_Code/Cpu.o
                              0x2e60c (size before relaxing)
 .debug_str     0x00030838      0x1a4 ./Generated_Code/PE_LDD.o
                              0x2e4c1 (size before relaxing)
 .debug_str     0x000309dc      0x148 ./Generated_Code/PwmLdd1.o
                              0x2df93 (size before relaxing)
 .debug_str     0x00030b24      0x23a ./Generated_Code/SERVO1.o
                              0x2e222 (size before relaxing)
 .debug_str     0x00030d5e      0x2ae ./Generated_Code/SERVO1_TimerUnit.o
                              0x2e0d8 (size before relaxing)
 .debug_str     0x0003100c       0x1c ./Generated_Code/Vectors.o
                              0x2e353 (size before relaxing)
 .debug_str     0x00031028       0x84 ./Generated_Code/WAIT1.o
                              0x2be75 (size before relaxing)

.comment        0x00000000       0x70
 .comment       0x00000000       0x70 ./Sources/Events.o
                                 0x71 (size before relaxing)
 .comment       0x00000000       0x71 ./Sources/main.o
 .comment       0x00000000       0x71 ./Project_Settings/Startup_Code/startup.o
 .comment       0x00000000       0x71 ./Generated_Code/Cpu.o
 .comment       0x00000000       0x71 ./Generated_Code/PE_LDD.o
 .comment       0x00000000       0x71 ./Generated_Code/PwmLdd1.o
 .comment       0x00000000       0x71 ./Generated_Code/SERVO1.o
 .comment       0x00000000       0x71 ./Generated_Code/SERVO1_TimerUnit.o
 .comment       0x00000000       0x71 ./Generated_Code/Vectors.o
 .comment       0x00000000       0x71 ./Generated_Code/WAIT1.o

.debug_frame    0x00000000      0x774
 .debug_frame   0x00000000       0x2c ./Sources/Events.o
 .debug_frame   0x0000002c       0x30 ./Sources/main.o
 .debug_frame   0x0000005c       0xd0 ./Project_Settings/Startup_Code/startup.o
 .debug_frame   0x0000012c       0x80 ./Generated_Code/Cpu.o
 .debug_frame   0x000001ac       0x6c ./Generated_Code/PE_LDD.o
 .debug_frame   0x00000218       0xf0 ./Generated_Code/PwmLdd1.o
 .debug_frame   0x00000308       0x8c ./Generated_Code/SERVO1.o
 .debug_frame   0x00000394      0x130 ./Generated_Code/SERVO1_TimerUnit.o
 .debug_frame   0x000004c4       0x90 ./Generated_Code/WAIT1.o
 .debug_frame   0x00000554       0x20 /opt/Freescale/KDS_v3/toolchain/bin/../lib/gcc/arm-none-eabi/4.8.4/armv6-m/libgcc.a(_udivsi3.o)
 .debug_frame   0x00000574       0x28 /opt/Freescale/KDS_v3/toolchain/bin/../lib/gcc/arm-none-eabi/4.8.4/armv6-m/libgcc.a(_fixunssfsi.o)
 .debug_frame   0x0000059c       0x2c /opt/Freescale/KDS_v3/toolchain/bin/../lib/gcc/arm-none-eabi/4.8.4/armv6-m/libgcc.a(eqsf2.o)
 .debug_frame   0x000005c8       0x30 /opt/Freescale/KDS_v3/toolchain/bin/../lib/gcc/arm-none-eabi/4.8.4/armv6-m/libgcc.a(gesf2.o)
 .debug_frame   0x000005f8       0x30 /opt/Freescale/KDS_v3/toolchain/bin/../lib/gcc/arm-none-eabi/4.8.4/armv6-m/libgcc.a(lesf2.o)
 .debug_frame   0x00000628       0x3c /opt/Freescale/KDS_v3/toolchain/bin/../lib/gcc/arm-none-eabi/4.8.4/armv6-m/libgcc.a(mulsf3.o)
 .debug_frame   0x00000664       0x30 /opt/Freescale/KDS_v3/toolchain/bin/../lib/gcc/arm-none-eabi/4.8.4/armv6-m/libgcc.a(subsf3.o)
 .debug_frame   0x00000694       0x20 /opt/Freescale/KDS_v3/toolchain/bin/../lib/gcc/arm-none-eabi/4.8.4/armv6-m/libgcc.a(fixsfsi.o)
 .debug_frame   0x000006b4       0x2c /opt/Freescale/KDS_v3/toolchain/bin/../lib/gcc/arm-none-eabi/4.8.4/armv6-m/libgcc.a(floatsisf.o)
 .debug_frame   0x000006e0       0x28 /opt/Freescale/KDS_v3/toolchain/bin/../lib/gcc/arm-none-eabi/4.8.4/../../../../arm-none-eabi/lib/armv6-m/libg_s.a(lib_a-exit.o)
 .debug_frame   0x00000708       0x2c /opt/Freescale/KDS_v3/toolchain/bin/../lib/gcc/arm-none-eabi/4.8.4/../../../../arm-none-eabi/lib/armv6-m/libg_s.a(lib_a-init.o)
 .debug_frame   0x00000734       0x20 /opt/Freescale/KDS_v3/toolchain/bin/../lib/gcc/arm-none-eabi/4.8.4/../../../../arm-none-eabi/lib/armv6-m/libg_s.a(lib_a-memset.o)
 .debug_frame   0x00000754       0x20 /opt/Freescale/KDS_v3/toolchain/bin/../lib/gcc/arm-none-eabi/4.8.4/../../../../arm-none-eabi/lib/armv6-m/libnosys.a(_exit.o)
