Archive member included because of file (symbol)

/opt/Freescale/KDS_v3/toolchain/bin/../lib/gcc/arm-none-eabi/4.8.4/armv6-m/libgcc.a(_udivsi3.o)
                              ./Sources/Ultrasonic.o (__aeabi_uidiv)
/opt/Freescale/KDS_v3/toolchain/bin/../lib/gcc/arm-none-eabi/4.8.4/armv6-m/libgcc.a(_divsi3.o)
                              ./Generated_Code/UTIL1.o (__aeabi_idiv)
/opt/Freescale/KDS_v3/toolchain/bin/../lib/gcc/arm-none-eabi/4.8.4/armv6-m/libgcc.a(_dvmd_tls.o)
                              /opt/Freescale/KDS_v3/toolchain/bin/../lib/gcc/arm-none-eabi/4.8.4/armv6-m/libgcc.a(_udivsi3.o) (__aeabi_idiv0)
/opt/Freescale/KDS_v3/toolchain/bin/../lib/gcc/arm-none-eabi/4.8.4/../../../../arm-none-eabi/lib/armv6-m/libg_s.a(lib_a-exit.o)
                              /opt/Freescale/KDS_v3/toolchain/bin/../lib/gcc/arm-none-eabi/4.8.4/../../../../arm-none-eabi/lib/armv6-m/crt0.o (exit)
/opt/Freescale/KDS_v3/toolchain/bin/../lib/gcc/arm-none-eabi/4.8.4/../../../../arm-none-eabi/lib/armv6-m/libg_s.a(lib_a-impure.o)
                              /opt/Freescale/KDS_v3/toolchain/bin/../lib/gcc/arm-none-eabi/4.8.4/../../../../arm-none-eabi/lib/armv6-m/libg_s.a(lib_a-exit.o) (_global_impure_ptr)
/opt/Freescale/KDS_v3/toolchain/bin/../lib/gcc/arm-none-eabi/4.8.4/../../../../arm-none-eabi/lib/armv6-m/libg_s.a(lib_a-init.o)
                              /opt/Freescale/KDS_v3/toolchain/bin/../lib/gcc/arm-none-eabi/4.8.4/../../../../arm-none-eabi/lib/armv6-m/crt0.o (__libc_init_array)
/opt/Freescale/KDS_v3/toolchain/bin/../lib/gcc/arm-none-eabi/4.8.4/../../../../arm-none-eabi/lib/armv6-m/libg_s.a(lib_a-memset.o)
                              /opt/Freescale/KDS_v3/toolchain/bin/../lib/gcc/arm-none-eabi/4.8.4/../../../../arm-none-eabi/lib/armv6-m/crt0.o (memset)
/opt/Freescale/KDS_v3/toolchain/bin/../lib/gcc/arm-none-eabi/4.8.4/../../../../arm-none-eabi/lib/armv6-m/libg_s.a(lib_a-strchr.o)
                              ./Generated_Code/UTIL1.o (strchr)
/opt/Freescale/KDS_v3/toolchain/bin/../lib/gcc/arm-none-eabi/4.8.4/../../../../arm-none-eabi/lib/armv6-m/libg_s.a(lib_a-strcpy.o)
                              ./Sources/BT_actions.o (strcpy)
/opt/Freescale/KDS_v3/toolchain/bin/../lib/gcc/arm-none-eabi/4.8.4/../../../../arm-none-eabi/lib/armv6-m/libg_s.a(lib_a-strlen.o)
                              ./Generated_Code/UTIL1.o (strlen)
/opt/Freescale/KDS_v3/toolchain/bin/../lib/gcc/arm-none-eabi/4.8.4/../../../../arm-none-eabi/lib/armv6-m/libg_s.a(lib_a-strncmp.o)
                              ./Generated_Code/UTIL1.o (strncmp)
/opt/Freescale/KDS_v3/toolchain/bin/../lib/gcc/arm-none-eabi/4.8.4/../../../../arm-none-eabi/lib/armv6-m/libnosys.a(_exit.o)
                              /opt/Freescale/KDS_v3/toolchain/bin/../lib/gcc/arm-none-eabi/4.8.4/../../../../arm-none-eabi/lib/armv6-m/libg_s.a(lib_a-exit.o) (_exit)

Allocating common symbols
Common symbol       size              file

BT_mode             0x1               ./Sources/BT_actions.o
ASerialLdd1_DeviceDataPtr
                    0x4               ./Generated_Code/BT.o
BTinputBufferCursor
                    0x1               ./Sources/BT_actions.o
BT_logMode          0x1               ./Sources/BT_actions.o
SR_reg              0x1               ./Generated_Code/Cpu.o
BTinputBuffer       0x40              ./Sources/BT_actions.o
menuMaxOption       0x1               ./Sources/BT_actions.o

Discarded input sections

 .text          0x00000000        0x0 /opt/Freescale/KDS_v3/toolchain/bin/../lib/gcc/arm-none-eabi/4.8.4/armv6-m/crti.o
 .data          0x00000000        0x0 /opt/Freescale/KDS_v3/toolchain/bin/../lib/gcc/arm-none-eabi/4.8.4/armv6-m/crti.o
 .bss           0x00000000        0x0 /opt/Freescale/KDS_v3/toolchain/bin/../lib/gcc/arm-none-eabi/4.8.4/armv6-m/crti.o
 .data          0x00000000        0x4 /opt/Freescale/KDS_v3/toolchain/bin/../lib/gcc/arm-none-eabi/4.8.4/armv6-m/crtbegin.o
 .data          0x00000000        0x0 /opt/Freescale/KDS_v3/toolchain/bin/../lib/gcc/arm-none-eabi/4.8.4/../../../../arm-none-eabi/lib/armv6-m/crt0.o
 .bss           0x00000000        0x0 /opt/Freescale/KDS_v3/toolchain/bin/../lib/gcc/arm-none-eabi/4.8.4/../../../../arm-none-eabi/lib/armv6-m/crt0.o
 .ARM.extab     0x00000000        0x0 /opt/Freescale/KDS_v3/toolchain/bin/../lib/gcc/arm-none-eabi/4.8.4/../../../../arm-none-eabi/lib/armv6-m/crt0.o
 .group         0x00000000        0x8 ./Sources/BT_actions.o
 .group         0x00000000        0x8 ./Sources/BT_actions.o
 .group         0x00000000        0x8 ./Sources/BT_actions.o
 .group         0x00000000        0x8 ./Sources/BT_actions.o
 .group         0x00000000        0x8 ./Sources/BT_actions.o
 .group         0x00000000        0x8 ./Sources/BT_actions.o
 .group         0x00000000        0x8 ./Sources/BT_actions.o
 .group         0x00000000        0x8 ./Sources/BT_actions.o
 .group         0x00000000        0x8 ./Sources/BT_actions.o
 .group         0x00000000        0x8 ./Sources/BT_actions.o
[...]
Memory Configuration

Name             Origin             Length             Attributes
m_interrupts     0x00000000         0x000000c0         xr
m_text           0x00000410         0x0003fbf0         xr
m_data           0x1fffe000         0x00008000         rw
m_cfmprotrom     0x00000400         0x00000010         xr
*default*        0x00000000         0xffffffff

Linker script and memory map

LOAD /opt/Freescale/KDS_v3/toolchain/bin/../lib/gcc/arm-none-eabi/4.8.4/armv6-m/crti.o
LOAD /opt/Freescale/KDS_v3/toolchain/bin/../lib/gcc/arm-none-eabi/4.8.4/armv6-m/crtbegin.o
LOAD /opt/Freescale/KDS_v3/toolchain/bin/../lib/gcc/arm-none-eabi/4.8.4/../../../../arm-none-eabi/lib/armv6-m/crt0.o
LOAD ./Sources/BT_actions.o
LOAD ./Sources/Events.o
LOAD ./Sources/Ultrasonic.o
LOAD ./Sources/main.o
LOAD ./Sources/sa_mtb.o
LOAD ./Project_Settings/Startup_Code/startup.o
LOAD ./Generated_Code/ASerialLdd1.o
LOAD ./Generated_Code/BT.o
LOAD ./Generated_Code/Cpu.o
LOAD ./Generated_Code/KSDK1.o
LOAD ./Generated_Code/PE_LDD.o
LOAD ./Generated_Code/TRIG.o
LOAD ./Generated_Code/TU1.o
LOAD ./Generated_Code/UTIL1.o
LOAD ./Generated_Code/Vectors.o
LOAD ./Generated_Code/WAIT1.o
LOAD /opt/Freescale/KDS_v3/toolchain/bin/../lib/gcc/arm-none-eabi/4.8.4/../../../../arm-none-eabi/lib/armv6-m/libstdc++_s.a
LOAD /opt/Freescale/KDS_v3/toolchain/bin/../lib/gcc/arm-none-eabi/4.8.4/../../../../arm-none-eabi/lib/armv6-m/libm.a
START GROUP
LOAD /opt/Freescale/KDS_v3/toolchain/bin/../lib/gcc/arm-none-eabi/4.8.4/armv6-m/libgcc.a
LOAD /opt/Freescale/KDS_v3/toolchain/bin/../lib/gcc/arm-none-eabi/4.8.4/../../../../arm-none-eabi/lib/armv6-m/libg_s.a
LOAD /opt/Freescale/KDS_v3/toolchain/bin/../lib/gcc/arm-none-eabi/4.8.4/../../../../arm-none-eabi/lib/armv6-m/libc_s.a
END GROUP
START GROUP
LOAD /opt/Freescale/KDS_v3/toolchain/bin/../lib/gcc/arm-none-eabi/4.8.4/armv6-m/libgcc.a
LOAD /opt/Freescale/KDS_v3/toolchain/bin/../lib/gcc/arm-none-eabi/4.8.4/../../../../arm-none-eabi/lib/armv6-m/libc_s.a
LOAD /opt/Freescale/KDS_v3/toolchain/bin/../lib/gcc/arm-none-eabi/4.8.4/../../../../arm-none-eabi/lib/armv6-m/libnosys.a
END GROUP
START GROUP
LOAD /opt/Freescale/KDS_v3/toolchain/bin/../lib/gcc/arm-none-eabi/4.8.4/armv6-m/libgcc.a
LOAD /opt/Freescale/KDS_v3/toolchain/bin/../lib/gcc/arm-none-eabi/4.8.4/../../../../arm-none-eabi/lib/armv6-m/libc_s.a
LOAD /opt/Freescale/KDS_v3/toolchain/bin/../lib/gcc/arm-none-eabi/4.8.4/../../../../arm-none-eabi/lib/armv6-m/libnosys.a
END GROUP
LOAD /opt/Freescale/KDS_v3/toolchain/bin/../lib/gcc/arm-none-eabi/4.8.4/armv6-m/crtend.o
LOAD /opt/Freescale/KDS_v3/toolchain/bin/../lib/gcc/arm-none-eabi/4.8.4/armv6-m/crtn.o
                0x20006000                _estack = 0x20006000
                0x20006000                __SP_INIT = _estack
                0x20006000                __stack = _estack
                0x00000000                __heap_size = 0x0
                0x00000400                __stack_size = 0x400

.interrupts     0x00000000       0xc0
                0x00000000                __vector_table = .
                0x00000000                . = ALIGN (0x4)
 *(.vectortable)
 .vectortable   0x00000000       0xc0 ./Generated_Code/Vectors.o
                0x00000000                __vect_table
                0x000000c0                . = ALIGN (0x4)

.cfmprotect     0x00000400       0x10
                0x00000400                . = ALIGN (0x4)
 *(.cfmconfig)
 .cfmconfig     0x00000400       0x10 ./Generated_Code/Cpu.o
                0x00000400                _cfm
                0x00000410                . = ALIGN (0x4)

.text           0x00000410     0x1b98
                0x00000410                . = ALIGN (0x4)
 *(.text)
 .text          0x00000410       0x60 /opt/Freescale/KDS_v3/toolchain/bin/../lib/gcc/arm-none-eabi/4.8.4/armv6-m/crtbegin.o
 .text          0x00000470       0x78 /opt/Freescale/KDS_v3/toolchain/bin/../lib/gcc/arm-none-eabi/4.8.4/../../../../arm-none-eabi/lib/armv6-m/crt0.o
                0x00000470                _mainCRTStartup
                0x00000470                _start
 .text          0x000004e8       0x9c /opt/Freescale/KDS_v3/toolchain/bin/../lib/gcc/arm-none-eabi/4.8.4/armv6-m/libgcc.a(_udivsi3.o)
                0x000004e8                __udivsi3
                0x000004e8                __aeabi_uidiv
                0x00000570                __aeabi_uidivmod
 .text          0x00000584        0x4 /opt/Freescale/KDS_v3/toolchain/bin/../lib/gcc/arm-none-eabi/4.8.4/armv6-m/libgcc.a(_dvmd_tls.o)
                0x00000584                __aeabi_ldiv0
                0x00000584                __aeabi_idiv0
 *(.text*)
 .text.BT_showString
                0x00000588       0x30 ./Sources/BT_actions.o
                0x00000588                BT_showString
 .text.Cpu_OnNMIINT
                0x000005b8        0x8 ./Sources/Events.o
                0x000005b8                Cpu_OnNMIINT
 .text.TU1_OnChannel0
                0x000005c0       0x18 ./Sources/Events.o
                0x000005c0                TU1_OnChannel0
 .text.TU1_OnCounterRestart
                0x000005d8       0x18 ./Sources/Events.o
                0x000005d8                TU1_OnCounterRestart
 .text.BT_OnError
                0x000005f0        0x8 ./Sources/Events.o
                0x000005f0                BT_OnError
 .text.BT_OnRxChar
                0x000005f8        0x8 ./Sources/Events.o
                0x000005f8                BT_OnRxChar
 .text.BT_OnTxChar
                0x00000600        0x8 ./Sources/Events.o
                0x00000600                BT_OnTxChar
 .text.BT_OnFullRxBuf
                0x00000608        0x8 ./Sources/Events.o
                0x00000608                BT_OnFullRxBuf
 .text.BT_OnFreeTxBuf
                0x00000610        0x8 ./Sources/Events.o
                0x00000610                BT_OnFreeTxBuf
 .text.US_EventEchoOverflow
                0x00000618       0x18 ./Sources/Ultrasonic.o
                0x00000618                US_EventEchoOverflow
 .text.US_EventEchoCapture
                0x00000630       0x50 ./Sources/Ultrasonic.o
                0x00000630                US_EventEchoCapture
 .text.calcAirspeed_dms
                0x00000680       0x48 ./Sources/Ultrasonic.o
 .text.US_usToCentimeters
                0x000006c8       0x40 ./Sources/Ultrasonic.o
                0x000006c8                US_usToCentimeters
 .text.US_Measure_us
                0x00000708       0x74 ./Sources/Ultrasonic.o
                0x00000708                US_Measure_us
 .text.US_Init  0x0000077c       0x34 ./Sources/Ultrasonic.o
                0x0000077c                US_Init
 .text.Measure  0x000007b0       0x68 ./Sources/main.o
                0x000007b0                Measure
 .text.main     0x00000818       0x4c ./Sources/main.o
                0x00000818                main
 .text.__copy_rom_section
                0x00000864       0xd8 ./Project_Settings/Startup_Code/startup.o
                0x00000864                __copy_rom_section
 .text.__copy_rom_sections_to_ram
                0x0000093c       0x98 ./Project_Settings/Startup_Code/startup.o
                0x0000093c                __copy_rom_sections_to_ram
 .text.__init_registers
                0x000009d4        0x8 ./Project_Settings/Startup_Code/startup.o
                0x000009d4                __init_registers
 .text.__init_user
                0x000009dc        0x8 ./Project_Settings/Startup_Code/startup.o
                0x000009dc                __init_user
 .text.__thumb_startup
                0x000009e4       0x30 ./Project_Settings/Startup_Code/startup.o
                0x000009e4                __thumb_startup
 .text.ASerialLdd1_Init
                0x00000a14      0x128 ./Generated_Code/ASerialLdd1.o
                0x00000a14                ASerialLdd1_Init
 .text.ASerialLdd1_Enable
                0x00000b3c       0x38 ./Generated_Code/ASerialLdd1.o
                0x00000b3c                ASerialLdd1_Enable
 .text.ASerialLdd1_Disable
                0x00000b74       0x38 ./Generated_Code/ASerialLdd1.o
                0x00000b74                ASerialLdd1_Disable
 .text.ASerialLdd1_ReceiveBlock
                0x00000bac       0xb0 ./Generated_Code/ASerialLdd1.o
                0x00000bac                ASerialLdd1_ReceiveBlock
 .text.ASerialLdd1_SendBlock
                0x00000c5c       0xdc ./Generated_Code/ASerialLdd1.o
                0x00000c5c                ASerialLdd1_SendBlock
 .text.HWEnDi   0x00000d38      0x100 ./Generated_Code/ASerialLdd1.o
 .text.InterruptRx
                0x00000e38       0x58 ./Generated_Code/ASerialLdd1.o
 .text.InterruptTx
                0x00000e90       0x80 ./Generated_Code/ASerialLdd1.o
 .text.ASerialLdd1_Interrupt
                0x00000f10       0xec ./Generated_Code/ASerialLdd1.o
                0x00000f10                ASerialLdd1_Interrupt
 .text.ASerialLdd1_SetClockConfiguration
                0x00000ffc       0xa4 ./Generated_Code/ASerialLdd1.o
                0x00000ffc                ASerialLdd1_SetClockConfiguration
 .text.ASerialLdd1_GetError
                0x000010a0       0x8c ./Generated_Code/ASerialLdd1.o
                0x000010a0                ASerialLdd1_GetError
 .text.HWEnDi   0x0000112c       0x90 ./Generated_Code/BT.o
 .text.BT_SendChar
                0x000011bc      0x108 ./Generated_Code/BT.o
                0x000011bc                BT_SendChar
 .text.BT_Init  0x000012c4       0x6c ./Generated_Code/BT.o
                0x000012c4                BT_Init
 .text.ASerialLdd1_OnBlockReceived
                0x00001330       0xcc ./Generated_Code/BT.o
                0x00001330                ASerialLdd1_OnBlockReceived
 .text.ASerialLdd1_OnBlockSent
                0x000013fc       0xf4 ./Generated_Code/BT.o
                0x000013fc                ASerialLdd1_OnBlockSent
 .text.ASerialLdd1_OnError
                0x000014f0       0x94 ./Generated_Code/BT.o
                0x000014f0                ASerialLdd1_OnError
 .text.ASerialLdd1_OnBreak
                0x00001584       0x20 ./Generated_Code/BT.o
                0x00001584                ASerialLdd1_OnBreak
 .text.Cpu_INT_NMIInterrupt
                0x000015a4        0xc ./Generated_Code/Cpu.o
                0x000015a4                Cpu_INT_NMIInterrupt
 .text.Cpu_Interrupt
                0x000015b0        0xc ./Generated_Code/Cpu.o
                0x000015b0                Cpu_Interrupt
 .text.Cpu_GetClockConfiguration
                0x000015bc       0x14 ./Generated_Code/Cpu.o
                0x000015bc                Cpu_GetClockConfiguration
 .text.__init_hardware
                0x000015d0      0x144 ./Generated_Code/Cpu.o
                0x000015d0                __init_hardware
 .text.PE_low_level_init
                0x00001714       0xcc ./Generated_Code/Cpu.o
                0x00001714                PE_low_level_init
 .text.TRIG_Init
                0x000017e0       0x68 ./Generated_Code/TRIG.o
                0x000017e0                TRIG_Init
 .text.TRIG_ClrVal
                0x00001848       0x1c ./Generated_Code/TRIG.o
                0x00001848                TRIG_ClrVal
 .text.TRIG_SetVal
                0x00001864       0x1c ./Generated_Code/TRIG.o
                0x00001864                TRIG_SetVal
 .text.TU1_Init
                0x00001880       0xec ./Generated_Code/TU1.o
                0x00001880                TU1_Init
 .text.TU1_ResetCounter
                0x0000196c       0x34 ./Generated_Code/TU1.o
                0x0000196c                TU1_ResetCounter
 .text.TU1_GetCaptureValue
                0x000019a0       0x60 ./Generated_Code/TU1.o
                0x000019a0                TU1_GetCaptureValue
 .text.TU1_SetClockConfiguration
                0x00001a00       0x60 ./Generated_Code/TU1.o
                0x00001a00                TU1_SetClockConfiguration
 .text.TU1_Interrupt
                0x00001a60       0xa8 ./Generated_Code/TU1.o
                0x00001a60                TU1_Interrupt
 .text.HWEnDi   0x00001b08       0x98 ./Generated_Code/TU1.o
 .text.UTIL1_Num16uToStr
                0x00001ba0      0x130 ./Generated_Code/UTIL1.o
                0x00001ba0                UTIL1_Num16uToStr
 .text.ShiftRightAndFill
                0x00001cd0       0xe4 ./Generated_Code/UTIL1.o
 .text.UTIL1_Num16uToStrFormatted
                0x00001db4       0x44 ./Generated_Code/UTIL1.o
                0x00001db4                UTIL1_Num16uToStrFormatted
 .text.WAIT1_Wait10Cycles
                0x00001df8        0x8 ./Generated_Code/WAIT1.o
                0x00001df8                WAIT1_Wait10Cycles
 .text.WAIT1_Wait100Cycles
                0x00001e00       0x18 ./Generated_Code/WAIT1.o
                0x00001e00                WAIT1_Wait100Cycles
 .text.WAIT1_WaitCycles
                0x00001e18       0x44 ./Generated_Code/WAIT1.o
                0x00001e18                WAIT1_WaitCycles
 .text.WAIT1_WaitLongCycles
                0x00001e5c       0x3c ./Generated_Code/WAIT1.o
                0x00001e5c                WAIT1_WaitLongCycles
 .text.WAIT1_Waitms
                0x00001e98       0x38 ./Generated_Code/WAIT1.o
                0x00001e98                WAIT1_Waitms
 .text.exit     0x00001ed0       0x2c /opt/Freescale/KDS_v3/toolchain/bin/../lib/gcc/arm-none-eabi/4.8.4/../../../../arm-none-eabi/lib/armv6-m/libg_s.a(lib_a-exit.o)
                0x00001ed0                exit
 .text.__libc_init_array
                0x00001efc       0x4c /opt/Freescale/KDS_v3/toolchain/bin/../lib/gcc/arm-none-eabi/4.8.4/../../../../arm-none-eabi/lib/armv6-m/libg_s.a(lib_a-init.o)
                0x00001efc                __libc_init_array
 .text.memset   0x00001f48       0x10 /opt/Freescale/KDS_v3/toolchain/bin/../lib/gcc/arm-none-eabi/4.8.4/../../../../arm-none-eabi/lib/armv6-m/libg_s.a(lib_a-memset.o)
                0x00001f48                memset
 .text._exit    0x00001f58        0x4 /opt/Freescale/KDS_v3/toolchain/bin/../lib/gcc/arm-none-eabi/4.8.4/../../../../arm-none-eabi/lib/armv6-m/libnosys.a(_exit.o)
                0x00001f58                _exit
 *(.rodata)
 .rodata        0x00001f5c       0x2c ./Sources/main.o
 *(.rodata*)
 .rodata.str1.1
                0x00001f88        0x2 /opt/Freescale/KDS_v3/toolchain/bin/../lib/gcc/arm-none-eabi/4.8.4/../../../../arm-none-eabi/lib/armv6-m/libg_s.a(lib_a-impure.o)
 *fill*         0x00001f8a        0x2 
 .rodata._global_impure_ptr
                0x00001f8c        0x4 /opt/Freescale/KDS_v3/toolchain/bin/../lib/gcc/arm-none-eabi/4.8.4/../../../../arm-none-eabi/lib/armv6-m/libg_s.a(lib_a-impure.o)
                0x00001f8c                _global_impure_ptr
 *(.glue_7)
 .glue_7        0x00000000        0x0 linker stubs
 *(.glue_7t)
 .glue_7t       0x00000000        0x0 linker stubs
 *(.eh_frame)
 .eh_frame      0x00001f90        0x0 /opt/Freescale/KDS_v3/toolchain/bin/../lib/gcc/arm-none-eabi/4.8.4/armv6-m/crtbegin.o
 *(.init)
 .init          0x00001f90        0x4 /opt/Freescale/KDS_v3/toolchain/bin/../lib/gcc/arm-none-eabi/4.8.4/armv6-m/crti.o
                0x00001f90                _init
 .init          0x00001f94        0x8 /opt/Freescale/KDS_v3/toolchain/bin/../lib/gcc/arm-none-eabi/4.8.4/armv6-m/crtn.o
 *(.fini)
 .fini          0x00001f9c        0x4 /opt/Freescale/KDS_v3/toolchain/bin/../lib/gcc/arm-none-eabi/4.8.4/armv6-m/crti.o
                0x00001f9c                _fini
 .fini          0x00001fa0        0x8 /opt/Freescale/KDS_v3/toolchain/bin/../lib/gcc/arm-none-eabi/4.8.4/armv6-m/crtn.o
                0x00001fa8                . = ALIGN (0x4)
                0x00001fa8                _etext = .

.vfp11_veneer   0x00001fa8        0x0
 .vfp11_veneer  0x00000000        0x0 linker stubs

.v4_bx          0x00001fa8        0x0
 .v4_bx         0x00000000        0x0 linker stubs

.iplt           0x00001fa8        0x0
 .iplt          0x00000000        0x0 /opt/Freescale/KDS_v3/toolchain/bin/../lib/gcc/arm-none-eabi/4.8.4/armv6-m/crtbegin.o

.ARM.extab
 *(.ARM.extab* .gnu.linkonce.armextab.*)

.ARM            0x00001fa8        0x8
                0x00001fa8                __exidx_start = .
 *(.ARM.exidx*)
 .ARM.exidx     0x00001fa8        0x8 /opt/Freescale/KDS_v3/toolchain/bin/../lib/gcc/arm-none-eabi/4.8.4/../../../../arm-none-eabi/lib/armv6-m/crt0.o
                0x00001fb0                __exidx_end = .

.rel.dyn        0x00001fb0        0x0
 .rel.iplt      0x00000000        0x0 /opt/Freescale/KDS_v3/toolchain/bin/../lib/gcc/arm-none-eabi/4.8.4/armv6-m/crtbegin.o

.ctors          0x00001fb0        0x0
                0x00001fb0                __CTOR_LIST__ = .
 *crtbegin.o(.ctors)
 *(EXCLUDE_FILE(*crtend.o) .ctors)
 *(SORT(.ctors.*))
 *(.ctors)
                0x00001fb0                __CTOR_END__ = .

.dtors          0x00001fb0        0x0
                0x00001fb0                __DTOR_LIST__ = .
 *crtbegin.o(.dtors)
 *(EXCLUDE_FILE(*crtend.o) .dtors)
 *(SORT(.dtors.*))
 *(.dtors)
                0x00001fb0                __DTOR_END__ = .

.preinit_array  0x00001fb0        0x0
                0x00001fb0                PROVIDE (__preinit_array_start, .)
 *(.preinit_array*)
                0x00001fb0                PROVIDE (__preinit_array_end, .)

.init_array     0x00001fb0        0x4
                0x00001fb0                PROVIDE (__init_array_start, .)
 *(SORT(.init_array.*))
 *(.init_array*)
 .init_array    0x00001fb0        0x4 /opt/Freescale/KDS_v3/toolchain/bin/../lib/gcc/arm-none-eabi/4.8.4/armv6-m/crtbegin.o
                0x00001fb4                PROVIDE (__init_array_end, .)

.fini_array     0x00001fb4        0x4
                0x00001fb4                PROVIDE (__fini_array_start, .)
 *(SORT(.fini_array.*))
 *(.fini_array*)
 .fini_array    0x00001fb4        0x4 /opt/Freescale/KDS_v3/toolchain/bin/../lib/gcc/arm-none-eabi/4.8.4/armv6-m/crtbegin.o
                0x00001fb8                PROVIDE (__fini_array_end, .)
                0x00001fb8                ___ROM_AT = .

.mtb            0x1fffe000        0x0
                0x1fffe000                . = ALIGN (0x8)
                0x1fffe000                _mtb_start = .
 *(.mtb_buf)
                0x1fffe000                . = ALIGN (0x8)
                0x1fffe000                _mtb_end = .

.data           0x1fffe000       0x60 load address 0x00001fb8
                0x1fffe000                . = ALIGN (0x4)
                0x1fffe000                _sdata = .
 *(.data)
 *(.data*)
 .data.impure_data
                0x1fffe000       0x60 /opt/Freescale/KDS_v3/toolchain/bin/../lib/gcc/arm-none-eabi/4.8.4/../../../../arm-none-eabi/lib/armv6-m/libg_s.a(lib_a-impure.o)
                0x1fffe060                . = ALIGN (0x4)
                0x1fffe060                _edata = .
                0x00000060                ___data_size = (_edata - _sdata)

.jcr            0x1fffe060        0x0 load address 0x00002018
 .jcr           0x1fffe060        0x0 /opt/Freescale/KDS_v3/toolchain/bin/../lib/gcc/arm-none-eabi/4.8.4/armv6-m/crtbegin.o

.igot.plt       0x1fffe060        0x0 load address 0x00002018
 .igot.plt      0x00000000        0x0 /opt/Freescale/KDS_v3/toolchain/bin/../lib/gcc/arm-none-eabi/4.8.4/armv6-m/crtbegin.o
                0x1fffe060                . = ALIGN (0x4)

.bss            0x1fffe060      0x894 load address 0x00002018
                0x1fffe060                __START_BSS = .
                0x1fffe060                PROVIDE (__bss_start__, __START_BSS)
 *(.bss)
 .bss           0x1fffe060       0x1c /opt/Freescale/KDS_v3/toolchain/bin/../lib/gcc/arm-none-eabi/4.8.4/armv6-m/crtbegin.o
 *(.bss*)
 .bss.usDevice  0x1fffe07c       0x10 ./Sources/Ultrasonic.o
 .bss.DeviceDataPrv__DEFAULT_RTOS_ALLOC
                0x1fffe08c       0x20 ./Generated_Code/ASerialLdd1.o
 .bss.INT_UART0__DEFAULT_RTOS_ISRPARAM
                0x1fffe0ac        0x4 ./Generated_Code/ASerialLdd1.o
 .bss.EnMode    0x1fffe0b0        0x1 ./Generated_Code/BT.o
 *fill*         0x1fffe0b1        0x1 
 .bss.SerFlag   0x1fffe0b2        0x2 ./Generated_Code/BT.o
 .bss.BT_InpLen
                0x1fffe0b4        0x2 ./Generated_Code/BT.o
 .bss.InpIndexR
                0x1fffe0b6        0x2 ./Generated_Code/BT.o
 .bss.InpIndexW
                0x1fffe0b8        0x2 ./Generated_Code/BT.o
 *fill*         0x1fffe0ba        0x2 
 .bss.InpBuffer
                0x1fffe0bc      0x400 ./Generated_Code/BT.o
 .bss.BufferRead
                0x1fffe4bc        0x1 ./Generated_Code/BT.o
 *fill*         0x1fffe4bd        0x1 
 .bss.BT_OutLen
                0x1fffe4be        0x2 ./Generated_Code/BT.o
 .bss.OutIndexR
                0x1fffe4c0        0x2 ./Generated_Code/BT.o
 .bss.OutIndexW
                0x1fffe4c2        0x2 ./Generated_Code/BT.o
 .bss.OutBuffer
                0x1fffe4c4      0x400 ./Generated_Code/BT.o
 .bss.OnFreeTxBufSemaphore
                0x1fffe8c4        0x1 ./Generated_Code/BT.o
 .bss.SR_lock   0x1fffe8c5        0x1 ./Generated_Code/Cpu.o
                0x1fffe8c5                SR_lock
 .bss.ClockConfigurationID
                0x1fffe8c6        0x1 ./Generated_Code/Cpu.o
 *fill*         0x1fffe8c7        0x1 
 .bss.PE_LDD_DeviceDataList
                0x1fffe8c8        0xc ./Generated_Code/PE_LDD.o
                0x1fffe8c8                PE_LDD_DeviceDataList
 .bss.DeviceDataPrv__DEFAULT_RTOS_ALLOC
                0x1fffe8d4        0x4 ./Generated_Code/TRIG.o
 .bss.DeviceDataPrv__DEFAULT_RTOS_ALLOC
                0x1fffe8d8       0x10 ./Generated_Code/TU1.o
 .bss.INT_TPM2__DEFAULT_RTOS_ISRPARAM
                0x1fffe8e8        0x4 ./Generated_Code/TU1.o
 *(COMMON)
 COMMON         0x1fffe8ec        0x4 ./Generated_Code/BT.o
                0x1fffe8ec                ASerialLdd1_DeviceDataPtr
 COMMON         0x1fffe8f0        0x1 ./Generated_Code/Cpu.o
                0x1fffe8f0                SR_reg
                0x1fffe8f4                . = ALIGN (0x4)
 *fill*         0x1fffe8f1        0x3 
                0x1fffe8f4                __END_BSS = .
                0x1fffe8f4                PROVIDE (__bss_end__, __END_BSS)
                0x00002018                _romp_at = (___ROM_AT + SIZEOF (.data))

.romp           0x1fffe8f4       0x18 load address 0x00002018
                0x00002018                __S_romp = _romp_at
                0x1fffe8f4        0x4 LONG 0x1fb8 ___ROM_AT
                0x1fffe8f8        0x4 LONG 0x1fffe000 _sdata
                0x1fffe8fc        0x4 LONG 0x60 ___data_size
                0x1fffe900        0x4 LONG 0x0
                0x1fffe904        0x4 LONG 0x0
                0x1fffe908        0x4 LONG 0x0
                0x00040000                text_end = (ORIGIN (m_text) + 0x3fbf0)
                0x00002030                data_init_end = ((___ROM_AT + SIZEOF (.data)) + SIZEOF (.romp))
                0x00000001                ASSERT ((data_init_end <= text_end), region m_text overflowed with text and data)

._user_heap_stack
                0x1fffe90c      0x400 load address 0x00002030
                0x1fffe90c                . = ALIGN (0x4)
                0x1fffe90c                PROVIDE (end, .)
                0x1fffe90c                PROVIDE (_end, .)
                0x1fffe90c                PROVIDE (__end__, .)
                0x1fffe90c                __heap_addr = .
                0x1fffe90c                __HeapBase = .
                0x1fffe90c                . = (. + __heap_size)
                0x1fffe90c                __HeapLimit = .
                0x1fffed0c                . = (. + __stack_size)
 *fill*         0x1fffe90c      0x400 
                0x1fffed0c                . = ALIGN (0x4)

.ARM.attributes
                0x00000000       0x28
 *(.ARM.attributes)
 .ARM.attributes
                0x00000000       0x1e /opt/Freescale/KDS_v3/toolchain/bin/../lib/gcc/arm-none-eabi/4.8.4/armv6-m/crti.o
 .ARM.attributes
                0x0000001e       0x2c /opt/Freescale/KDS_v3/toolchain/bin/../lib/gcc/arm-none-eabi/4.8.4/armv6-m/crtbegin.o
 .ARM.attributes
                0x0000004a       0x1b /opt/Freescale/KDS_v3/toolchain/bin/../lib/gcc/arm-none-eabi/4.8.4/../../../../arm-none-eabi/lib/armv6-m/crt0.o
 .ARM.attributes
                0x00000065       0x32 ./Sources/BT_actions.o
 .ARM.attributes
                0x00000097       0x32 ./Sources/Events.o
 .ARM.attributes
                0x000000c9       0x32 ./Sources/Ultrasonic.o
 .ARM.attributes
                0x000000fb       0x32 ./Sources/main.o
 .ARM.attributes
                0x0000012d       0x32 ./Project_Settings/Startup_Code/startup.o
 .ARM.attributes
                0x0000015f       0x32 ./Generated_Code/ASerialLdd1.o
 .ARM.attributes
                0x00000191       0x32 ./Generated_Code/BT.o
 .ARM.attributes
                0x000001c3       0x32 ./Generated_Code/Cpu.o
 .ARM.attributes
                0x000001f5       0x32 ./Generated_Code/PE_LDD.o
 .ARM.attributes
                0x00000227       0x32 ./Generated_Code/TRIG.o
 .ARM.attributes
                0x00000259       0x32 ./Generated_Code/TU1.o
 .ARM.attributes
                0x0000028b       0x32 ./Generated_Code/UTIL1.o
 .ARM.attributes
                0x000002bd       0x32 ./Generated_Code/Vectors.o
 .ARM.attributes
                0x000002ef       0x32 ./Generated_Code/WAIT1.o
 .ARM.attributes
                0x00000321       0x1e /opt/Freescale/KDS_v3/toolchain/bin/../lib/gcc/arm-none-eabi/4.8.4/armv6-m/libgcc.a(_udivsi3.o)
 .ARM.attributes
                0x0000033f       0x1e /opt/Freescale/KDS_v3/toolchain/bin/../lib/gcc/arm-none-eabi/4.8.4/armv6-m/libgcc.a(_dvmd_tls.o)
 .ARM.attributes
                0x0000035d       0x2c /opt/Freescale/KDS_v3/toolchain/bin/../lib/gcc/arm-none-eabi/4.8.4/../../../../arm-none-eabi/lib/armv6-m/libg_s.a(lib_a-exit.o)
 .ARM.attributes
                0x00000389       0x2c /opt/Freescale/KDS_v3/toolchain/bin/../lib/gcc/arm-none-eabi/4.8.4/../../../../arm-none-eabi/lib/armv6-m/libg_s.a(lib_a-impure.o)
 .ARM.attributes
                0x000003b5       0x2c /opt/Freescale/KDS_v3/toolchain/bin/../lib/gcc/arm-none-eabi/4.8.4/../../../../arm-none-eabi/lib/armv6-m/libg_s.a(lib_a-init.o)
 .ARM.attributes
                0x000003e1       0x2c /opt/Freescale/KDS_v3/toolchain/bin/../lib/gcc/arm-none-eabi/4.8.4/../../../../arm-none-eabi/lib/armv6-m/libg_s.a(lib_a-memset.o)
 .ARM.attributes
                0x0000040d       0x2c /opt/Freescale/KDS_v3/toolchain/bin/../lib/gcc/arm-none-eabi/4.8.4/../../../../arm-none-eabi/lib/armv6-m/libnosys.a(_exit.o)
 .ARM.attributes
                0x00000439       0x1e /opt/Freescale/KDS_v3/toolchain/bin/../lib/gcc/arm-none-eabi/4.8.4/armv6-m/crtn.o
OUTPUT(medidorDistancia.elf elf32-littlearm)

.debug_info     0x00000000     0x49cd
 .debug_info    0x00000000      0x296 ./Sources/BT_actions.o
 .debug_info    0x00000296      0x147 ./Sources/Events.o
 .debug_info    0x000003dd      0x28d ./Sources/Ultrasonic.o
 .debug_info    0x0000066a      0x164 ./Sources/main.o
 .debug_info    0x000007ce      0x20a ./Project_Settings/Startup_Code/startup.o
 .debug_info    0x000009d8      0x94f ./Generated_Code/ASerialLdd1.o
 .debug_info    0x00001327      0x54a ./Generated_Code/BT.o
 .debug_info    0x00001871      0xa59 ./Generated_Code/Cpu.o
 .debug_info    0x000022ca      0x24d ./Generated_Code/PE_LDD.o
 .debug_info    0x00002517      0x3a6 ./Generated_Code/TRIG.o
 .debug_info    0x000028bd      0x7ed ./Generated_Code/TU1.o
 .debug_info    0x000030aa     0x16bf ./Generated_Code/UTIL1.o
 .debug_info    0x00004769      0x115 ./Generated_Code/Vectors.o
 .debug_info    0x0000487e      0x14f ./Generated_Code/WAIT1.o

.debug_abbrev   0x00000000     0x117e
 .debug_abbrev  0x00000000      0x123 ./Sources/BT_actions.o
 .debug_abbrev  0x00000123       0x82 ./Sources/Events.o
 .debug_abbrev  0x000001a5      0x136 ./Sources/Ultrasonic.o
 .debug_abbrev  0x000002db       0x97 ./Sources/main.o
 .debug_abbrev  0x00000372      0x11e ./Project_Settings/Startup_Code/startup.o
 .debug_abbrev  0x00000490      0x1ec ./Generated_Code/ASerialLdd1.o
 .debug_abbrev  0x0000067c      0x1ba ./Generated_Code/BT.o
 .debug_abbrev  0x00000836      0x1eb ./Generated_Code/Cpu.o
 .debug_abbrev  0x00000a21      0x127 ./Generated_Code/PE_LDD.o
 .debug_abbrev  0x00000b48      0x15f ./Generated_Code/TRIG.o
 .debug_abbrev  0x00000ca7      0x1e6 ./Generated_Code/TU1.o
 .debug_abbrev  0x00000e8d      0x19c ./Generated_Code/UTIL1.o
 .debug_abbrev  0x00001029       0xa4 ./Generated_Code/Vectors.o
 .debug_abbrev  0x000010cd       0xb1 ./Generated_Code/WAIT1.o

.debug_aranges  0x00000000      0x5f0
 .debug_aranges
                0x00000000       0x60 ./Sources/BT_actions.o
 .debug_aranges
                0x00000060       0x58 ./Sources/Events.o
 .debug_aranges
                0x000000b8       0x48 ./Sources/Ultrasonic.o
 .debug_aranges
                0x00000100       0x28 ./Sources/main.o
 .debug_aranges
                0x00000128       0x50 ./Project_Settings/Startup_Code/startup.o
 .debug_aranges
                0x00000178       0x70 ./Generated_Code/ASerialLdd1.o
 .debug_aranges
                0x000001e8       0x90 ./Generated_Code/BT.o
 .debug_aranges
                0x00000278       0x90 ./Generated_Code/Cpu.o
 .debug_aranges
                0x00000308       0x30 ./Generated_Code/PE_LDD.o
 .debug_aranges
                0x00000338       0x48 ./Generated_Code/TRIG.o
 .debug_aranges
                0x00000380       0x50 ./Generated_Code/TU1.o
 .debug_aranges
                0x000003d0      0x1c8 ./Generated_Code/UTIL1.o
 .debug_aranges
                0x00000598       0x18 ./Generated_Code/Vectors.o
 .debug_aranges
                0x000005b0       0x40 ./Generated_Code/WAIT1.o

.debug_ranges   0x00000000      0x508
 .debug_ranges  0x00000000       0x50 ./Sources/BT_actions.o
 .debug_ranges  0x00000050       0x48 ./Sources/Events.o
 .debug_ranges  0x00000098       0x38 ./Sources/Ultrasonic.o
 .debug_ranges  0x000000d0       0x18 ./Sources/main.o
 .debug_ranges  0x000000e8       0x40 ./Project_Settings/Startup_Code/startup.o
 .debug_ranges  0x00000128       0x60 ./Generated_Code/ASerialLdd1.o
 .debug_ranges  0x00000188       0x80 ./Generated_Code/BT.o
 .debug_ranges  0x00000208       0x80 ./Generated_Code/Cpu.o
 .debug_ranges  0x00000288       0x20 ./Generated_Code/PE_LDD.o
 .debug_ranges  0x000002a8       0x38 ./Generated_Code/TRIG.o
 .debug_ranges  0x000002e0       0x40 ./Generated_Code/TU1.o
 .debug_ranges  0x00000320      0x1b8 ./Generated_Code/UTIL1.o
 .debug_ranges  0x000004d8       0x30 ./Generated_Code/WAIT1.o

.debug_macro    0x00000000    0x18ecd
 .debug_macro   0x00000000       0xb8 ./Sources/BT_actions.o
 .debug_macro   0x000000b8      0x802 ./Sources/BT_actions.o
 .debug_macro   0x000008ba       0x28 ./Sources/BT_actions.o
 .debug_macro   0x000008e2       0x16 ./Sources/BT_actions.o
 .debug_macro   0x000008f8       0x44 ./Sources/BT_actions.o
 .debug_macro   0x0000093c      0x209 ./Sources/BT_actions.o
 .debug_macro   0x00000b45     0x1599 ./Sources/BT_actions.o
 .debug_macro   0x000020de      0x14e ./Sources/BT_actions.o
 .debug_macro   0x0000222c       0x64 ./Sources/BT_actions.o
 .debug_macro   0x00002290     0x9005 ./Sources/BT_actions.o
 .debug_macro   0x0000b295      0x20d ./Sources/BT_actions.o
 .debug_macro   0x0000b4a2       0x6d ./Sources/BT_actions.o
 .debug_macro   0x0000b50f       0x20 ./Sources/BT_actions.o
 .debug_macro   0x0000b52f      0x20a ./Sources/Events.o
 .debug_macro   0x0000b739       0x22 ./Sources/Events.o
 .debug_macro   0x0000b75b       0x22 ./Sources/Events.o
 .debug_macro   0x0000b77d       0x37 ./Sources/Events.o
 .debug_macro   0x0000b7b4       0x94 ./Sources/Events.o
 .debug_macro   0x0000b848      0x12c ./Sources/Events.o
 .debug_macro   0x0000b974       0x40 ./Sources/Events.o
 .debug_macro   0x0000b9b4      0x1dc ./Sources/Events.o
 .debug_macro   0x0000bb90       0x7b ./Sources/Events.o
 .debug_macro   0x0000bc0b       0x58 ./Sources/Events.o
 .debug_macro   0x0000bc63       0x35 ./Sources/Events.o
 .debug_macro   0x0000bc98       0xa3 ./Sources/Events.o
 .debug_macro   0x0000bd3b      0x166 ./Sources/Events.o
 .debug_macro   0x0000bea1       0x52 ./Sources/Events.o
 .debug_macro   0x0000bef3       0x16 ./Sources/Events.o
 .debug_macro   0x0000bf09       0x43 ./Sources/Events.o
 .debug_macro   0x0000bf4c      0x180 ./Sources/Events.o
 .debug_macro   0x0000c0cc      0x2a6 ./Sources/Events.o
 .debug_macro   0x0000c372       0x10 ./Sources/Events.o
 .debug_macro   0x0000c382       0x35 ./Sources/Events.o
 .debug_macro   0x0000c3b7       0x19 ./Sources/Events.o
 .debug_macro   0x0000c3d0       0x73 ./Sources/Events.o
 .debug_macro   0x0000c443      0x1cc ./Sources/Ultrasonic.o
 .debug_macro   0x0000c60f      0x213 ./Sources/Ultrasonic.o
 .debug_macro   0x0000c822       0x3d ./Sources/Ultrasonic.o
 .debug_macro   0x0000c85f      0x213 ./Sources/main.o
 .debug_macro   0x0000ca72      0x121 ./Project_Settings/Startup_Code/startup.o
 .debug_macro   0x0000cb93       0x4a ./Project_Settings/Startup_Code/startup.o
 .debug_macro   0x0000cbdd       0x16 ./Project_Settings/Startup_Code/startup.o
 .debug_macro   0x0000cbf3       0x22 ./Project_Settings/Startup_Code/startup.o
 .debug_macro   0x0000cc15       0x10 ./Project_Settings/Startup_Code/startup.o
 .debug_macro   0x0000cc25      0x20f ./Project_Settings/Startup_Code/startup.o
 .debug_macro   0x0000ce34     0x8ff9 ./Project_Settings/Startup_Code/startup.o
 .debug_macro   0x00015e2d       0xc5 ./Generated_Code/ASerialLdd1.o
 .debug_macro   0x00015ef2       0x26 ./Generated_Code/ASerialLdd1.o
 .debug_macro   0x00015f18      0x2fd ./Generated_Code/ASerialLdd1.o
 .debug_macro   0x00016215      0x9aa ./Generated_Code/ASerialLdd1.o
 .debug_macro   0x00016bbf      0x28d ./Generated_Code/BT.o
 .debug_macro   0x00016e4c      0x24a ./Generated_Code/Cpu.o
 .debug_macro   0x00017096     0x159f ./Generated_Code/Cpu.o
 .debug_macro   0x00018635      0x1ba ./Generated_Code/PE_LDD.o
 .debug_macro   0x000187ef       0xa6 ./Generated_Code/TRIG.o
 .debug_macro   0x00018895      0x213 ./Generated_Code/TU1.o
 .debug_macro   0x00018aa8      0x16d ./Generated_Code/UTIL1.o
 .debug_macro   0x00018c15      0x21e ./Generated_Code/Vectors.o
 .debug_macro   0x00018e33       0x9a ./Generated_Code/WAIT1.o

.debug_line     0x00000000     0x4786
 .debug_line    0x00000000      0x372 ./Sources/BT_actions.o
 .debug_line    0x00000372      0x493 ./Sources/Events.o
 .debug_line    0x00000805      0x485 ./Sources/Ultrasonic.o
 .debug_line    0x00000c8a      0x459 ./Sources/main.o
 .debug_line    0x000010e3      0x3ea ./Project_Settings/Startup_Code/startup.o
 .debug_line    0x000014cd      0x423 ./Generated_Code/ASerialLdd1.o
 .debug_line    0x000018f0      0x6ef ./Generated_Code/BT.o
 .debug_line    0x00001fdf      0x834 ./Generated_Code/Cpu.o
 .debug_line    0x00002813      0x3f8 ./Generated_Code/PE_LDD.o
 .debug_line    0x00002c0b      0x2e0 ./Generated_Code/TRIG.o
 .debug_line    0x00002eeb      0x522 ./Generated_Code/TU1.o
 .debug_line    0x0000340d      0xc16 ./Generated_Code/UTIL1.o
 .debug_line    0x00004023      0x4c6 ./Generated_Code/Vectors.o
 .debug_line    0x000044e9      0x29d ./Generated_Code/WAIT1.o

.debug_str      0x00000000    0x486cc
 .debug_str     0x00000000    0x370e3 ./Sources/BT_actions.o
                              0x374e5 (size before relaxing)
 .debug_str     0x000370e3     0x53a6 ./Sources/Events.o
                              0x3c7a6 (size before relaxing)
 .debug_str     0x0003c489      0x16d ./Sources/Ultrasonic.o
                              0x3c89b (size before relaxing)
 .debug_str     0x0003c5f6       0x2a ./Sources/main.o
                              0x3c7b0 (size before relaxing)
 .debug_str     0x0003c620      0x1ab ./Project_Settings/Startup_Code/startup.o
                              0x322a1 (size before relaxing)
 .debug_str     0x0003c7cb     0xad38 ./Generated_Code/ASerialLdd1.o
                              0x42670 (size before relaxing)
 .debug_str     0x00047503      0x2df ./Generated_Code/BT.o
                              0x3cace (size before relaxing)
 .debug_str     0x000477e2      0x34a ./Generated_Code/Cpu.o
                              0x3cbfe (size before relaxing)
 .debug_str     0x00047b2c      0x153 ./Generated_Code/PE_LDD.o
                              0x3c8bc (size before relaxing)
 .debug_str     0x00047c7f       0xc8 ./Generated_Code/TRIG.o
                              0x3812f (size before relaxing)
 .debug_str     0x00047d47      0x1e3 ./Generated_Code/TU1.o
                              0x3cb56 (size before relaxing)
 .debug_str     0x00047f2a      0x702 ./Generated_Code/UTIL1.o
                              0x39e89 (size before relaxing)
 .debug_str     0x0004862c       0x1c ./Generated_Code/Vectors.o
                              0x3c760 (size before relaxing)
 .debug_str     0x00048648       0x84 ./Generated_Code/WAIT1.o
                              0x375fd (size before relaxing)

.comment        0x00000000       0x70
 .comment       0x00000000       0x70 ./Sources/BT_actions.o
                                 0x71 (size before relaxing)
 .comment       0x00000000       0x71 ./Sources/Events.o
 .comment       0x00000000       0x71 ./Sources/Ultrasonic.o
 .comment       0x00000000       0x71 ./Sources/main.o
 .comment       0x00000000       0x71 ./Project_Settings/Startup_Code/startup.o
 .comment       0x00000000       0x71 ./Generated_Code/ASerialLdd1.o
 .comment       0x00000000       0x71 ./Generated_Code/BT.o
 .comment       0x00000000       0x71 ./Generated_Code/Cpu.o
 .comment       0x00000000       0x71 ./Generated_Code/PE_LDD.o
 .comment       0x00000000       0x71 ./Generated_Code/TRIG.o
 .comment       0x00000000       0x71 ./Generated_Code/TU1.o
 .comment       0x00000000       0x71 ./Generated_Code/UTIL1.o
 .comment       0x00000000       0x71 ./Generated_Code/Vectors.o
 .comment       0x00000000       0x71 ./Generated_Code/WAIT1.o

.debug_frame    0x00000000     0x1380
 .debug_frame   0x00000000      0x128 ./Sources/BT_actions.o
 .debug_frame   0x00000128       0xf8 ./Sources/Events.o
 .debug_frame   0x00000220       0xcc ./Sources/Ultrasonic.o
 .debug_frame   0x000002ec       0x50 ./Sources/main.o
 .debug_frame   0x0000033c       0xd0 ./Project_Settings/Startup_Code/startup.o
 .debug_frame   0x0000040c      0x178 ./Generated_Code/ASerialLdd1.o
 .debug_frame   0x00000584      0x1e4 ./Generated_Code/BT.o
 .debug_frame   0x00000768      0x1d8 ./Generated_Code/Cpu.o
 .debug_frame   0x00000940       0x6c ./Generated_Code/PE_LDD.o
 .debug_frame   0x000009ac       0xd0 ./Generated_Code/TRIG.o
 .debug_frame   0x00000a7c       0xf0 ./Generated_Code/TU1.o
 .debug_frame   0x00000b6c      0x6d0 ./Generated_Code/UTIL1.o
 .debug_frame   0x0000123c       0x90 ./Generated_Code/WAIT1.o
 .debug_frame   0x000012cc       0x20 /opt/Freescale/KDS_v3/toolchain/bin/../lib/gcc/arm-none-eabi/4.8.4/armv6-m/libgcc.a(_udivsi3.o)
 .debug_frame   0x000012ec       0x28 /opt/Freescale/KDS_v3/toolchain/bin/../lib/gcc/arm-none-eabi/4.8.4/../../../../arm-none-eabi/lib/armv6-m/libg_s.a(lib_a-exit.o)
 .debug_frame   0x00001314       0x2c /opt/Freescale/KDS_v3/toolchain/bin/../lib/gcc/arm-none-eabi/4.8.4/../../../../arm-none-eabi/lib/armv6-m/libg_s.a(lib_a-init.o)
 .debug_frame   0x00001340       0x20 /opt/Freescale/KDS_v3/toolchain/bin/../lib/gcc/arm-none-eabi/4.8.4/../../../../arm-none-eabi/lib/armv6-m/libg_s.a(lib_a-memset.o)
 .debug_frame   0x00001360       0x20 /opt/Freescale/KDS_v3/toolchain/bin/../lib/gcc/arm-none-eabi/4.8.4/../../../../arm-none-eabi/lib/armv6-m/libnosys.a(_exit.o)
