Archive member included because of file (symbol)

/opt/Freescale/KDS_v3/toolchain/bin/../lib/gcc/arm-none-eabi/4.8.4/armv6-m/libgcc.a(_udivsi3.o)
                              ./Sources/Ultrasonic.o (__aeabi_uidiv)
/opt/Freescale/KDS_v3/toolchain/bin/../lib/gcc/arm-none-eabi/4.8.4/armv6-m/libgcc.a(_divsi3.o)
                              ./Generated_Code/UTIL1.o (__aeabi_idiv)
/opt/Freescale/KDS_v3/toolchain/bin/../lib/gcc/arm-none-eabi/4.8.4/armv6-m/libgcc.a(_dvmd_tls.o)
                              /opt/Freescale/KDS_v3/toolchain/bin/../lib/gcc/arm-none-eabi/4.8.4/armv6-m/libgcc.a(_udivsi3.o) (__aeabi_idiv0)
/opt/Freescale/KDS_v3/toolchain/bin/../lib/gcc/arm-none-eabi/4.8.4/../../../../arm-none-eabi/lib/armv6-m/libg_s.a(lib_a-exit.o)
                              /opt/Freescale/KDS_v3/toolchain/bin/../lib/gcc/arm-none-eabi/4.8.4/../../../../arm-none-eabi/lib/armv6-m/crt0.o (exit)
/opt/Freescale/KDS_v3/toolchain/bin/../lib/gcc/arm-none-eabi/4.8.4/../../../../arm-none-eabi/lib/armv6-m/libg_s.a(lib_a-impure.o)
                              /opt/Freescale/KDS_v3/toolchain/bin/../lib/gcc/arm-none-eabi/4.8.4/../../../../arm-none-eabi/lib/armv6-m/libg_s.a(lib_a-exit.o) (_global_impure_ptr)
/opt/Freescale/KDS_v3/toolchain/bin/../lib/gcc/arm-none-eabi/4.8.4/../../../../arm-none-eabi/lib/armv6-m/libg_s.a(lib_a-init.o)
                              /opt/Freescale/KDS_v3/toolchain/bin/../lib/gcc/arm-none-eabi/4.8.4/../../../../arm-none-eabi/lib/armv6-m/crt0.o (__libc_init_array)
/opt/Freescale/KDS_v3/toolchain/bin/../lib/gcc/arm-none-eabi/4.8.4/../../../../arm-none-eabi/lib/armv6-m/libg_s.a(lib_a-memset.o)
                              /opt/Freescale/KDS_v3/toolchain/bin/../lib/gcc/arm-none-eabi/4.8.4/../../../../arm-none-eabi/lib/armv6-m/crt0.o (memset)
/opt/Freescale/KDS_v3/toolchain/bin/../lib/gcc/arm-none-eabi/4.8.4/../../../../arm-none-eabi/lib/armv6-m/libg_s.a(lib_a-strchr.o)
                              ./Generated_Code/UTIL1.o (strchr)
/opt/Freescale/KDS_v3/toolchain/bin/../lib/gcc/arm-none-eabi/4.8.4/../../../../arm-none-eabi/lib/armv6-m/libg_s.a(lib_a-strlen.o)
                              ./Generated_Code/UTIL1.o (strlen)
/opt/Freescale/KDS_v3/toolchain/bin/../lib/gcc/arm-none-eabi/4.8.4/../../../../arm-none-eabi/lib/armv6-m/libg_s.a(lib_a-strncmp.o)
                              ./Generated_Code/UTIL1.o (strncmp)
/opt/Freescale/KDS_v3/toolchain/bin/../lib/gcc/arm-none-eabi/4.8.4/../../../../arm-none-eabi/lib/armv6-m/libnosys.a(_exit.o)
                              /opt/Freescale/KDS_v3/toolchain/bin/../lib/gcc/arm-none-eabi/4.8.4/../../../../arm-none-eabi/lib/armv6-m/libg_s.a(lib_a-exit.o) (_exit)

Allocating common symbols
Common symbol       size              file

SR_reg              0x1               ./Generated_Code/Cpu.o

Discarded input sections

 .text          0x00000000        0x0 /opt/Freescale/KDS_v3/toolchain/bin/../lib/gcc/arm-none-eabi/4.8.4/armv6-m/crti.o
 .data          0x00000000        0x0 /opt/Freescale/KDS_v3/toolchain/bin/../lib/gcc/arm-none-eabi/4.8.4/armv6-m/crti.o
 .bss           0x00000000        0x0 /opt/Freescale/KDS_v3/toolchain/bin/../lib/gcc/arm-none-eabi/4.8.4/armv6-m/crti.o
 .data          0x00000000        0x4 /opt/Freescale/KDS_v3/toolchain/bin/../lib/gcc/arm-none-eabi/4.8.4/armv6-m/crtbegin.o
 .data          0x00000000        0x0 /opt/Freescale/KDS_v3/toolchain/bin/../lib/gcc/arm-none-eabi/4.8.4/../../../../arm-none-eabi/lib/armv6-m/crt0.o
 .bss           0x00000000        0x0 /opt/Freescale/KDS_v3/toolchain/bin/../lib/gcc/arm-none-eabi/4.8.4/../../../../arm-none-eabi/lib/armv6-m/crt0.o
 .ARM.extab     0x00000000        0x0 /opt/Freescale/KDS_v3/toolchain/bin/../lib/gcc/arm-none-eabi/4.8.4/../../../../arm-none-eabi/lib/armv6-m/crt0.o
 .group         0x00000000        0x8 ./Sources/Events.o
 .group         0x00000000        0x8 ./Sources/Events.o
 .group         0x00000000        0x8 ./Sources/Events.o
 .group         0x00000000        0x8 ./Sources/Events.o
 .group         0x00000000        0x8 ./Sources/Events.o
 .group         0x00000000        0x8 ./Sources/Events.o
 .group         0x00000000        0x8 ./Sources/Events.o
 .group         0x00000000        0x8 ./Sources/Events.o
 .group         0x00000000        0x8 ./Sources/Events.o
 .group         0x00000000        0x8 ./Sources/Events.o
 .group         0x00000000        0x8 ./Sources/Events.o
 .group         0x00000000        0x8 ./Sources/Events.o
 .group         0x00000000        0x8 ./Sources/Events.o
 .group         0x00000000        0x8 ./Sources/Events.o
 .group         0x00000000        0x8 ./Sources/Events.o
 .group         0x00000000        0x8 ./Sources/Events.o
 .group         0x00000000        0x8 ./Sources/Events.o
 .group         0x00000000        0x8 ./Sources/Events.o
 .group         0x00000000        0x8 ./Sources/Events.o
 .group         0x00000000        0x8 ./Sources/Events.o
 .group         0x00000000        0x8 ./Sources/Events.o
 .group         0x00000000        0x8 ./Sources/Events.o
[...]
Memory Configuration

Name             Origin             Length             Attributes
m_interrupts     0x00000000         0x000000c0         xr
m_text           0x00000410         0x0001fbf0         xr
m_data           0x1ffff000         0x00004000         rw
m_cfmprotrom     0x00000400         0x00000010         xr
*default*        0x00000000         0xffffffff

Linker script and memory map

LOAD /opt/Freescale/KDS_v3/toolchain/bin/../lib/gcc/arm-none-eabi/4.8.4/armv6-m/crti.o
LOAD /opt/Freescale/KDS_v3/toolchain/bin/../lib/gcc/arm-none-eabi/4.8.4/armv6-m/crtbegin.o
LOAD /opt/Freescale/KDS_v3/toolchain/bin/../lib/gcc/arm-none-eabi/4.8.4/../../../../arm-none-eabi/lib/armv6-m/crt0.o
LOAD ./Sources/Events.o
LOAD ./Sources/Ultrasonic.o
LOAD ./Sources/main.o
LOAD ./Project_Settings/Startup_Code/startup.o
LOAD ./Generated_Code/BitIoLdd1.o
LOAD ./Generated_Code/BitIoLdd2.o
LOAD ./Generated_Code/BitIoLdd3.o
LOAD ./Generated_Code/Cpu.o
LOAD ./Generated_Code/KSDK1.o
LOAD ./Generated_Code/LEDB.o
LOAD ./Generated_Code/LEDG.o
LOAD ./Generated_Code/LEDR.o
LOAD ./Generated_Code/LEDpin1.o
LOAD ./Generated_Code/LEDpin2.o
LOAD ./Generated_Code/LEDpin3.o
LOAD ./Generated_Code/PE_LDD.o
LOAD ./Generated_Code/TRIG_US_Back.o
LOAD ./Generated_Code/TRIG_US_front.o
LOAD ./Generated_Code/TU_US_back.o
LOAD ./Generated_Code/TU_US_front.o
LOAD ./Generated_Code/UTIL1.o
LOAD ./Generated_Code/Vectors.o
LOAD ./Generated_Code/WAIT1.o
LOAD /opt/Freescale/KDS_v3/toolchain/bin/../lib/gcc/arm-none-eabi/4.8.4/../../../../arm-none-eabi/lib/armv6-m/libstdc++_s.a
LOAD /opt/Freescale/KDS_v3/toolchain/bin/../lib/gcc/arm-none-eabi/4.8.4/../../../../arm-none-eabi/lib/armv6-m/libm.a
START GROUP
LOAD /opt/Freescale/KDS_v3/toolchain/bin/../lib/gcc/arm-none-eabi/4.8.4/armv6-m/libgcc.a
LOAD /opt/Freescale/KDS_v3/toolchain/bin/../lib/gcc/arm-none-eabi/4.8.4/../../../../arm-none-eabi/lib/armv6-m/libg_s.a
LOAD /opt/Freescale/KDS_v3/toolchain/bin/../lib/gcc/arm-none-eabi/4.8.4/../../../../arm-none-eabi/lib/armv6-m/libc_s.a
END GROUP
START GROUP
LOAD /opt/Freescale/KDS_v3/toolchain/bin/../lib/gcc/arm-none-eabi/4.8.4/armv6-m/libgcc.a
LOAD /opt/Freescale/KDS_v3/toolchain/bin/../lib/gcc/arm-none-eabi/4.8.4/../../../../arm-none-eabi/lib/armv6-m/libc_s.a
LOAD /opt/Freescale/KDS_v3/toolchain/bin/../lib/gcc/arm-none-eabi/4.8.4/../../../../arm-none-eabi/lib/armv6-m/libnosys.a
END GROUP
START GROUP
LOAD /opt/Freescale/KDS_v3/toolchain/bin/../lib/gcc/arm-none-eabi/4.8.4/armv6-m/libgcc.a
LOAD /opt/Freescale/KDS_v3/toolchain/bin/../lib/gcc/arm-none-eabi/4.8.4/../../../../arm-none-eabi/lib/armv6-m/libc_s.a
LOAD /opt/Freescale/KDS_v3/toolchain/bin/../lib/gcc/arm-none-eabi/4.8.4/../../../../arm-none-eabi/lib/armv6-m/libnosys.a
END GROUP
LOAD /opt/Freescale/KDS_v3/toolchain/bin/../lib/gcc/arm-none-eabi/4.8.4/armv6-m/crtend.o
LOAD /opt/Freescale/KDS_v3/toolchain/bin/../lib/gcc/arm-none-eabi/4.8.4/armv6-m/crtn.o
                0x20003000                _estack = 0x20003000
                0x20003000                __SP_INIT = _estack
                0x20003000                __stack = _estack
                0x00000000                __heap_size = 0x0
                0x00000400                __stack_size = 0x400

.interrupts     0x00000000       0xc0
                0x00000000                __vector_table = .
                0x00000000                . = ALIGN (0x4)
 *(.vectortable)
 .vectortable   0x00000000       0xc0 ./Generated_Code/Vectors.o
                0x00000000                __vect_table
                0x000000c0                . = ALIGN (0x4)

.cfmprotect     0x00000400       0x10
                0x00000400                . = ALIGN (0x4)
 *(.cfmconfig)
 .cfmconfig     0x00000400       0x10 ./Generated_Code/Cpu.o
                0x00000400                _cfm
                0x00000410                . = ALIGN (0x4)

.text           0x00000410     0x1104
                0x00000410                . = ALIGN (0x4)
 *(.text)
 .text          0x00000410       0x60 /opt/Freescale/KDS_v3/toolchain/bin/../lib/gcc/arm-none-eabi/4.8.4/armv6-m/crtbegin.o
 .text          0x00000470       0x78 /opt/Freescale/KDS_v3/toolchain/bin/../lib/gcc/arm-none-eabi/4.8.4/../../../../arm-none-eabi/lib/armv6-m/crt0.o
                0x00000470                _mainCRTStartup
                0x00000470                _start
 .text          0x000004e8       0x9c /opt/Freescale/KDS_v3/toolchain/bin/../lib/gcc/arm-none-eabi/4.8.4/armv6-m/libgcc.a(_udivsi3.o)
                0x000004e8                __udivsi3
                0x000004e8                __aeabi_uidiv
                0x00000570                __aeabi_uidivmod
 .text          0x00000584        0x4 /opt/Freescale/KDS_v3/toolchain/bin/../lib/gcc/arm-none-eabi/4.8.4/armv6-m/libgcc.a(_dvmd_tls.o)
                0x00000584                __aeabi_ldiv0
                0x00000584                __aeabi_idiv0
 *(.text*)
 .text.Cpu_OnNMIINT
                0x00000588        0x8 ./Sources/Events.o
                0x00000588                Cpu_OnNMIINT
 .text.TU_US_front_OnChannel0
                0x00000590       0x18 ./Sources/Events.o
                0x00000590                TU_US_front_OnChannel0
 .text.TU_US_front_OnCounterRestart
                0x000005a8       0x18 ./Sources/Events.o
                0x000005a8                TU_US_front_OnCounterRestart
 .text.TU_US_back_OnCounterRestart
                0x000005c0       0x18 ./Sources/Events.o
                0x000005c0                TU_US_back_OnCounterRestart
 .text.TU_US_back_OnChannel0
                0x000005d8       0x18 ./Sources/Events.o
                0x000005d8                TU_US_back_OnChannel0
 .text.US_Front_EventEchoOverflow
                0x000005f0       0x18 ./Sources/Ultrasonic.o
                0x000005f0                US_Front_EventEchoOverflow
 .text.US_Back_EventEchoOverflow
                0x00000608       0x18 ./Sources/Ultrasonic.o
                0x00000608                US_Back_EventEchoOverflow
 .text.US_Front_EventEchoCapture
                0x00000620       0x50 ./Sources/Ultrasonic.o
                0x00000620                US_Front_EventEchoCapture
 .text.US_Back_EventEchoCapture
                0x00000670       0x50 ./Sources/Ultrasonic.o
                0x00000670                US_Back_EventEchoCapture
 .text.calcAirspeed_dms
                0x000006c0       0x48 ./Sources/Ultrasonic.o
 .text.US_usToCentimeters
                0x00000708       0x40 ./Sources/Ultrasonic.o
                0x00000708                US_usToCentimeters
 .text.US_Back_Measure_us
                0x00000748       0x74 ./Sources/Ultrasonic.o
                0x00000748                US_Back_Measure_us
 .text.US_Init  0x000007bc       0x5c ./Sources/Ultrasonic.o
                0x000007bc                US_Init
 .text.getUS100_Back
                0x00000818       0xb8 ./Sources/main.o
 .text.main     0x000008d0       0x18 ./Sources/main.o
                0x000008d0                main
 .text.__copy_rom_section
                0x000008e8       0xd8 ./Project_Settings/Startup_Code/startup.o
                0x000008e8                __copy_rom_section
 .text.__copy_rom_sections_to_ram
                0x000009c0       0x98 ./Project_Settings/Startup_Code/startup.o
                0x000009c0                __copy_rom_sections_to_ram
 .text.__init_registers
                0x00000a58        0x8 ./Project_Settings/Startup_Code/startup.o
                0x00000a58                __init_registers
 .text.__init_user
                0x00000a60        0x8 ./Project_Settings/Startup_Code/startup.o
                0x00000a60                __init_user
 .text.__thumb_startup
                0x00000a68       0x30 ./Project_Settings/Startup_Code/startup.o
                0x00000a68                __thumb_startup
 .text.BitIoLdd1_Init
                0x00000a98       0x68 ./Generated_Code/BitIoLdd1.o
                0x00000a98                BitIoLdd1_Init
 .text.BitIoLdd1_ClrVal
                0x00000b00       0x1c ./Generated_Code/BitIoLdd1.o
                0x00000b00                BitIoLdd1_ClrVal
 .text.BitIoLdd1_SetVal
                0x00000b1c       0x1c ./Generated_Code/BitIoLdd1.o
                0x00000b1c                BitIoLdd1_SetVal
 .text.BitIoLdd2_Init
                0x00000b38       0x68 ./Generated_Code/BitIoLdd2.o
                0x00000b38                BitIoLdd2_Init
 .text.BitIoLdd2_ClrVal
                0x00000ba0       0x1c ./Generated_Code/BitIoLdd2.o
                0x00000ba0                BitIoLdd2_ClrVal
 .text.BitIoLdd2_SetVal
                0x00000bbc       0x1c ./Generated_Code/BitIoLdd2.o
                0x00000bbc                BitIoLdd2_SetVal
 .text.BitIoLdd3_Init
                0x00000bd8       0x60 ./Generated_Code/BitIoLdd3.o
                0x00000bd8                BitIoLdd3_Init
 .text.BitIoLdd3_ClrVal
                0x00000c38       0x18 ./Generated_Code/BitIoLdd3.o
                0x00000c38                BitIoLdd3_ClrVal
 .text.BitIoLdd3_SetVal
                0x00000c50       0x18 ./Generated_Code/BitIoLdd3.o
                0x00000c50                BitIoLdd3_SetVal
 .text.Cpu_INT_NMIInterrupt
                0x00000c68        0xc ./Generated_Code/Cpu.o
                0x00000c68                Cpu_INT_NMIInterrupt
 .text.Cpu_Interrupt
                0x00000c74        0xc ./Generated_Code/Cpu.o
                0x00000c74                Cpu_Interrupt
 .text.__init_hardware
                0x00000c80      0x110 ./Generated_Code/Cpu.o
                0x00000c80                __init_hardware
 .text.PE_low_level_init
                0x00000d90       0xe8 ./Generated_Code/Cpu.o
                0x00000d90                PE_low_level_init
 .text.LEDB_Init
                0x00000e78       0x18 ./Generated_Code/LEDB.o
                0x00000e78                LEDB_Init
 .text.LEDG_Init
                0x00000e90       0x18 ./Generated_Code/LEDG.o
                0x00000e90                LEDG_Init
 .text.LEDR_Init
                0x00000ea8       0x18 ./Generated_Code/LEDR.o
                0x00000ea8                LEDR_Init
 .text.TRIG_US_Back_Init
                0x00000ec0       0x68 ./Generated_Code/TRIG_US_Back.o
                0x00000ec0                TRIG_US_Back_Init
 .text.TRIG_US_Back_ClrVal
                0x00000f28       0x1c ./Generated_Code/TRIG_US_Back.o
                0x00000f28                TRIG_US_Back_ClrVal
 .text.TRIG_US_Back_SetVal
                0x00000f44       0x1c ./Generated_Code/TRIG_US_Back.o
                0x00000f44                TRIG_US_Back_SetVal
 .text.TRIG_US_front_Init
                0x00000f60       0x68 ./Generated_Code/TRIG_US_front.o
                0x00000f60                TRIG_US_front_Init
 .text.TU_US_back_Init
                0x00000fc8       0xcc ./Generated_Code/TU_US_back.o
                0x00000fc8                TU_US_back_Init
 .text.TU_US_back_ResetCounter
                0x00001094       0x1c ./Generated_Code/TU_US_back.o
                0x00001094                TU_US_back_ResetCounter
 .text.TU_US_back_GetCaptureValue
                0x000010b0       0x48 ./Generated_Code/TU_US_back.o
                0x000010b0                TU_US_back_GetCaptureValue
 .text.TU_US_back_Interrupt
                0x000010f8       0xa8 ./Generated_Code/TU_US_back.o
                0x000010f8                TU_US_back_Interrupt
 .text.TU_US_front_Init
                0x000011a0       0xe4 ./Generated_Code/TU_US_front.o
                0x000011a0                TU_US_front_Init
 .text.TU_US_front_ResetCounter
                0x00001284       0x1c ./Generated_Code/TU_US_front.o
                0x00001284                TU_US_front_ResetCounter
 .text.TU_US_front_GetCaptureValue
                0x000012a0       0x48 ./Generated_Code/TU_US_front.o
                0x000012a0                TU_US_front_GetCaptureValue
 .text.TU_US_front_Interrupt
                0x000012e8       0xa8 ./Generated_Code/TU_US_front.o
                0x000012e8                TU_US_front_Interrupt
 .text.WAIT1_Wait10Cycles
                0x00001390        0x8 ./Generated_Code/WAIT1.o
                0x00001390                WAIT1_Wait10Cycles
 .text.WAIT1_Wait100Cycles
                0x00001398       0x18 ./Generated_Code/WAIT1.o
                0x00001398                WAIT1_Wait100Cycles
 .text.WAIT1_WaitCycles
                0x000013b0       0x44 ./Generated_Code/WAIT1.o
                0x000013b0                WAIT1_WaitCycles
 .text.WAIT1_WaitLongCycles
                0x000013f4       0x3c ./Generated_Code/WAIT1.o
                0x000013f4                WAIT1_WaitLongCycles
 .text.WAIT1_Waitms
                0x00001430       0x38 ./Generated_Code/WAIT1.o
                0x00001430                WAIT1_Waitms
 .text.exit     0x00001468       0x2c /opt/Freescale/KDS_v3/toolchain/bin/../lib/gcc/arm-none-eabi/4.8.4/../../../../arm-none-eabi/lib/armv6-m/libg_s.a(lib_a-exit.o)
                0x00001468                exit
 .text.__libc_init_array
                0x00001494       0x4c /opt/Freescale/KDS_v3/toolchain/bin/../lib/gcc/arm-none-eabi/4.8.4/../../../../arm-none-eabi/lib/armv6-m/libg_s.a(lib_a-init.o)
                0x00001494                __libc_init_array
 .text.memset   0x000014e0       0x10 /opt/Freescale/KDS_v3/toolchain/bin/../lib/gcc/arm-none-eabi/4.8.4/../../../../arm-none-eabi/lib/armv6-m/libg_s.a(lib_a-memset.o)
                0x000014e0                memset
 .text._exit    0x000014f0        0x4 /opt/Freescale/KDS_v3/toolchain/bin/../lib/gcc/arm-none-eabi/4.8.4/../../../../arm-none-eabi/lib/armv6-m/libnosys.a(_exit.o)
                0x000014f0                _exit
 *(.rodata)
 *(.rodata*)
 .rodata.str1.1
                0x000014f4        0x2 /opt/Freescale/KDS_v3/toolchain/bin/../lib/gcc/arm-none-eabi/4.8.4/../../../../arm-none-eabi/lib/armv6-m/libg_s.a(lib_a-impure.o)
 *fill*         0x000014f6        0x2 
 .rodata._global_impure_ptr
                0x000014f8        0x4 /opt/Freescale/KDS_v3/toolchain/bin/../lib/gcc/arm-none-eabi/4.8.4/../../../../arm-none-eabi/lib/armv6-m/libg_s.a(lib_a-impure.o)
                0x000014f8                _global_impure_ptr
 *(.glue_7)
 .glue_7        0x00000000        0x0 linker stubs
 *(.glue_7t)
 .glue_7t       0x00000000        0x0 linker stubs
 *(.eh_frame)
 .eh_frame      0x000014fc        0x0 /opt/Freescale/KDS_v3/toolchain/bin/../lib/gcc/arm-none-eabi/4.8.4/armv6-m/crtbegin.o
 *(.init)
 .init          0x000014fc        0x4 /opt/Freescale/KDS_v3/toolchain/bin/../lib/gcc/arm-none-eabi/4.8.4/armv6-m/crti.o
                0x000014fc                _init
 .init          0x00001500        0x8 /opt/Freescale/KDS_v3/toolchain/bin/../lib/gcc/arm-none-eabi/4.8.4/armv6-m/crtn.o
 *(.fini)
 .fini          0x00001508        0x4 /opt/Freescale/KDS_v3/toolchain/bin/../lib/gcc/arm-none-eabi/4.8.4/armv6-m/crti.o
                0x00001508                _fini
 .fini          0x0000150c        0x8 /opt/Freescale/KDS_v3/toolchain/bin/../lib/gcc/arm-none-eabi/4.8.4/armv6-m/crtn.o
                0x00001514                . = ALIGN (0x4)
                0x00001514                _etext = .

.vfp11_veneer   0x00001514        0x0
 .vfp11_veneer  0x00000000        0x0 linker stubs

.v4_bx          0x00001514        0x0
 .v4_bx         0x00000000        0x0 linker stubs

.iplt           0x00001514        0x0
 .iplt          0x00000000        0x0 /opt/Freescale/KDS_v3/toolchain/bin/../lib/gcc/arm-none-eabi/4.8.4/armv6-m/crtbegin.o

.ARM.extab
 *(.ARM.extab* .gnu.linkonce.armextab.*)

.ARM            0x00001514        0x8
                0x00001514                __exidx_start = .
 *(.ARM.exidx*)
 .ARM.exidx     0x00001514        0x8 /opt/Freescale/KDS_v3/toolchain/bin/../lib/gcc/arm-none-eabi/4.8.4/../../../../arm-none-eabi/lib/armv6-m/crt0.o
                0x0000151c                __exidx_end = .

.rel.dyn        0x0000151c        0x0
 .rel.iplt      0x00000000        0x0 /opt/Freescale/KDS_v3/toolchain/bin/../lib/gcc/arm-none-eabi/4.8.4/armv6-m/crtbegin.o

.ctors          0x0000151c        0x0
                0x0000151c                __CTOR_LIST__ = .
 *crtbegin.o(.ctors)
 *(EXCLUDE_FILE(*crtend.o) .ctors)
 *(SORT(.ctors.*))
 *(.ctors)
                0x0000151c                __CTOR_END__ = .

.dtors          0x0000151c        0x0
                0x0000151c                __DTOR_LIST__ = .
 *crtbegin.o(.dtors)
 *(EXCLUDE_FILE(*crtend.o) .dtors)
 *(SORT(.dtors.*))
 *(.dtors)
                0x0000151c                __DTOR_END__ = .

.preinit_array  0x0000151c        0x0
                0x0000151c                PROVIDE (__preinit_array_start, .)
 *(.preinit_array*)
                0x0000151c                PROVIDE (__preinit_array_end, .)

.init_array     0x0000151c        0x4
                0x0000151c                PROVIDE (__init_array_start, .)
 *(SORT(.init_array.*))
 *(.init_array*)
 .init_array    0x0000151c        0x4 /opt/Freescale/KDS_v3/toolchain/bin/../lib/gcc/arm-none-eabi/4.8.4/armv6-m/crtbegin.o
                0x00001520                PROVIDE (__init_array_end, .)

.fini_array     0x00001520        0x4
                0x00001520                PROVIDE (__fini_array_start, .)
 *(SORT(.fini_array.*))
 *(.fini_array*)
 .fini_array    0x00001520        0x4 /opt/Freescale/KDS_v3/toolchain/bin/../lib/gcc/arm-none-eabi/4.8.4/armv6-m/crtbegin.o
                0x00001524                PROVIDE (__fini_array_end, .)
                0x00001524                ___ROM_AT = .

.mtb            0x1ffff000        0x0
                0x1ffff000                . = ALIGN (0x8)
                0x1ffff000                _mtb_start = .
 *(.mtb_buf)
                0x1ffff000                . = ALIGN (0x8)
                0x1ffff000                _mtb_end = .

.data           0x1ffff000       0x60 load address 0x00001524
                0x1ffff000                . = ALIGN (0x4)
                0x1ffff000                _sdata = .
 *(.data)
 *(.data*)
 .data.impure_data
                0x1ffff000       0x60 /opt/Freescale/KDS_v3/toolchain/bin/../lib/gcc/arm-none-eabi/4.8.4/../../../../arm-none-eabi/lib/armv6-m/libg_s.a(lib_a-impure.o)
                0x1ffff060                . = ALIGN (0x4)
                0x1ffff060                _edata = .
                0x00000060                ___data_size = (_edata - _sdata)

.jcr            0x1ffff060        0x0 load address 0x00001584
 .jcr           0x1ffff060        0x0 /opt/Freescale/KDS_v3/toolchain/bin/../lib/gcc/arm-none-eabi/4.8.4/armv6-m/crtbegin.o

.igot.plt       0x1ffff060        0x0 load address 0x00001584
 .igot.plt      0x00000000        0x0 /opt/Freescale/KDS_v3/toolchain/bin/../lib/gcc/arm-none-eabi/4.8.4/armv6-m/crtbegin.o
                0x1ffff060                . = ALIGN (0x4)

.bss            0x1ffff060       0x84 load address 0x00001584
                0x1ffff060                __START_BSS = .
                0x1ffff060                PROVIDE (__bss_start__, __START_BSS)
 *(.bss)
 .bss           0x1ffff060       0x1c /opt/Freescale/KDS_v3/toolchain/bin/../lib/gcc/arm-none-eabi/4.8.4/armv6-m/crtbegin.o
 *(.bss*)
 .bss.usDeviceFront
                0x1ffff07c       0x10 ./Sources/Ultrasonic.o
 .bss.usDeviceBack
                0x1ffff08c       0x10 ./Sources/Ultrasonic.o
 .bss.DeviceDataPrv__DEFAULT_RTOS_ALLOC
                0x1ffff09c        0x4 ./Generated_Code/BitIoLdd1.o
 .bss.DeviceDataPrv__DEFAULT_RTOS_ALLOC
                0x1ffff0a0        0x4 ./Generated_Code/BitIoLdd2.o
 .bss.DeviceDataPrv__DEFAULT_RTOS_ALLOC
                0x1ffff0a4        0x4 ./Generated_Code/BitIoLdd3.o
 .bss.PE_LDD_DeviceDataList
                0x1ffff0a8       0x1c ./Generated_Code/PE_LDD.o
                0x1ffff0a8                PE_LDD_DeviceDataList
 .bss.DeviceDataPrv__DEFAULT_RTOS_ALLOC
                0x1ffff0c4        0x4 ./Generated_Code/TRIG_US_Back.o
 .bss.DeviceDataPrv__DEFAULT_RTOS_ALLOC
                0x1ffff0c8        0x4 ./Generated_Code/TRIG_US_front.o
 .bss.DeviceDataPrv__DEFAULT_RTOS_ALLOC
                0x1ffff0cc        0x8 ./Generated_Code/TU_US_back.o
 .bss.INT_TPM1__DEFAULT_RTOS_ISRPARAM
                0x1ffff0d4        0x4 ./Generated_Code/TU_US_back.o
 .bss.DeviceDataPrv__DEFAULT_RTOS_ALLOC
                0x1ffff0d8        0x8 ./Generated_Code/TU_US_front.o
 .bss.INT_TPM0__DEFAULT_RTOS_ISRPARAM
                0x1ffff0e0        0x4 ./Generated_Code/TU_US_front.o
 *(COMMON)
                0x1ffff0e4                . = ALIGN (0x4)
                0x1ffff0e4                __END_BSS = .
                0x1ffff0e4                PROVIDE (__bss_end__, __END_BSS)
                0x00001584                _romp_at = (___ROM_AT + SIZEOF (.data))

.romp           0x1ffff0e4       0x18 load address 0x00001584
                0x00001584                __S_romp = _romp_at
                0x1ffff0e4        0x4 LONG 0x1524 ___ROM_AT
                0x1ffff0e8        0x4 LONG 0x1ffff000 _sdata
                0x1ffff0ec        0x4 LONG 0x60 ___data_size
                0x1ffff0f0        0x4 LONG 0x0
                0x1ffff0f4        0x4 LONG 0x0
                0x1ffff0f8        0x4 LONG 0x0
                0x00020000                text_end = (ORIGIN (m_text) + 0x1fbf0)
                0x0000159c                data_init_end = ((___ROM_AT + SIZEOF (.data)) + SIZEOF (.romp))
                0x00000001                ASSERT ((data_init_end <= text_end), region m_text overflowed with text and data)

._user_heap_stack
                0x1ffff0fc      0x400 load address 0x0000159c
                0x1ffff0fc                . = ALIGN (0x4)
                0x1ffff0fc                PROVIDE (end, .)
                0x1ffff0fc                PROVIDE (_end, .)
                0x1ffff0fc                PROVIDE (__end__, .)
                0x1ffff0fc                __heap_addr = .
                0x1ffff0fc                __HeapBase = .
                0x1ffff0fc                . = (. + __heap_size)
                0x1ffff0fc                __HeapLimit = .
                0x1ffff4fc                . = (. + __stack_size)
 *fill*         0x1ffff0fc      0x400 
                0x1ffff4fc                . = ALIGN (0x4)

.ARM.attributes
                0x00000000       0x28
 *(.ARM.attributes)
 .ARM.attributes
                0x00000000       0x1e /opt/Freescale/KDS_v3/toolchain/bin/../lib/gcc/arm-none-eabi/4.8.4/armv6-m/crti.o
 .ARM.attributes
                0x0000001e       0x2c /opt/Freescale/KDS_v3/toolchain/bin/../lib/gcc/arm-none-eabi/4.8.4/armv6-m/crtbegin.o
 .ARM.attributes
                0x0000004a       0x1b /opt/Freescale/KDS_v3/toolchain/bin/../lib/gcc/arm-none-eabi/4.8.4/../../../../arm-none-eabi/lib/armv6-m/crt0.o
 .ARM.attributes
                0x00000065       0x32 ./Sources/Events.o
 .ARM.attributes
                0x00000097       0x32 ./Sources/Ultrasonic.o
 .ARM.attributes
                0x000000c9       0x32 ./Sources/main.o
 .ARM.attributes
                0x000000fb       0x32 ./Project_Settings/Startup_Code/startup.o
 .ARM.attributes
                0x0000012d       0x32 ./Generated_Code/BitIoLdd1.o
 .ARM.attributes
                0x0000015f       0x32 ./Generated_Code/BitIoLdd2.o
 .ARM.attributes
                0x00000191       0x32 ./Generated_Code/BitIoLdd3.o
 .ARM.attributes
                0x000001c3       0x32 ./Generated_Code/Cpu.o
 .ARM.attributes
                0x000001f5       0x32 ./Generated_Code/LEDB.o
 .ARM.attributes
                0x00000227       0x32 ./Generated_Code/LEDG.o
 .ARM.attributes
                0x00000259       0x32 ./Generated_Code/LEDR.o
 .ARM.attributes
                0x0000028b       0x32 ./Generated_Code/PE_LDD.o
 .ARM.attributes
                0x000002bd       0x32 ./Generated_Code/TRIG_US_Back.o
 .ARM.attributes
                0x000002ef       0x32 ./Generated_Code/TRIG_US_front.o
 .ARM.attributes
                0x00000321       0x32 ./Generated_Code/TU_US_back.o
 .ARM.attributes
                0x00000353       0x32 ./Generated_Code/TU_US_front.o
 .ARM.attributes
                0x00000385       0x32 ./Generated_Code/Vectors.o
 .ARM.attributes
                0x000003b7       0x32 ./Generated_Code/WAIT1.o
 .ARM.attributes
                0x000003e9       0x1e /opt/Freescale/KDS_v3/toolchain/bin/../lib/gcc/arm-none-eabi/4.8.4/armv6-m/libgcc.a(_udivsi3.o)
 .ARM.attributes
                0x00000407       0x1e /opt/Freescale/KDS_v3/toolchain/bin/../lib/gcc/arm-none-eabi/4.8.4/armv6-m/libgcc.a(_dvmd_tls.o)
 .ARM.attributes
                0x00000425       0x2c /opt/Freescale/KDS_v3/toolchain/bin/../lib/gcc/arm-none-eabi/4.8.4/../../../../arm-none-eabi/lib/armv6-m/libg_s.a(lib_a-exit.o)
 .ARM.attributes
                0x00000451       0x2c /opt/Freescale/KDS_v3/toolchain/bin/../lib/gcc/arm-none-eabi/4.8.4/../../../../arm-none-eabi/lib/armv6-m/libg_s.a(lib_a-impure.o)
 .ARM.attributes
                0x0000047d       0x2c /opt/Freescale/KDS_v3/toolchain/bin/../lib/gcc/arm-none-eabi/4.8.4/../../../../arm-none-eabi/lib/armv6-m/libg_s.a(lib_a-init.o)
 .ARM.attributes
                0x000004a9       0x2c /opt/Freescale/KDS_v3/toolchain/bin/../lib/gcc/arm-none-eabi/4.8.4/../../../../arm-none-eabi/lib/armv6-m/libg_s.a(lib_a-memset.o)
 .ARM.attributes
                0x000004d5       0x2c /opt/Freescale/KDS_v3/toolchain/bin/../lib/gcc/arm-none-eabi/4.8.4/../../../../arm-none-eabi/lib/armv6-m/libnosys.a(_exit.o)
 .ARM.attributes
                0x00000501       0x1e /opt/Freescale/KDS_v3/toolchain/bin/../lib/gcc/arm-none-eabi/4.8.4/armv6-m/crtn.o
OUTPUT(medidorDistancia.elf elf32-littlearm)

.debug_info     0x00000000     0x37ac
 .debug_info    0x00000000      0x12f ./Sources/Events.o
 .debug_info    0x0000012f      0x377 ./Sources/Ultrasonic.o
 .debug_info    0x000004a6      0x175 ./Sources/main.o
 .debug_info    0x0000061b      0x20a ./Project_Settings/Startup_Code/startup.o
 .debug_info    0x00000825      0x372 ./Generated_Code/BitIoLdd1.o
 .debug_info    0x00000b97      0x372 ./Generated_Code/BitIoLdd2.o
 .debug_info    0x00000f09      0x372 ./Generated_Code/BitIoLdd3.o
 .debug_info    0x0000127b      0x842 ./Generated_Code/Cpu.o
 .debug_info    0x00001abd      0x10b ./Generated_Code/LEDB.o
 .debug_info    0x00001bc8      0x10b ./Generated_Code/LEDG.o
 .debug_info    0x00001cd3      0x10b ./Generated_Code/LEDR.o
 .debug_info    0x00001dde      0x24d ./Generated_Code/PE_LDD.o
 .debug_info    0x0000202b      0x3a6 ./Generated_Code/TRIG_US_Back.o
 .debug_info    0x000023d1      0x3a6 ./Generated_Code/TRIG_US_front.o
 .debug_info    0x00002777      0x6ec ./Generated_Code/TU_US_back.o
 .debug_info    0x00002e63      0x6ec ./Generated_Code/TU_US_front.o
 .debug_info    0x0000354f      0x10e ./Generated_Code/Vectors.o
 .debug_info    0x0000365d      0x14f ./Generated_Code/WAIT1.o

.debug_abbrev   0x00000000     0x1365
 .debug_abbrev  0x00000000       0x9a ./Sources/Events.o
 .debug_abbrev  0x0000009a      0x136 ./Sources/Ultrasonic.o
 .debug_abbrev  0x000001d0       0xb7 ./Sources/main.o
 .debug_abbrev  0x00000287      0x11e ./Project_Settings/Startup_Code/startup.o
 .debug_abbrev  0x000003a5      0x127 ./Generated_Code/BitIoLdd1.o
 .debug_abbrev  0x000004cc      0x127 ./Generated_Code/BitIoLdd2.o
 .debug_abbrev  0x000005f3      0x127 ./Generated_Code/BitIoLdd3.o
 .debug_abbrev  0x0000071a      0x14f ./Generated_Code/Cpu.o
 .debug_abbrev  0x00000869       0xc6 ./Generated_Code/LEDB.o
 .debug_abbrev  0x0000092f       0xc6 ./Generated_Code/LEDG.o
 .debug_abbrev  0x000009f5       0xc6 ./Generated_Code/LEDR.o
 .debug_abbrev  0x00000abb      0x10d ./Generated_Code/PE_LDD.o
 .debug_abbrev  0x00000bc8      0x15f ./Generated_Code/TRIG_US_Back.o
 .debug_abbrev  0x00000d27      0x15f ./Generated_Code/TRIG_US_front.o
 .debug_abbrev  0x00000e86      0x1c5 ./Generated_Code/TU_US_back.o
 .debug_abbrev  0x0000104b      0x1c5 ./Generated_Code/TU_US_front.o
 .debug_abbrev  0x00001210       0xa4 ./Generated_Code/Vectors.o
 .debug_abbrev  0x000012b4       0xb1 ./Generated_Code/WAIT1.o

.debug_aranges  0x00000000      0x440
 .debug_aranges
                0x00000000       0x40 ./Sources/Events.o
 .debug_aranges
                0x00000040       0x60 ./Sources/Ultrasonic.o
 .debug_aranges
                0x000000a0       0x30 ./Sources/main.o
 .debug_aranges
                0x000000d0       0x50 ./Project_Settings/Startup_Code/startup.o
 .debug_aranges
                0x00000120       0x40 ./Generated_Code/BitIoLdd1.o
 .debug_aranges
                0x00000160       0x40 ./Generated_Code/BitIoLdd2.o
 .debug_aranges
                0x000001a0       0x40 ./Generated_Code/BitIoLdd3.o
 .debug_aranges
                0x000001e0       0x38 ./Generated_Code/Cpu.o
 .debug_aranges
                0x00000218       0x30 ./Generated_Code/LEDB.o
 .debug_aranges
                0x00000248       0x30 ./Generated_Code/LEDG.o
 .debug_aranges
                0x00000278       0x30 ./Generated_Code/LEDR.o
 .debug_aranges
                0x000002a8       0x30 ./Generated_Code/PE_LDD.o
 .debug_aranges
                0x000002d8       0x48 ./Generated_Code/TRIG_US_Back.o
 .debug_aranges
                0x00000320       0x48 ./Generated_Code/TRIG_US_front.o
 .debug_aranges
                0x00000368       0x40 ./Generated_Code/TU_US_back.o
 .debug_aranges
                0x000003a8       0x40 ./Generated_Code/TU_US_front.o
 .debug_aranges
                0x000003e8       0x18 ./Generated_Code/Vectors.o
 .debug_aranges
                0x00000400       0x40 ./Generated_Code/WAIT1.o

.debug_ranges   0x00000000      0x318
 .debug_ranges  0x00000000       0x30 ./Sources/Events.o
 .debug_ranges  0x00000030       0x50 ./Sources/Ultrasonic.o
 .debug_ranges  0x00000080       0x20 ./Sources/main.o
 .debug_ranges  0x000000a0       0x40 ./Project_Settings/Startup_Code/startup.o
 .debug_ranges  0x000000e0       0x30 ./Generated_Code/BitIoLdd1.o
 .debug_ranges  0x00000110       0x30 ./Generated_Code/BitIoLdd2.o
 .debug_ranges  0x00000140       0x30 ./Generated_Code/BitIoLdd3.o
 .debug_ranges  0x00000170       0x28 ./Generated_Code/Cpu.o
 .debug_ranges  0x00000198       0x20 ./Generated_Code/LEDB.o
 .debug_ranges  0x000001b8       0x20 ./Generated_Code/LEDG.o
 .debug_ranges  0x000001d8       0x20 ./Generated_Code/LEDR.o
 .debug_ranges  0x000001f8       0x20 ./Generated_Code/PE_LDD.o
 .debug_ranges  0x00000218       0x38 ./Generated_Code/TRIG_US_Back.o
 .debug_ranges  0x00000250       0x38 ./Generated_Code/TRIG_US_front.o
 .debug_ranges  0x00000288       0x30 ./Generated_Code/TU_US_back.o
 .debug_ranges  0x000002b8       0x30 ./Generated_Code/TU_US_front.o
 .debug_ranges  0x000002e8       0x30 ./Generated_Code/WAIT1.o

.debug_macro    0x00000000    0x11ee6
 .debug_macro   0x00000000      0x29d ./Sources/Events.o
 .debug_macro   0x0000029d      0x802 ./Sources/Events.o
 .debug_macro   0x00000a9f       0x16 ./Sources/Events.o
 .debug_macro   0x00000ab5       0x44 ./Sources/Events.o
 .debug_macro   0x00000af9      0x209 ./Sources/Events.o
 .debug_macro   0x00000d02     0x1599 ./Sources/Events.o
 .debug_macro   0x0000229b      0x14e ./Sources/Events.o
 .debug_macro   0x000023e9       0x64 ./Sources/Events.o
 .debug_macro   0x0000244d     0x6691 ./Sources/Events.o
 .debug_macro   0x00008ade       0x94 ./Sources/Events.o
 .debug_macro   0x00008b72       0x22 ./Sources/Events.o
 .debug_macro   0x00008b94       0x22 ./Sources/Events.o
 .debug_macro   0x00008bb6       0x37 ./Sources/Events.o
 .debug_macro   0x00008bed       0x94 ./Sources/Events.o
 .debug_macro   0x00008c81      0x12c ./Sources/Events.o
 .debug_macro   0x00008dad       0x40 ./Sources/Events.o
 .debug_macro   0x00008ded       0x46 ./Sources/Events.o
 .debug_macro   0x00008e33       0x1f ./Sources/Events.o
 .debug_macro   0x00008e52       0x41 ./Sources/Events.o
 .debug_macro   0x00008e93       0x46 ./Sources/Events.o
 .debug_macro   0x00008ed9       0x1f ./Sources/Events.o
 .debug_macro   0x00008ef8       0x41 ./Sources/Events.o
 .debug_macro   0x00008f39       0x46 ./Sources/Events.o
 .debug_macro   0x00008f7f       0x1f ./Sources/Events.o
 .debug_macro   0x00008f9e       0x41 ./Sources/Events.o
 .debug_macro   0x00008fdf      0x1dc ./Sources/Events.o
 .debug_macro   0x000091bb       0x6d ./Sources/Events.o
 .debug_macro   0x00009228       0x46 ./Sources/Events.o
 .debug_macro   0x0000926e       0x73 ./Sources/Events.o
 .debug_macro   0x000092e1       0x58 ./Sources/Events.o
 .debug_macro   0x00009339       0x35 ./Sources/Events.o
 .debug_macro   0x0000936e       0xa3 ./Sources/Events.o
 .debug_macro   0x00009411      0x166 ./Sources/Events.o
 .debug_macro   0x00009577       0x52 ./Sources/Events.o
 .debug_macro   0x000095c9       0x16 ./Sources/Events.o
 .debug_macro   0x000095df       0x43 ./Sources/Events.o
 .debug_macro   0x00009622      0x180 ./Sources/Events.o
 .debug_macro   0x000097a2      0x2a6 ./Sources/Events.o
 .debug_macro   0x00009a48       0x10 ./Sources/Events.o
 .debug_macro   0x00009a58       0x35 ./Sources/Events.o
 .debug_macro   0x00009a8d       0x19 ./Sources/Events.o
 .debug_macro   0x00009aa6      0x245 ./Sources/Ultrasonic.o
 .debug_macro   0x00009ceb       0x9a ./Sources/Ultrasonic.o
 .debug_macro   0x00009d85      0x29d ./Sources/main.o
 .debug_macro   0x0000a022      0x121 ./Project_Settings/Startup_Code/startup.o
 .debug_macro   0x0000a143       0x4a ./Project_Settings/Startup_Code/startup.o
 .debug_macro   0x0000a18d       0x16 ./Project_Settings/Startup_Code/startup.o
 .debug_macro   0x0000a1a3       0x22 ./Project_Settings/Startup_Code/startup.o
 .debug_macro   0x0000a1c5       0x10 ./Project_Settings/Startup_Code/startup.o
 .debug_macro   0x0000a1d5      0x20f ./Project_Settings/Startup_Code/startup.o
 .debug_macro   0x0000a3e4     0x6685 ./Project_Settings/Startup_Code/startup.o
 .debug_macro   0x00010a69       0xa6 ./Generated_Code/BitIoLdd1.o
 .debug_macro   0x00010b0f       0x40 ./Generated_Code/BitIoLdd1.o
 .debug_macro   0x00010b4f       0xa6 ./Generated_Code/BitIoLdd2.o
 .debug_macro   0x00010bf5       0x40 ./Generated_Code/BitIoLdd2.o
 .debug_macro   0x00010c35       0xa6 ./Generated_Code/BitIoLdd3.o
 .debug_macro   0x00010cdb       0x40 ./Generated_Code/BitIoLdd3.o
 .debug_macro   0x00010d1b      0x2df ./Generated_Code/Cpu.o
 .debug_macro   0x00010ffa       0xd0 ./Generated_Code/LEDB.o
 .debug_macro   0x000110ca       0xd0 ./Generated_Code/LEDG.o
 .debug_macro   0x0001119a       0xd0 ./Generated_Code/LEDR.o
 .debug_macro   0x0001126a      0x22f ./Generated_Code/PE_LDD.o
 .debug_macro   0x00011499       0xa6 ./Generated_Code/TRIG_US_Back.o
 .debug_macro   0x0001153f       0x40 ./Generated_Code/TRIG_US_Back.o
 .debug_macro   0x0001157f       0xa6 ./Generated_Code/TRIG_US_front.o
 .debug_macro   0x00011625      0x2a6 ./Generated_Code/TU_US_back.o
 .debug_macro   0x000118cb      0x2a6 ./Generated_Code/TU_US_front.o
 .debug_macro   0x00011b71      0x2db ./Generated_Code/Vectors.o
 .debug_macro   0x00011e4c       0x9a ./Generated_Code/WAIT1.o

.debug_line     0x00000000     0x45c1
 .debug_line    0x00000000      0x4be ./Sources/Events.o
 .debug_line    0x000004be      0x532 ./Sources/Ultrasonic.o
 .debug_line    0x000009f0      0x526 ./Sources/main.o
 .debug_line    0x00000f16      0x3ca ./Project_Settings/Startup_Code/startup.o
 .debug_line    0x000012e0      0x2b5 ./Generated_Code/BitIoLdd1.o
 .debug_line    0x00001595      0x2b5 ./Generated_Code/BitIoLdd2.o
 .debug_line    0x0000184a      0x2b6 ./Generated_Code/BitIoLdd3.o
 .debug_line    0x00001b00      0x60f ./Generated_Code/Cpu.o
 .debug_line    0x0000210f      0x2b6 ./Generated_Code/LEDB.o
 .debug_line    0x000023c5      0x2b6 ./Generated_Code/LEDG.o
 .debug_line    0x0000267b      0x2b6 ./Generated_Code/LEDR.o
 .debug_line    0x00002931      0x465 ./Generated_Code/PE_LDD.o
 .debug_line    0x00002d96      0x2d0 ./Generated_Code/TRIG_US_Back.o
 .debug_line    0x00003066      0x2d2 ./Generated_Code/TRIG_US_front.o
 .debug_line    0x00003338      0x52c ./Generated_Code/TU_US_back.o
 .debug_line    0x00003864      0x532 ./Generated_Code/TU_US_front.o
 .debug_line    0x00003d96      0x59e ./Generated_Code/Vectors.o
 .debug_line    0x00004334      0x28d ./Generated_Code/WAIT1.o

.debug_str      0x00000000    0x32c31
 .debug_str     0x00000000    0x31b3c ./Sources/Events.o
                              0x31fb8 (size before relaxing)
 .debug_str     0x00031b3c      0x20e ./Sources/Ultrasonic.o
                              0x3214d (size before relaxing)
 .debug_str     0x00031d4a       0x4a ./Sources/main.o
                              0x31f97 (size before relaxing)
 .debug_str     0x00031d94      0x1b0 ./Project_Settings/Startup_Code/startup.o
                              0x27309 (size before relaxing)
 .debug_str     0x00031f44      0x150 ./Generated_Code/BitIoLdd1.o
                              0x2cbee (size before relaxing)
 .debug_str     0x00032094       0xa0 ./Generated_Code/BitIoLdd2.o
                              0x2cbee (size before relaxing)
 .debug_str     0x00032134       0xa0 ./Generated_Code/BitIoLdd3.o
                              0x2cbe8 (size before relaxing)
 .debug_str     0x000321d4      0x2b5 ./Generated_Code/Cpu.o
                              0x3222a (size before relaxing)
 .debug_str     0x00032489       0x45 ./Generated_Code/LEDB.o
                              0x2cd9d (size before relaxing)
 .debug_str     0x000324ce       0x3f ./Generated_Code/LEDG.o
                              0x2cda3 (size before relaxing)
 .debug_str     0x0003250d       0x3f ./Generated_Code/LEDR.o
                              0x2cda3 (size before relaxing)
 .debug_str     0x0003254c      0x172 ./Generated_Code/PE_LDD.o
                              0x320d3 (size before relaxing)
 .debug_str     0x000326be       0xcc ./Generated_Code/TRIG_US_Back.o
                              0x2cbf5 (size before relaxing)
 .debug_str     0x0003278a       0xd5 ./Generated_Code/TRIG_US_front.o
                              0x2cc09 (size before relaxing)
 .debug_str     0x0003285f      0x213 ./Generated_Code/TU_US_back.o
                              0x32330 (size before relaxing)
 .debug_str     0x00032a72      0x11f ./Generated_Code/TU_US_front.o
                              0x3233a (size before relaxing)
 .debug_str     0x00032b91       0x1c ./Generated_Code/Vectors.o
                              0x31f71 (size before relaxing)
 .debug_str     0x00032bad       0x84 ./Generated_Code/WAIT1.o
                              0x2c027 (size before relaxing)

.comment        0x00000000       0x70
 .comment       0x00000000       0x70 ./Sources/Events.o
                                 0x71 (size before relaxing)
 .comment       0x00000000       0x71 ./Sources/Ultrasonic.o
 .comment       0x00000000       0x71 ./Sources/main.o
 .comment       0x00000000       0x71 ./Project_Settings/Startup_Code/startup.o
 .comment       0x00000000       0x71 ./Generated_Code/BitIoLdd1.o
 .comment       0x00000000       0x71 ./Generated_Code/BitIoLdd2.o
 .comment       0x00000000       0x71 ./Generated_Code/BitIoLdd3.o
 .comment       0x00000000       0x71 ./Generated_Code/Cpu.o
 .comment       0x00000000       0x71 ./Generated_Code/LEDB.o
 .comment       0x00000000       0x71 ./Generated_Code/LEDG.o
 .comment       0x00000000       0x71 ./Generated_Code/LEDR.o
 .comment       0x00000000       0x71 ./Generated_Code/PE_LDD.o
 .comment       0x00000000       0x71 ./Generated_Code/TRIG_US_Back.o
 .comment       0x00000000       0x71 ./Generated_Code/TRIG_US_front.o
 .comment       0x00000000       0x71 ./Generated_Code/TU_US_back.o
 .comment       0x00000000       0x71 ./Generated_Code/TU_US_front.o
 .comment       0x00000000       0x71 ./Generated_Code/Vectors.o
 .comment       0x00000000       0x71 ./Generated_Code/WAIT1.o

.debug_frame    0x00000000      0xb8c
 .debug_frame   0x00000000       0xac ./Sources/Events.o
 .debug_frame   0x000000ac      0x12c ./Sources/Ultrasonic.o
 .debug_frame   0x000001d8       0x6c ./Sources/main.o
 .debug_frame   0x00000244       0xd0 ./Project_Settings/Startup_Code/startup.o
 .debug_frame   0x00000314       0xb0 ./Generated_Code/BitIoLdd1.o
 .debug_frame   0x000003c4       0xb0 ./Generated_Code/BitIoLdd2.o
 .debug_frame   0x00000474       0xb0 ./Generated_Code/BitIoLdd3.o
 .debug_frame   0x00000524       0x80 ./Generated_Code/Cpu.o
 .debug_frame   0x000005a4       0x68 ./Generated_Code/LEDB.o
 .debug_frame   0x0000060c       0x68 ./Generated_Code/LEDG.o
 .debug_frame   0x00000674       0x68 ./Generated_Code/LEDR.o
 .debug_frame   0x000006dc       0x6c ./Generated_Code/PE_LDD.o
 .debug_frame   0x00000748       0xd0 ./Generated_Code/TRIG_US_Back.o
 .debug_frame   0x00000818       0xd0 ./Generated_Code/TRIG_US_front.o
 .debug_frame   0x000008e8       0xb0 ./Generated_Code/TU_US_back.o
 .debug_frame   0x00000998       0xb0 ./Generated_Code/TU_US_front.o
 .debug_frame   0x00000a48       0x90 ./Generated_Code/WAIT1.o
 .debug_frame   0x00000ad8       0x20 /opt/Freescale/KDS_v3/toolchain/bin/../lib/gcc/arm-none-eabi/4.8.4/armv6-m/libgcc.a(_udivsi3.o)
 .debug_frame   0x00000af8       0x28 /opt/Freescale/KDS_v3/toolchain/bin/../lib/gcc/arm-none-eabi/4.8.4/../../../../arm-none-eabi/lib/armv6-m/libg_s.a(lib_a-exit.o)
 .debug_frame   0x00000b20       0x2c /opt/Freescale/KDS_v3/toolchain/bin/../lib/gcc/arm-none-eabi/4.8.4/../../../../arm-none-eabi/lib/armv6-m/libg_s.a(lib_a-init.o)
 .debug_frame   0x00000b4c       0x20 /opt/Freescale/KDS_v3/toolchain/bin/../lib/gcc/arm-none-eabi/4.8.4/../../../../arm-none-eabi/lib/armv6-m/libg_s.a(lib_a-memset.o)
 .debug_frame   0x00000b6c       0x20 /opt/Freescale/KDS_v3/toolchain/bin/../lib/gcc/arm-none-eabi/4.8.4/../../../../arm-none-eabi/lib/armv6-m/libnosys.a(_exit.o)
