Archive member included because of file (symbol)

/opt/Freescale/KDS_3.0.0/toolchain/bin/../lib/gcc/arm-none-eabi/4.8.4/armv6-m/libgcc.a(_udivsi3.o)
                              ./Generated_Code/UTIL1.o (__aeabi_uidiv)
/opt/Freescale/KDS_3.0.0/toolchain/bin/../lib/gcc/arm-none-eabi/4.8.4/armv6-m/libgcc.a(_divsi3.o)
                              ./Generated_Code/UTIL1.o (__aeabi_idiv)
/opt/Freescale/KDS_3.0.0/toolchain/bin/../lib/gcc/arm-none-eabi/4.8.4/armv6-m/libgcc.a(_dvmd_tls.o)
                              /opt/Freescale/KDS_3.0.0/toolchain/bin/../lib/gcc/arm-none-eabi/4.8.4/armv6-m/libgcc.a(_udivsi3.o) (__aeabi_idiv0)
/opt/Freescale/KDS_3.0.0/toolchain/bin/../lib/gcc/arm-none-eabi/4.8.4/../../../../arm-none-eabi/lib/armv6-m/libg_s.a(lib_a-exit.o)
                              /opt/Freescale/KDS_3.0.0/toolchain/bin/../lib/gcc/arm-none-eabi/4.8.4/../../../../arm-none-eabi/lib/armv6-m/crt0.o (exit)
/opt/Freescale/KDS_3.0.0/toolchain/bin/../lib/gcc/arm-none-eabi/4.8.4/../../../../arm-none-eabi/lib/armv6-m/libg_s.a(lib_a-impure.o)
                              /opt/Freescale/KDS_3.0.0/toolchain/bin/../lib/gcc/arm-none-eabi/4.8.4/../../../../arm-none-eabi/lib/armv6-m/libg_s.a(lib_a-exit.o) (_global_impure_ptr)
/opt/Freescale/KDS_3.0.0/toolchain/bin/../lib/gcc/arm-none-eabi/4.8.4/../../../../arm-none-eabi/lib/armv6-m/libg_s.a(lib_a-init.o)
                              /opt/Freescale/KDS_3.0.0/toolchain/bin/../lib/gcc/arm-none-eabi/4.8.4/../../../../arm-none-eabi/lib/armv6-m/crt0.o (__libc_init_array)
/opt/Freescale/KDS_3.0.0/toolchain/bin/../lib/gcc/arm-none-eabi/4.8.4/../../../../arm-none-eabi/lib/armv6-m/libg_s.a(lib_a-memcpy-stub.o)
                              ./Sources/WIFI_actions.o (memcpy)
/opt/Freescale/KDS_3.0.0/toolchain/bin/../lib/gcc/arm-none-eabi/4.8.4/../../../../arm-none-eabi/lib/armv6-m/libg_s.a(lib_a-memset.o)
                              /opt/Freescale/KDS_3.0.0/toolchain/bin/../lib/gcc/arm-none-eabi/4.8.4/../../../../arm-none-eabi/lib/armv6-m/crt0.o (memset)
/opt/Freescale/KDS_3.0.0/toolchain/bin/../lib/gcc/arm-none-eabi/4.8.4/../../../../arm-none-eabi/lib/armv6-m/libg_s.a(lib_a-setjmp.o)
                              ./Generated_Code/port.o (setjmp)
/opt/Freescale/KDS_3.0.0/toolchain/bin/../lib/gcc/arm-none-eabi/4.8.4/../../../../arm-none-eabi/lib/armv6-m/libg_s.a(lib_a-strcat.o)
                              ./Sources/WIFI_actions.o (strcat)
/opt/Freescale/KDS_3.0.0/toolchain/bin/../lib/gcc/arm-none-eabi/4.8.4/../../../../arm-none-eabi/lib/armv6-m/libg_s.a(lib_a-strchr.o)
                              ./Generated_Code/UTIL1.o (strchr)
/opt/Freescale/KDS_3.0.0/toolchain/bin/../lib/gcc/arm-none-eabi/4.8.4/../../../../arm-none-eabi/lib/armv6-m/libg_s.a(lib_a-strcmp.o)
                              ./Sources/WIFI_actions.o (strcmp)
/opt/Freescale/KDS_3.0.0/toolchain/bin/../lib/gcc/arm-none-eabi/4.8.4/../../../../arm-none-eabi/lib/armv6-m/libg_s.a(lib_a-strcpy.o)
                              ./Sources/BT_actions.o (strcpy)
/opt/Freescale/KDS_3.0.0/toolchain/bin/../lib/gcc/arm-none-eabi/4.8.4/../../../../arm-none-eabi/lib/armv6-m/libg_s.a(lib_a-strlen.o)
                              ./Sources/WIFI_actions.o (strlen)
/opt/Freescale/KDS_3.0.0/toolchain/bin/../lib/gcc/arm-none-eabi/4.8.4/../../../../arm-none-eabi/lib/armv6-m/libg_s.a(lib_a-strncmp.o)
                              ./Generated_Code/UTIL1.o (strncmp)
/opt/Freescale/KDS_3.0.0/toolchain/bin/../lib/gcc/arm-none-eabi/4.8.4/../../../../arm-none-eabi/lib/armv6-m/libnosys.a(_exit.o)
                              /opt/Freescale/KDS_3.0.0/toolchain/bin/../lib/gcc/arm-none-eabi/4.8.4/../../../../arm-none-eabi/lib/armv6-m/libg_s.a(lib_a-exit.o) (_exit)

Allocating common symbols
Common symbol       size              file

BT_mode             0x1               ./Sources/BT_actions.o
ASerialLdd1_DeviceDataPtr
                    0x4               ./Generated_Code/BT.o
xSemaphoreBTWrite   0x4               ./Sources/BT_actions.o
xSemaphoreWifiRefresh
                    0x4               ./Sources/Events.o
storeSSID           0x40              ./Sources/Events.o
BTinputBufferCursor
                    0x1               ./Sources/BT_actions.o
spotSSID            0x1000            ./Sources/Events.o
xSemaphoreWifiATCommand
                    0x4               ./Sources/Events.o
ASerialLdd2_DeviceDataPtr
                    0x4               ./Generated_Code/ESP8266.o
xSemaphoreBTRead    0x4               ./Sources/BT_actions.o
wifiInputBuffer     0x400             ./Sources/WIFI_actions.o
BT_logMode          0x1               ./Sources/BT_actions.o
storePassword       0x40              ./Sources/Events.o
xSemaphoreWifiATCommandSend
                    0x4               ./Sources/WIFI_actions.o
SR_reg              0x1               ./Generated_Code/Cpu.o
BTinputBuffer       0x40              ./Sources/BT_actions.o
menuMaxOption       0x1               ./Sources/BT_actions.o
cursorWifiInputBuffer
[...]
Memory Configuration

Name             Origin             Length             Attributes
m_interrupts     0x00000000         0x000000c0         xr
m_text           0x00000410         0x0003f7f0         xr
m_data           0x1fffe000         0x00008000         rw
NVM_Config       0x0003fc00         0x00000400         rw
m_cfmprotrom     0x00000400         0x00000010         xr
*default*        0x00000000         0xffffffff

Linker script and memory map

LOAD /opt/Freescale/KDS_3.0.0/toolchain/bin/../lib/gcc/arm-none-eabi/4.8.4/armv6-m/crti.o
LOAD /opt/Freescale/KDS_3.0.0/toolchain/bin/../lib/gcc/arm-none-eabi/4.8.4/armv6-m/crtbegin.o
LOAD /opt/Freescale/KDS_3.0.0/toolchain/bin/../lib/gcc/arm-none-eabi/4.8.4/../../../../arm-none-eabi/lib/armv6-m/crt0.o
LOAD ./Sources/BT_actions.o
LOAD ./Sources/Events.o
LOAD ./Sources/StorePassword.o
LOAD ./Sources/WIFI_actions.o
LOAD ./Sources/frtos_tasks.o
LOAD ./Sources/main.o
LOAD ./Sources/utils.o
LOAD ./Project_Settings/Startup_Code/startup.o
LOAD ./Generated_Code/ASerialLdd1.o
LOAD ./Generated_Code/ASerialLdd2.o
LOAD ./Generated_Code/BT.o
LOAD ./Generated_Code/BitIoLdd1.o
LOAD ./Generated_Code/BitIoLdd2.o
LOAD ./Generated_Code/BitIoLdd3.o
LOAD ./Generated_Code/BitIoLdd4.o
LOAD ./Generated_Code/BitIoLdd5.o
LOAD ./Generated_Code/BitIoLdd6.o
LOAD ./Generated_Code/Cpu.o
LOAD ./Generated_Code/ESP8266.o
LOAD ./Generated_Code/FRTOS1.o
LOAD ./Generated_Code/Flash.o
LOAD ./Generated_Code/IntFlashLdd1.o
LOAD ./Generated_Code/PE_LDD.o
LOAD ./Generated_Code/SW1.o
LOAD ./Generated_Code/SW2.o
LOAD ./Generated_Code/SW3.o
LOAD ./Generated_Code/SW4.o
LOAD ./Generated_Code/SW5.o
LOAD ./Generated_Code/SW6.o
LOAD ./Generated_Code/TasksOs.o
LOAD ./Generated_Code/UTIL1.o
LOAD ./Generated_Code/Vectors.o
LOAD ./Generated_Code/croutine.o
LOAD ./Generated_Code/event_groups.o
LOAD ./Generated_Code/heap_1.o
LOAD ./Generated_Code/heap_2.o
LOAD ./Generated_Code/heap_3.o
LOAD ./Generated_Code/heap_4.o
LOAD ./Generated_Code/heap_5.o
LOAD ./Generated_Code/list.o
LOAD ./Generated_Code/port.o
LOAD ./Generated_Code/queue.o
LOAD ./Generated_Code/tasks.o
LOAD ./Generated_Code/timers.o
LOAD /opt/Freescale/KDS_3.0.0/toolchain/bin/../lib/gcc/arm-none-eabi/4.8.4/../../../../arm-none-eabi/lib/armv6-m/libstdc++_s.a
LOAD /opt/Freescale/KDS_3.0.0/toolchain/bin/../lib/gcc/arm-none-eabi/4.8.4/../../../../arm-none-eabi/lib/armv6-m/libm.a
START GROUP
LOAD /opt/Freescale/KDS_3.0.0/toolchain/bin/../lib/gcc/arm-none-eabi/4.8.4/armv6-m/libgcc.a
LOAD /opt/Freescale/KDS_3.0.0/toolchain/bin/../lib/gcc/arm-none-eabi/4.8.4/../../../../arm-none-eabi/lib/armv6-m/libg_s.a
LOAD /opt/Freescale/KDS_3.0.0/toolchain/bin/../lib/gcc/arm-none-eabi/4.8.4/../../../../arm-none-eabi/lib/armv6-m/libc_s.a
END GROUP
START GROUP
LOAD /opt/Freescale/KDS_3.0.0/toolchain/bin/../lib/gcc/arm-none-eabi/4.8.4/armv6-m/libgcc.a
LOAD /opt/Freescale/KDS_3.0.0/toolchain/bin/../lib/gcc/arm-none-eabi/4.8.4/../../../../arm-none-eabi/lib/armv6-m/libc_s.a
LOAD /opt/Freescale/KDS_3.0.0/toolchain/bin/../lib/gcc/arm-none-eabi/4.8.4/../../../../arm-none-eabi/lib/armv6-m/libnosys.a
END GROUP
START GROUP
LOAD /opt/Freescale/KDS_3.0.0/toolchain/bin/../lib/gcc/arm-none-eabi/4.8.4/armv6-m/libgcc.a
LOAD /opt/Freescale/KDS_3.0.0/toolchain/bin/../lib/gcc/arm-none-eabi/4.8.4/../../../../arm-none-eabi/lib/armv6-m/libc_s.a
LOAD /opt/Freescale/KDS_3.0.0/toolchain/bin/../lib/gcc/arm-none-eabi/4.8.4/../../../../arm-none-eabi/lib/armv6-m/libnosys.a
END GROUP
LOAD /opt/Freescale/KDS_3.0.0/toolchain/bin/../lib/gcc/arm-none-eabi/4.8.4/armv6-m/crtend.o
LOAD /opt/Freescale/KDS_3.0.0/toolchain/bin/../lib/gcc/arm-none-eabi/4.8.4/armv6-m/crtn.o
                0x20006000                _estack = 0x20006000
                0x20006000                __SP_INIT = _estack
                0x20006000                __stack = _estack
                0x00000000                __heap_size = 0x0
                0x00000400                __stack_size = 0x400

.interrupts     0x00000000       0xc0
                0x00000000                __vector_table = .
                0x00000000                . = ALIGN (0x4)
 *(.vectortable)
 .vectortable   0x00000000       0xc0 ./Generated_Code/Vectors.o
                0x00000000                __vect_table
                0x000000c0                . = ALIGN (0x4)

.cfmprotect     0x00000400       0x10
                0x00000400                . = ALIGN (0x4)
 *(.cfmconfig)
 .cfmconfig     0x00000400       0x10 ./Generated_Code/Cpu.o
                0x00000400                _cfm
                0x00000410                . = ALIGN (0x4)

.text           0x00000410     0x5b38
                0x00000410                . = ALIGN (0x4)
 *(.text)
 .text          0x00000410       0x60 /opt/Freescale/KDS_3.0.0/toolchain/bin/../lib/gcc/arm-none-eabi/4.8.4/armv6-m/crtbegin.o
 .text          0x00000470       0x78 /opt/Freescale/KDS_3.0.0/toolchain/bin/../lib/gcc/arm-none-eabi/4.8.4/../../../../arm-none-eabi/lib/armv6-m/crt0.o
                0x00000470                _mainCRTStartup
                0x00000470                _start
 .text          0x000004e8       0x34 /opt/Freescale/KDS_3.0.0/toolchain/bin/../lib/gcc/arm-none-eabi/4.8.4/../../../../arm-none-eabi/lib/armv6-m/libg_s.a(lib_a-setjmp.o)
                0x000004e8                setjmp
                0x00000500                longjmp
 .text          0x0000051c       0x14 /opt/Freescale/KDS_3.0.0/toolchain/bin/../lib/gcc/arm-none-eabi/4.8.4/../../../../arm-none-eabi/lib/armv6-m/libg_s.a(lib_a-strcmp.o)
                0x0000051c                strcmp
 *(.text*)
 .text.BT_init  0x00000530       0x4c ./Sources/BT_actions.o
                0x00000530                BT_init
 .text.BT_sendSaltoLinea
                0x0000057c       0x1c ./Sources/BT_actions.o
                0x0000057c                BT_sendSaltoLinea
 .text.BT_showString
                0x00000598       0x58 ./Sources/BT_actions.o
                0x00000598                BT_showString
 .text.BT_showLogChar
                0x000005f0       0x54 ./Sources/BT_actions.o
                0x000005f0                BT_showLogChar
 .text.BT_showMenu
                0x00000644      0x120 ./Sources/BT_actions.o
                0x00000644                BT_showMenu
 .text.BT_askValue
                0x00000764       0x60 ./Sources/BT_actions.o
                0x00000764                BT_askValue
 .text.BT_inputChar
                0x000007c4      0x100 ./Sources/BT_actions.o
                0x000007c4                BT_inputChar
 .text.Cpu_OnNMIINT
                0x000008c4        0x8 ./Sources/Events.o
                0x000008c4                Cpu_OnNMIINT
 .text.BT_OnError
                0x000008cc        0x8 ./Sources/Events.o
                0x000008cc                BT_OnError
 .text.BT_OnRxChar
                0x000008d4       0x58 ./Sources/Events.o
                0x000008d4                BT_OnRxChar
 .text.BT_OnTxChar
                0x0000092c        0x8 ./Sources/Events.o
                0x0000092c                BT_OnTxChar
 .text.ESP8266_OnError
                0x00000934        0x8 ./Sources/Events.o
                0x00000934                ESP8266_OnError
 .text.ESP8266_OnRxChar
                0x0000093c       0x40 ./Sources/Events.o
                0x0000093c                ESP8266_OnRxChar
 .text.ESP8266_OnTxChar
                0x0000097c        0x8 ./Sources/Events.o
                0x0000097c                ESP8266_OnTxChar
 .text.ESP8266_OnFullRxBuf
                0x00000984        0x8 ./Sources/Events.o
                0x00000984                ESP8266_OnFullRxBuf
 .text.ESP8266_OnFreeTxBuf
                0x0000098c        0x8 ./Sources/Events.o
                0x0000098c                ESP8266_OnFreeTxBuf
 .text.BT_OnFullRxBuf
                0x00000994        0x8 ./Sources/Events.o
                0x00000994                BT_OnFullRxBuf
 .text.BT_OnFreeTxBuf
                0x0000099c        0x8 ./Sources/Events.o
                0x0000099c                BT_OnFreeTxBuf
 .text.FRTOS1_vApplicationStackOverflowHook
                0x000009a4       0x10 ./Sources/Events.o
                0x000009a4                FRTOS1_vApplicationStackOverflowHook
 .text.FRTOS1_vApplicationTickHook
                0x000009b4        0x8 ./Sources/Events.o
                0x000009b4                FRTOS1_vApplicationTickHook
 .text.FRTOS1_vApplicationIdleHook
                0x000009bc        0x8 ./Sources/Events.o
                0x000009bc                FRTOS1_vApplicationIdleHook
 .text.FRTOS1_vApplicationMallocFailedHook
                0x000009c4        0x8 ./Sources/Events.o
                0x000009c4                FRTOS1_vApplicationMallocFailedHook
 .text.isErased
                0x000009cc       0x20 ./Sources/StorePassword.o
 .text.NVMC_SaveSSID_PASSData
                0x000009ec       0x38 ./Sources/StorePassword.o
                0x000009ec                NVMC_SaveSSID_PASSData
 .text.NVMC_GetSSID_PASSData
                0x00000a24       0x24 ./Sources/StorePassword.o
                0x00000a24                NVMC_GetSSID_PASSData
 .text.WIFI_AddCharToInputBuffer
                0x00000a48      0x104 ./Sources/WIFI_actions.o
                0x00000a48                WIFI_AddCharToInputBuffer
 .text.sendATCommand
                0x00000b4c       0x54 ./Sources/WIFI_actions.o
                0x00000b4c                sendATCommand
 .text.sendPartialATCommand
                0x00000ba0       0x30 ./Sources/WIFI_actions.o
                0x00000ba0                sendPartialATCommand
 .text.initGateway
                0x00000bd0       0xbc ./Sources/WIFI_actions.o
                0x00000bd0                initGateway
 .text.refreshWifiSpots
                0x00000c8c       0x14 ./Sources/WIFI_actions.o
                0x00000c8c                refreshWifiSpots
 .text.connectionMode
                0x00000ca0       0x14 ./Sources/WIFI_actions.o
                0x00000ca0                connectionMode
 .text.connectingToServer
                0x00000cb4       0x14 ./Sources/WIFI_actions.o
                0x00000cb4                connectingToServer
 .text.tryToConnect
                0x00000cc8       0x48 ./Sources/WIFI_actions.o
                0x00000cc8                tryToConnect
 .text.interpretarBuffer
                0x00000d10       0x40 ./Sources/WIFI_actions.o
                0x00000d10                interpretarBuffer
 .text.readBuffer
                0x00000d50      0x104 ./Sources/WIFI_actions.o
                0x00000d50                readBuffer
 .text.analizarEnvioDelServer
                0x00000e54        0x8 ./Sources/WIFI_actions.o
                0x00000e54                analizarEnvioDelServer
 .text.verificarEnvioAlServer
                0x00000e5c       0x1c ./Sources/WIFI_actions.o
                0x00000e5c                verificarEnvioAlServer
 .text.sendInfo
                0x00000e78       0x40 ./Sources/WIFI_actions.o
                0x00000e78                sendInfo
 .text.evaluarConeccionConServer
                0x00000eb8       0x88 ./Sources/WIFI_actions.o
                0x00000eb8                evaluarConeccionConServer
 .text.evaluarConnectionMode
                0x00000f40       0x58 ./Sources/WIFI_actions.o
                0x00000f40                evaluarConnectionMode
 .text.spotsNewConnect
                0x00000f98      0x128 ./Sources/WIFI_actions.o
                0x00000f98                spotsNewConnect
 .text.enterMode
                0x000010c0       0x1c ./Sources/WIFI_actions.o
                0x000010c0                enterMode
 .text.resetModule
                0x000010dc       0x2c ./Sources/WIFI_actions.o
                0x000010dc                resetModule
 .text.setMode  0x00001108       0x1c ./Sources/WIFI_actions.o
                0x00001108                setMode
 .text.spotsParse
                0x00001124      0x128 ./Sources/WIFI_actions.o
                0x00001124                spotsParse
 .text.SSIDStoredVisible
                0x0000124c       0x4c ./Sources/WIFI_actions.o
                0x0000124c                SSIDStoredVisible
 .text.disconectFromSpot
                0x00001298       0x1c ./Sources/WIFI_actions.o
                0x00001298                disconectFromSpot
 .text.GatewayTask
                0x000012b4       0x2c ./Sources/frtos_tasks.o
 .text.HMITask  0x000012e0      0x4e0 ./Sources/frtos_tasks.o
 .text.CreateTasks
                0x000017c0       0x74 ./Sources/frtos_tasks.o
                0x000017c0                CreateTasks
 .text.main     0x00001834       0x10 ./Sources/main.o
                0x00001834                main
 .text.strLen   0x00001844       0x40 ./Sources/utils.o
                0x00001844                strLen
 .text.stopChar
                0x00001884       0x24 ./Sources/utils.o
                0x00001884                stopChar
 .text.find     0x000018a8       0xc4 ./Sources/utils.o
                0x000018a8                find
 .text.strsub   0x0000196c       0x68 ./Sources/utils.o
                0x0000196c                strsub
 .text.__copy_rom_section
                0x000019d4       0xd8 ./Project_Settings/Startup_Code/startup.o
                0x000019d4                __copy_rom_section
 .text.__copy_rom_sections_to_ram
                0x00001aac       0x98 ./Project_Settings/Startup_Code/startup.o
                0x00001aac                __copy_rom_sections_to_ram
 .text.__init_registers
                0x00001b44        0x8 ./Project_Settings/Startup_Code/startup.o
                0x00001b44                __init_registers
 .text.__init_user
                0x00001b4c        0x8 ./Project_Settings/Startup_Code/startup.o
                0x00001b4c                __init_user
 .text.__thumb_startup
                0x00001b54       0x30 ./Project_Settings/Startup_Code/startup.o
                0x00001b54                __thumb_startup
 .text.ASerialLdd1_Init
                0x00001b84      0x128 ./Generated_Code/ASerialLdd1.o
                0x00001b84                ASerialLdd1_Init
 .text.ASerialLdd1_Enable
                0x00001cac       0x38 ./Generated_Code/ASerialLdd1.o
                0x00001cac                ASerialLdd1_Enable
 .text.ASerialLdd1_Disable
                0x00001ce4       0x38 ./Generated_Code/ASerialLdd1.o
                0x00001ce4                ASerialLdd1_Disable
 .text.ASerialLdd1_ReceiveBlock
                0x00001d1c       0x68 ./Generated_Code/ASerialLdd1.o
                0x00001d1c                ASerialLdd1_ReceiveBlock
 .text.ASerialLdd1_SendBlock
                0x00001d84       0x98 ./Generated_Code/ASerialLdd1.o
                0x00001d84                ASerialLdd1_SendBlock
 .text.HWEnDi   0x00001e1c       0xb8 ./Generated_Code/ASerialLdd1.o
 .text.InterruptRx
                0x00001ed4       0x58 ./Generated_Code/ASerialLdd1.o
 .text.InterruptTx
                0x00001f2c       0x80 ./Generated_Code/ASerialLdd1.o
 .text.ASerialLdd1_Interrupt
                0x00001fac       0xe8 ./Generated_Code/ASerialLdd1.o
                0x00001fac                ASerialLdd1_Interrupt
 .text.ASerialLdd1_SetClockConfiguration
                0x00002094       0x54 ./Generated_Code/ASerialLdd1.o
                0x00002094                ASerialLdd1_SetClockConfiguration
 .text.ASerialLdd1_GetError
                0x000020e8       0x48 ./Generated_Code/ASerialLdd1.o
                0x000020e8                ASerialLdd1_GetError
 .text.ASerialLdd2_Init
                0x00002130      0x128 ./Generated_Code/ASerialLdd2.o
                0x00002130                ASerialLdd2_Init
 .text.ASerialLdd2_Enable
                0x00002258       0x38 ./Generated_Code/ASerialLdd2.o
                0x00002258                ASerialLdd2_Enable
 .text.ASerialLdd2_Disable
                0x00002290       0x38 ./Generated_Code/ASerialLdd2.o
                0x00002290                ASerialLdd2_Disable
 .text.ASerialLdd2_ReceiveBlock
                0x000022c8       0x68 ./Generated_Code/ASerialLdd2.o
                0x000022c8                ASerialLdd2_ReceiveBlock
 .text.ASerialLdd2_SendBlock
                0x00002330       0x98 ./Generated_Code/ASerialLdd2.o
                0x00002330                ASerialLdd2_SendBlock
 .text.HWEnDi   0x000023c8       0xb8 ./Generated_Code/ASerialLdd2.o
 .text.InterruptRx
                0x00002480       0x58 ./Generated_Code/ASerialLdd2.o
 .text.InterruptTx
                0x000024d8       0x80 ./Generated_Code/ASerialLdd2.o
 .text.ASerialLdd2_Interrupt
                0x00002558       0xec ./Generated_Code/ASerialLdd2.o
                0x00002558                ASerialLdd2_Interrupt
 .text.ASerialLdd2_SetClockConfiguration
                0x00002644       0xa4 ./Generated_Code/ASerialLdd2.o
                0x00002644                ASerialLdd2_SetClockConfiguration
 .text.ASerialLdd2_GetError
                0x000026e8       0x48 ./Generated_Code/ASerialLdd2.o
                0x000026e8                ASerialLdd2_GetError
 .text.HWEnDi   0x00002730       0x90 ./Generated_Code/BT.o
 .text.BT_RecvChar
                0x000027c0       0xfc ./Generated_Code/BT.o
                0x000027c0                BT_RecvChar
 .text.BT_SendChar
                0x000028bc      0x104 ./Generated_Code/BT.o
                0x000028bc                BT_SendChar
 .text.BT_Init  0x000029c0       0x6c ./Generated_Code/BT.o
                0x000029c0                BT_Init
 .text.ASerialLdd1_OnBlockReceived
                0x00002a2c       0xcc ./Generated_Code/BT.o
                0x00002a2c                ASerialLdd1_OnBlockReceived
 .text.ASerialLdd1_OnBlockSent
                0x00002af8       0xec ./Generated_Code/BT.o
                0x00002af8                ASerialLdd1_OnBlockSent
 .text.ASerialLdd1_OnError
                0x00002be4       0x94 ./Generated_Code/BT.o
                0x00002be4                ASerialLdd1_OnError
 .text.ASerialLdd1_OnBreak
                0x00002c78       0x20 ./Generated_Code/BT.o
                0x00002c78                ASerialLdd1_OnBreak
 .text.BitIoLdd1_Init
                0x00002c98       0x60 ./Generated_Code/BitIoLdd1.o
                0x00002c98                BitIoLdd1_Init
 .text.BitIoLdd1_NegVal
                0x00002cf8       0x18 ./Generated_Code/BitIoLdd1.o
                0x00002cf8                BitIoLdd1_NegVal
 .text.BitIoLdd2_Init
                0x00002d10       0x60 ./Generated_Code/BitIoLdd2.o
                0x00002d10                BitIoLdd2_Init
 .text.BitIoLdd2_GetVal
                0x00002d70       0x3c ./Generated_Code/BitIoLdd2.o
                0x00002d70                BitIoLdd2_GetVal
 .text.BitIoLdd2_NegVal
                0x00002dac       0x18 ./Generated_Code/BitIoLdd2.o
                0x00002dac                BitIoLdd2_NegVal
 .text.BitIoLdd3_Init
                0x00002dc4       0x60 ./Generated_Code/BitIoLdd3.o
                0x00002dc4                BitIoLdd3_Init
 .text.BitIoLdd3_NegVal
                0x00002e24       0x18 ./Generated_Code/BitIoLdd3.o
                0x00002e24                BitIoLdd3_NegVal
 .text.BitIoLdd4_Init
                0x00002e3c       0x60 ./Generated_Code/BitIoLdd4.o
                0x00002e3c                BitIoLdd4_Init
 .text.BitIoLdd4_NegVal
                0x00002e9c       0x18 ./Generated_Code/BitIoLdd4.o
                0x00002e9c                BitIoLdd4_NegVal
 .text.BitIoLdd5_Init
                0x00002eb4       0x68 ./Generated_Code/BitIoLdd5.o
                0x00002eb4                BitIoLdd5_Init
 .text.BitIoLdd5_NegVal
                0x00002f1c       0x18 ./Generated_Code/BitIoLdd5.o
                0x00002f1c                BitIoLdd5_NegVal
 .text.BitIoLdd6_Init
                0x00002f34       0x68 ./Generated_Code/BitIoLdd6.o
                0x00002f34                BitIoLdd6_Init
 .text.BitIoLdd6_NegVal
                0x00002f9c       0x1c ./Generated_Code/BitIoLdd6.o
                0x00002f9c                BitIoLdd6_NegVal
 .text.Cpu_INT_NMIInterrupt
                0x00002fb8        0xc ./Generated_Code/Cpu.o
                0x00002fb8                Cpu_INT_NMIInterrupt
 .text.Cpu_Interrupt
                0x00002fc4        0xc ./Generated_Code/Cpu.o
                0x00002fc4                Cpu_Interrupt
 .text.Cpu_GetClockConfiguration
                0x00002fd0       0x14 ./Generated_Code/Cpu.o
                0x00002fd0                Cpu_GetClockConfiguration
 .text.__init_hardware
                0x00002fe4      0x144 ./Generated_Code/Cpu.o
                0x00002fe4                __init_hardware
 .text.PE_low_level_init
                0x00003128      0x100 ./Generated_Code/Cpu.o
                0x00003128                PE_low_level_init
 .text.HWEnDi   0x00003228       0x90 ./Generated_Code/ESP8266.o
 .text.ESP8266_RecvChar
                0x000032b8       0xf8 ./Generated_Code/ESP8266.o
                0x000032b8                ESP8266_RecvChar
 .text.ESP8266_SendChar
                0x000033b0       0xf8 ./Generated_Code/ESP8266.o
                0x000033b0                ESP8266_SendChar
 .text.ESP8266_Init
                0x000034a8       0x6c ./Generated_Code/ESP8266.o
                0x000034a8                ESP8266_Init
 .text.ASerialLdd2_OnBlockReceived
                0x00003514       0xc0 ./Generated_Code/ESP8266.o
                0x00003514                ASerialLdd2_OnBlockReceived
 .text.ASerialLdd2_OnBlockSent
                0x000035d4       0xe8 ./Generated_Code/ESP8266.o
                0x000035d4                ASerialLdd2_OnBlockSent
 .text.ASerialLdd2_OnError
                0x000036bc       0x94 ./Generated_Code/ESP8266.o
                0x000036bc                ASerialLdd2_OnError
 .text.ASerialLdd2_OnBreak
                0x00003750       0x20 ./Generated_Code/ESP8266.o
                0x00003750                ASerialLdd2_OnBreak
 .text.Flash_SetFlash
                0x00003770      0x1fc ./Generated_Code/Flash.o
                0x00003770                Flash_SetFlash
 .text.Flash_Init
                0x0000396c       0x38 ./Generated_Code/Flash.o
                0x0000396c                Flash_Init
 .text.Flash_SetBlockFlash
                0x000039a4       0x2c ./Generated_Code/Flash.o
                0x000039a4                Flash_SetBlockFlash
 .text.IntFlashLdd1_OnOperationComplete
                0x000039d0      0x194 ./Generated_Code/Flash.o
                0x000039d0                IntFlashLdd1_OnOperationComplete
 .text.IntFlashLdd1_OnError
                0x00003b64       0x58 ./Generated_Code/Flash.o
                0x00003b64                IntFlashLdd1_OnError
 .text.IntFlashLdd1_Init
                0x00003bbc       0x6c ./Generated_Code/IntFlashLdd1.o
                0x00003bbc                IntFlashLdd1_Init
 .text.IntFlashLdd1_Write
                0x00003c28       0x84 ./Generated_Code/IntFlashLdd1.o
                0x00003c28                IntFlashLdd1_Write
 .text.IntFlashLdd1_Erase
                0x00003cac       0xa0 ./Generated_Code/IntFlashLdd1.o
                0x00003cac                IntFlashLdd1_Erase
 .text.IntFlashLdd1_Main
                0x00003d4c      0x318 ./Generated_Code/IntFlashLdd1.o
                0x00003d4c                IntFlashLdd1_Main
 .text.IntFlashLdd1_GetError
                0x00004064       0x4c ./Generated_Code/IntFlashLdd1.o
                0x00004064                IntFlashLdd1_GetError
 .text.RangeCheck
                0x000040b0       0x38 ./Generated_Code/IntFlashLdd1.o
 .text.SafeRoutineCaller
                0x000040e8       0x40 ./Generated_Code/IntFlashLdd1.o
 .text.IntFlashLdd1_SetClockConfiguration
                0x00004128       0x50 ./Generated_Code/IntFlashLdd1.o
                0x00004128                IntFlashLdd1_SetClockConfiguration
 .text.TasksOs_CreateTasks
                0x00004178        0xc ./Generated_Code/TasksOs.o
                0x00004178                TasksOs_CreateTasks
 .text.pvPortMalloc
                0x00004184      0x124 ./Generated_Code/heap_2.o
                0x00004184                pvPortMalloc
 .text.vPortFree
                0x000042a8       0x70 ./Generated_Code/heap_2.o
                0x000042a8                vPortFree
 .text.prvHeapInit
                0x00004318       0x4c ./Generated_Code/heap_2.o
 .text.vListInitialise
                0x00004364       0x3c ./Generated_Code/list.o
                0x00004364                vListInitialise
 .text.vListInitialiseItem
                0x000043a0       0x14 ./Generated_Code/list.o
                0x000043a0                vListInitialiseItem
 .text.vListInsertEnd
                0x000043b4       0x44 ./Generated_Code/list.o
                0x000043b4                vListInsertEnd
 .text.vListInsert
                0x000043f8       0x6c ./Generated_Code/list.o
                0x000043f8                vListInsert
 .text.uxListRemove
                0x00004464       0x50 ./Generated_Code/list.o
                0x00004464                uxListRemove
 .text.pxPortInitialiseStack
                0x000044b4       0x50 ./Generated_Code/port.o
                0x000044b4                pxPortInitialiseStack
 .text.vPortInitTickTimer
                0x00004504       0x3c ./Generated_Code/port.o
                0x00004504                vPortInitTickTimer
 .text.vPortStartTickTimer
                0x00004540       0x14 ./Generated_Code/port.o
                0x00004540                vPortStartTickTimer
 .text.vPortStopTickTimer
                0x00004554       0x14 ./Generated_Code/port.o
                0x00004554                vPortStopTickTimer
 .text.xPortStartScheduler
                0x00004568       0x4c ./Generated_Code/port.o
                0x00004568                xPortStartScheduler
 .text.vPortEnterCritical
                0x000045b4       0x20 ./Generated_Code/port.o
                0x000045b4                vPortEnterCritical
 .text.vPortExitCritical
                0x000045d4       0x20 ./Generated_Code/port.o
                0x000045d4                vPortExitCritical
 .text.vPortYieldFromISR
                0x000045f4       0x1c ./Generated_Code/port.o
                0x000045f4                vPortYieldFromISR
 .text.vPortTickHandler
                0x00004610       0x1c ./Generated_Code/port.o
                0x00004610                vPortTickHandler
 .text.vPortStartFirstTask
                0x0000462c       0x1c ./Generated_Code/port.o
                0x0000462c                vPortStartFirstTask
 .text.vPortSVCHandler
                0x00004648       0x28 ./Generated_Code/port.o
                0x00004648                vPortSVCHandler
 .text.vPortPendSVHandler
                0x00004670       0x44 ./Generated_Code/port.o
                0x00004670                vPortPendSVHandler
 .text.xQueueGenericReset
                0x000046b4       0xac ./Generated_Code/queue.o
                0x000046b4                xQueueGenericReset
 .text.xQueueGenericCreate
                0x00004760       0x8c ./Generated_Code/queue.o
                0x00004760                xQueueGenericCreate
 .text.xQueueGenericSend
                0x000047ec      0x190 ./Generated_Code/queue.o
                0x000047ec                xQueueGenericSend
 .text.xQueueGenericReceive
                0x0000497c      0x1bc ./Generated_Code/queue.o
                0x0000497c                xQueueGenericReceive
 .text.prvCopyDataToQueue
                0x00004b38       0xe0 ./Generated_Code/queue.o
 .text.prvCopyDataFromQueue
                0x00004c18       0x50 ./Generated_Code/queue.o
 .text.prvUnlockQueue
                0x00004c68       0x98 ./Generated_Code/queue.o
 .text.prvIsQueueEmpty
                0x00004d00       0x2c ./Generated_Code/queue.o
 .text.prvIsQueueFull
                0x00004d2c       0x30 ./Generated_Code/queue.o
 .text.xTaskGenericCreate
                0x00004d5c      0x16c ./Generated_Code/tasks.o
                0x00004d5c                xTaskGenericCreate
 .text.vTaskDelay
                0x00004ec8       0x64 ./Generated_Code/tasks.o
                0x00004ec8                vTaskDelay
 .text.vTaskStartScheduler
                0x00004f2c       0x74 ./Generated_Code/tasks.o
                0x00004f2c                vTaskStartScheduler
 .text.vTaskSuspendAll
                0x00004fa0       0x18 ./Generated_Code/tasks.o
                0x00004fa0                vTaskSuspendAll
 .text.xTaskResumeAll
                0x00004fb8      0x108 ./Generated_Code/tasks.o
                0x00004fb8                xTaskResumeAll
 .text.xTaskIncrementTick
                0x000050c0      0x17c ./Generated_Code/tasks.o
                0x000050c0                xTaskIncrementTick
 .text.vTaskSwitchContext
                0x0000523c       0xc4 ./Generated_Code/tasks.o
                0x0000523c                vTaskSwitchContext
 .text.vTaskPlaceOnEventList
                0x00005300       0x6c ./Generated_Code/tasks.o
                0x00005300                vTaskPlaceOnEventList
 .text.xTaskRemoveFromEventList
                0x0000536c       0xb8 ./Generated_Code/tasks.o
                0x0000536c                xTaskRemoveFromEventList
 .text.vTaskSetTimeOutState
                0x00005424       0x30 ./Generated_Code/tasks.o
                0x00005424                vTaskSetTimeOutState
 .text.xTaskCheckForTimeOut
                0x00005454       0x9c ./Generated_Code/tasks.o
                0x00005454                xTaskCheckForTimeOut
 .text.vTaskMissedYield
                0x000054f0       0x14 ./Generated_Code/tasks.o
                0x000054f0                vTaskMissedYield
 .text.prvIdleTask
                0x00005504       0x24 ./Generated_Code/tasks.o
 .text.prvInitialiseTCBVariables
                0x00005528       0xa4 ./Generated_Code/tasks.o
 .text.prvInitialiseTaskLists
                0x000055cc       0x7c ./Generated_Code/tasks.o
 .text.prvCheckTasksWaitingTermination
                0x00005648        0x8 ./Generated_Code/tasks.o
 .text.prvAddCurrentTaskToDelayedList
                0x00005650       0x6c ./Generated_Code/tasks.o
 .text.prvAllocateTCBAndStack
                0x000056bc       0x78 ./Generated_Code/tasks.o
 .text.prvResetNextTaskUnblockTime
                0x00005734       0x44 ./Generated_Code/tasks.o
 .text.xTaskGetSchedulerState
                0x00005778       0x38 ./Generated_Code/tasks.o
                0x00005778                xTaskGetSchedulerState
 .text.vTaskPriorityInherit
                0x000057b0       0xbc ./Generated_Code/tasks.o
                0x000057b0                vTaskPriorityInherit
 .text.xTaskPriorityDisinherit
                0x0000586c       0xb8 ./Generated_Code/tasks.o
                0x0000586c                xTaskPriorityDisinherit
 .text.pvTaskIncrementMutexHeldCount
                0x00005924       0x24 ./Generated_Code/tasks.o
                0x00005924                pvTaskIncrementMutexHeldCount
 .text.exit     0x00005948       0x2c /opt/Freescale/KDS_3.0.0/toolchain/bin/../lib/gcc/arm-none-eabi/4.8.4/../../../../arm-none-eabi/lib/armv6-m/libg_s.a(lib_a-exit.o)
                0x00005948                exit
 .text.__libc_init_array
                0x00005974       0x4c /opt/Freescale/KDS_3.0.0/toolchain/bin/../lib/gcc/arm-none-eabi/4.8.4/../../../../arm-none-eabi/lib/armv6-m/libg_s.a(lib_a-init.o)
                0x00005974                __libc_init_array
 .text.memcpy   0x000059c0       0x12 /opt/Freescale/KDS_3.0.0/toolchain/bin/../lib/gcc/arm-none-eabi/4.8.4/../../../../arm-none-eabi/lib/armv6-m/libg_s.a(lib_a-memcpy-stub.o)
                0x000059c0                memcpy
 .text.memset   0x000059d2       0x10 /opt/Freescale/KDS_3.0.0/toolchain/bin/../lib/gcc/arm-none-eabi/4.8.4/../../../../arm-none-eabi/lib/armv6-m/libg_s.a(lib_a-memset.o)
                0x000059d2                memset
 .text.strcat   0x000059e2       0x1a /opt/Freescale/KDS_3.0.0/toolchain/bin/../lib/gcc/arm-none-eabi/4.8.4/../../../../arm-none-eabi/lib/armv6-m/libg_s.a(lib_a-strcat.o)
                0x000059e2                strcat
 .text.strcpy   0x000059fc       0x10 /opt/Freescale/KDS_3.0.0/toolchain/bin/../lib/gcc/arm-none-eabi/4.8.4/../../../../arm-none-eabi/lib/armv6-m/libg_s.a(lib_a-strcpy.o)
                0x000059fc                strcpy
 .text.strlen   0x00005a0c        0xe /opt/Freescale/KDS_3.0.0/toolchain/bin/../lib/gcc/arm-none-eabi/4.8.4/../../../../arm-none-eabi/lib/armv6-m/libg_s.a(lib_a-strlen.o)
                0x00005a0c                strlen
 *fill*         0x00005a1a        0x2 
 .text._exit    0x00005a1c        0x4 /opt/Freescale/KDS_3.0.0/toolchain/bin/../lib/gcc/arm-none-eabi/4.8.4/../../../../arm-none-eabi/lib/armv6-m/libnosys.a(_exit.o)
                0x00005a1c                _exit
 *(.rodata)
 .rodata        0x00005a20        0x8 ./Sources/BT_actions.o
 .rodata        0x00005a28      0x160 ./Sources/WIFI_actions.o
 .rodata        0x00005b88      0x240 ./Sources/frtos_tasks.o
 .rodata        0x00005dc8        0x8 ./Generated_Code/tasks.o
 *(.rodata*)
 .rodata.HMITask
                0x00005dd0      0x130 ./Sources/frtos_tasks.o
 .rodata.SafeRoutine
                0x00005f00       0x28 ./Generated_Code/IntFlashLdd1.o
 .rodata.str1.1
                0x00005f28        0x2 /opt/Freescale/KDS_3.0.0/toolchain/bin/../lib/gcc/arm-none-eabi/4.8.4/../../../../arm-none-eabi/lib/armv6-m/libg_s.a(lib_a-impure.o)
 *fill*         0x00005f2a        0x2 
 .rodata._global_impure_ptr
                0x00005f2c        0x4 /opt/Freescale/KDS_3.0.0/toolchain/bin/../lib/gcc/arm-none-eabi/4.8.4/../../../../arm-none-eabi/lib/armv6-m/libg_s.a(lib_a-impure.o)
                0x00005f2c                _global_impure_ptr
 *(.glue_7)
 .glue_7        0x00000000        0x0 linker stubs
 *(.glue_7t)
 .glue_7t       0x00000000        0x0 linker stubs
 *(.eh_frame)
 .eh_frame      0x00005f30        0x0 /opt/Freescale/KDS_3.0.0/toolchain/bin/../lib/gcc/arm-none-eabi/4.8.4/armv6-m/crtbegin.o
 *(.init)
 .init          0x00005f30        0x4 /opt/Freescale/KDS_3.0.0/toolchain/bin/../lib/gcc/arm-none-eabi/4.8.4/armv6-m/crti.o
                0x00005f30                _init
 .init          0x00005f34        0x8 /opt/Freescale/KDS_3.0.0/toolchain/bin/../lib/gcc/arm-none-eabi/4.8.4/armv6-m/crtn.o
 *(.fini)
 .fini          0x00005f3c        0x4 /opt/Freescale/KDS_3.0.0/toolchain/bin/../lib/gcc/arm-none-eabi/4.8.4/armv6-m/crti.o
                0x00005f3c                _fini
 .fini          0x00005f40        0x8 /opt/Freescale/KDS_3.0.0/toolchain/bin/../lib/gcc/arm-none-eabi/4.8.4/armv6-m/crtn.o
                0x00005f48                . = ALIGN (0x4)
                0x00005f48                _etext = .

.vfp11_veneer   0x00005f48        0x0
 .vfp11_veneer  0x00000000        0x0 linker stubs

.v4_bx          0x00005f48        0x0
 .v4_bx         0x00000000        0x0 linker stubs

.iplt           0x00005f48        0x0
 .iplt          0x00000000        0x0 /opt/Freescale/KDS_3.0.0/toolchain/bin/../lib/gcc/arm-none-eabi/4.8.4/armv6-m/crtbegin.o

.ARM.extab
 *(.ARM.extab* .gnu.linkonce.armextab.*)

.ARM            0x00005f48        0x8
                0x00005f48                __exidx_start = .
 *(.ARM.exidx*)
 .ARM.exidx     0x00005f48        0x8 /opt/Freescale/KDS_3.0.0/toolchain/bin/../lib/gcc/arm-none-eabi/4.8.4/../../../../arm-none-eabi/lib/armv6-m/crt0.o
                0x00005f50                __exidx_end = .

.rel.dyn        0x00005f50        0x0
 .rel.iplt      0x00000000        0x0 /opt/Freescale/KDS_3.0.0/toolchain/bin/../lib/gcc/arm-none-eabi/4.8.4/armv6-m/crtbegin.o

.ctors          0x00005f50        0x0
                0x00005f50                __CTOR_LIST__ = .
 *crtbegin.o(.ctors)
 *(EXCLUDE_FILE(*crtend.o) .ctors)
 *(SORT(.ctors.*))
 *(.ctors)
                0x00005f50                __CTOR_END__ = .

.dtors          0x00005f50        0x0
                0x00005f50                __DTOR_LIST__ = .
 *crtbegin.o(.dtors)
 *(EXCLUDE_FILE(*crtend.o) .dtors)
 *(SORT(.dtors.*))
 *(.dtors)
                0x00005f50                __DTOR_END__ = .

.preinit_array  0x00005f50        0x0
                0x00005f50                PROVIDE (__preinit_array_start, .)
 *(.preinit_array*)
                0x00005f50                PROVIDE (__preinit_array_end, .)

.init_array     0x00005f50        0x4
                0x00005f50                PROVIDE (__init_array_start, .)
 *(SORT(.init_array.*))
 *(.init_array*)
 .init_array    0x00005f50        0x4 /opt/Freescale/KDS_3.0.0/toolchain/bin/../lib/gcc/arm-none-eabi/4.8.4/armv6-m/crtbegin.o
                0x00005f54                PROVIDE (__init_array_end, .)

.fini_array     0x00005f54        0x4
                0x00005f54                PROVIDE (__fini_array_start, .)
 *(SORT(.fini_array.*))
 *(.fini_array*)
 .fini_array    0x00005f54        0x4 /opt/Freescale/KDS_3.0.0/toolchain/bin/../lib/gcc/arm-none-eabi/4.8.4/armv6-m/crtbegin.o
                0x00005f58                PROVIDE (__fini_array_end, .)
                0x00005f58                ___ROM_AT = .

.mtb            0x1fffe000        0x0
                0x1fffe000                . = ALIGN (0x8)
                0x1fffe000                _mtb_start = .
 *(.mtb_buf)
                0x1fffe000                . = ALIGN (0x8)
                0x1fffe000                _mtb_end = .

.data           0x1fffe000       0x68 load address 0x00005f58
                0x1fffe000                . = ALIGN (0x4)
                0x1fffe000                _sdata = .
 *(.data)
 *(.data*)
 .data.xFreeBytesRemaining
                0x1fffe000        0x4 ./Generated_Code/heap_2.o
 .data.uxCriticalNesting
                0x1fffe004        0x4 ./Generated_Code/port.o
 .data.impure_data
                0x1fffe008       0x60 /opt/Freescale/KDS_3.0.0/toolchain/bin/../lib/gcc/arm-none-eabi/4.8.4/../../../../arm-none-eabi/lib/armv6-m/libg_s.a(lib_a-impure.o)
                0x1fffe068                . = ALIGN (0x4)
                0x1fffe068                _edata = .
                0x00000068                ___data_size = (_edata - _sdata)
                0x00005fc0                ___NVM_Config_ROMStart = (___ROM_AT + SIZEOF (.data))

.jcr            0x1fffe068        0x0 load address 0x00005fc0
 .jcr           0x1fffe068        0x0 /opt/Freescale/KDS_3.0.0/toolchain/bin/../lib/gcc/arm-none-eabi/4.8.4/armv6-m/crtbegin.o

.igot.plt       0x1fffe068        0x0 load address 0x00005fc0
 .igot.plt      0x00000000        0x0 /opt/Freescale/KDS_3.0.0/toolchain/bin/../lib/gcc/arm-none-eabi/4.8.4/armv6-m/crtbegin.o

.NVM_Config     0x0003fc00        0x0 load address 0x00005fc0
                0x0003fc00                . = ALIGN (0x4)
                0x0003fc00                ___NVM_Config_RAMStart = .
 *(.NVM_Config)
                0x0003fc00                ___NVM_Config_RAMEnd = .
                0x0003fc00                . = ALIGN (0x4)
                0x00000000                ___NVM_Config_ROMSize = (___NVM_Config_RAMEnd - ___NVM_Config_RAMStart)
                0x0003fc00                . = ALIGN (0x4)

.bss            0x1fffe068     0x6f3c load address 0x00005fc0
                0x1fffe068                __START_BSS = .
                0x1fffe068                PROVIDE (__bss_start__, __START_BSS)
 *(.bss)
 .bss           0x1fffe068       0x1c /opt/Freescale/KDS_3.0.0/toolchain/bin/../lib/gcc/arm-none-eabi/4.8.4/armv6-m/crtbegin.o
 *(.bss*)
 .bss.DeviceDataPrv__DEFAULT_RTOS_ALLOC
                0x1fffe084       0x20 ./Generated_Code/ASerialLdd1.o
 .bss.INT_UART1__BAREBOARD_RTOS_ISRPARAM
                0x1fffe0a4        0x4 ./Generated_Code/ASerialLdd1.o
 .bss.DeviceDataPrv__DEFAULT_RTOS_ALLOC
                0x1fffe0a8       0x20 ./Generated_Code/ASerialLdd2.o
 .bss.INT_UART0__BAREBOARD_RTOS_ISRPARAM
                0x1fffe0c8        0x4 ./Generated_Code/ASerialLdd2.o
 .bss.EnMode    0x1fffe0cc        0x1 ./Generated_Code/BT.o
 *fill*         0x1fffe0cd        0x1 
 .bss.SerFlag   0x1fffe0ce        0x2 ./Generated_Code/BT.o
 .bss.BT_InpLen
                0x1fffe0d0        0x2 ./Generated_Code/BT.o
 .bss.InpIndexR
                0x1fffe0d2        0x2 ./Generated_Code/BT.o
 .bss.InpIndexW
                0x1fffe0d4        0x2 ./Generated_Code/BT.o
 *fill*         0x1fffe0d6        0x2 
 .bss.InpBuffer
                0x1fffe0d8      0x400 ./Generated_Code/BT.o
 .bss.BufferRead
                0x1fffe4d8        0x1 ./Generated_Code/BT.o
 *fill*         0x1fffe4d9        0x1 
 .bss.BT_OutLen
                0x1fffe4da        0x2 ./Generated_Code/BT.o
 .bss.OutIndexR
                0x1fffe4dc        0x2 ./Generated_Code/BT.o
 .bss.OutIndexW
                0x1fffe4de        0x2 ./Generated_Code/BT.o
 .bss.OutBuffer
                0x1fffe4e0      0x400 ./Generated_Code/BT.o
 .bss.OnFreeTxBufSemaphore
                0x1fffe8e0        0x1 ./Generated_Code/BT.o
 *fill*         0x1fffe8e1        0x3 
 .bss.DeviceDataPrv__DEFAULT_RTOS_ALLOC
                0x1fffe8e4        0x4 ./Generated_Code/BitIoLdd1.o
 .bss.DeviceDataPrv__DEFAULT_RTOS_ALLOC
                0x1fffe8e8        0x4 ./Generated_Code/BitIoLdd2.o
 .bss.DeviceDataPrv__DEFAULT_RTOS_ALLOC
                0x1fffe8ec        0x4 ./Generated_Code/BitIoLdd3.o
 .bss.DeviceDataPrv__DEFAULT_RTOS_ALLOC
                0x1fffe8f0        0x4 ./Generated_Code/BitIoLdd4.o
 .bss.DeviceDataPrv__DEFAULT_RTOS_ALLOC
                0x1fffe8f4        0x4 ./Generated_Code/BitIoLdd5.o
 .bss.DeviceDataPrv__DEFAULT_RTOS_ALLOC
                0x1fffe8f8        0x4 ./Generated_Code/BitIoLdd6.o
 .bss.SR_lock   0x1fffe8fc        0x1 ./Generated_Code/Cpu.o
                0x1fffe8fc                SR_lock
 .bss.ClockConfigurationID
                0x1fffe8fd        0x1 ./Generated_Code/Cpu.o
 .bss.EnMode    0x1fffe8fe        0x1 ./Generated_Code/ESP8266.o
 *fill*         0x1fffe8ff        0x1 
 .bss.SerFlag   0x1fffe900        0x2 ./Generated_Code/ESP8266.o
 .bss.ESP8266_InpLen
                0x1fffe902        0x2 ./Generated_Code/ESP8266.o
 .bss.InpIndexR
                0x1fffe904        0x2 ./Generated_Code/ESP8266.o
 .bss.InpIndexW
                0x1fffe906        0x2 ./Generated_Code/ESP8266.o
 .bss.InpBuffer
                0x1fffe908       0x80 ./Generated_Code/ESP8266.o
 .bss.BufferRead
                0x1fffe988        0x1 ./Generated_Code/ESP8266.o
 *fill*         0x1fffe989        0x1 
 .bss.ESP8266_OutLen
                0x1fffe98a        0x2 ./Generated_Code/ESP8266.o
 .bss.OutIndexR
                0x1fffe98c        0x2 ./Generated_Code/ESP8266.o
 .bss.OutIndexW
                0x1fffe98e        0x2 ./Generated_Code/ESP8266.o
 .bss.OutBuffer
                0x1fffe990       0x80 ./Generated_Code/ESP8266.o
 .bss.OnFreeTxBufSemaphore
                0x1fffea10        0x1 ./Generated_Code/ESP8266.o
 *fill*         0x1fffea11        0x3 
 .bss.Flash_CurrentCommand
                0x1fffea14        0x4 ./Generated_Code/Flash.o
 .bss.Flash_CmdResult
                0x1fffea18        0x1 ./Generated_Code/Flash.o
 .bss.Flash_CmdPending
                0x1fffea19        0x1 ./Generated_Code/Flash.o
 .bss.Flash_EnMode
                0x1fffea1a        0x1 ./Generated_Code/Flash.o
 .bss.Flash_EnEvent
                0x1fffea1b        0x1 ./Generated_Code/Flash.o
 .bss.IntFlashLdd1_DevDataPtr
                0x1fffea1c        0x4 ./Generated_Code/Flash.o
 .bss.Flash_CurrentDataAddress
                0x1fffea20        0x4 ./Generated_Code/Flash.o
 .bss.Flash_CurrentDataSize
                0x1fffea24        0x4 ./Generated_Code/Flash.o
 .bss.Flash_FlashAddress
                0x1fffea28        0x4 ./Generated_Code/Flash.o
 .bss.Flash_NextSrcDataAddress
                0x1fffea2c        0x4 ./Generated_Code/Flash.o
 .bss.Flash_RemainingDataSize
                0x1fffea30        0x4 ./Generated_Code/Flash.o
 .bss.tmpSector
                0x1fffea34      0x400 ./Generated_Code/Flash.o
 .bss.DeviceDataPrv__DEFAULT_RTOS_ALLOC
                0x1fffee34       0x1c ./Generated_Code/IntFlashLdd1.o
 .bss.PE_LDD_DeviceDataList
                0x1fffee50       0x24 ./Generated_Code/PE_LDD.o
                0x1fffee50                PE_LDD_DeviceDataList
 .bss.ucHeap    0x1fffee74     0x4a38 ./Generated_Code/heap_2.o
 .bss.xStart    0x200038ac        0x8 ./Generated_Code/heap_2.o
 .bss.xEnd      0x200038b4        0x8 ./Generated_Code/heap_2.o
 .bss.xHeapHasBeenInitialised.6979
                0x200038bc        0x4 ./Generated_Code/heap_2.o
 .bss.xJumpBuf  0x200038c0       0x5c ./Generated_Code/port.o
 .bss.pxCurrentTCB
                0x2000391c        0x4 ./Generated_Code/tasks.o
                0x2000391c                pxCurrentTCB
 .bss.pxReadyTasksLists
                0x20003920       0x78 ./Generated_Code/tasks.o
 .bss.xDelayedTaskList1
                0x20003998       0x14 ./Generated_Code/tasks.o
 .bss.xDelayedTaskList2
                0x200039ac       0x14 ./Generated_Code/tasks.o
 .bss.pxDelayedTaskList
                0x200039c0        0x4 ./Generated_Code/tasks.o
 .bss.pxOverflowDelayedTaskList
                0x200039c4        0x4 ./Generated_Code/tasks.o
 .bss.xPendingReadyList
                0x200039c8       0x14 ./Generated_Code/tasks.o
 .bss.xSuspendedTaskList
                0x200039dc       0x14 ./Generated_Code/tasks.o
 .bss.xIdleTaskHandle
                0x200039f0        0x4 ./Generated_Code/tasks.o
 .bss.uxCurrentNumberOfTasks
                0x200039f4        0x4 ./Generated_Code/tasks.o
 .bss.xTickCount
                0x200039f8        0x4 ./Generated_Code/tasks.o
 .bss.uxTopReadyPriority
                0x200039fc        0x4 ./Generated_Code/tasks.o
 .bss.xSchedulerRunning
                0x20003a00        0x4 ./Generated_Code/tasks.o
 .bss.uxPendedTicks
                0x20003a04        0x4 ./Generated_Code/tasks.o
 .bss.xYieldPending
                0x20003a08        0x4 ./Generated_Code/tasks.o
 .bss.xNumOfOverflows
                0x20003a0c        0x4 ./Generated_Code/tasks.o
 .bss.uxTaskNumber
                0x20003a10        0x4 ./Generated_Code/tasks.o
 .bss.xNextTaskUnblockTime
                0x20003a14        0x4 ./Generated_Code/tasks.o
 .bss.uxSchedulerSuspended
                0x20003a18        0x4 ./Generated_Code/tasks.o
 *(COMMON)
 COMMON         0x20003a1c       0x55 ./Sources/BT_actions.o
                0x20003a1c                BT_mode
                0x20003a20                xSemaphoreBTWrite
                0x20003a24                BTinputBufferCursor
                0x20003a28                xSemaphoreBTRead
                0x20003a2c                BT_logMode
                0x20003a30                BTinputBuffer
                0x20003a70                menuMaxOption
 *fill*         0x20003a71        0x3 
 COMMON         0x20003a74     0x1119 ./Sources/Events.o
                0x20003a74                xSemaphoreWifiRefresh
                0x20003a78                storeSSID
                0x20003ab8                spotSSID
                0x20004ab8                xSemaphoreWifiATCommand
                0x20004abc                storePassword
                0x20004afc                connection
 *fill*         0x20004b8d        0x3 
 COMMON         0x20004b90      0x408 ./Sources/WIFI_actions.o
                0x20004b90                wifiInputBuffer
                0x20004f90                xSemaphoreWifiATCommandSend
                0x20004f94                cursorWifiInputBuffer
 COMMON         0x20004f98        0x4 ./Generated_Code/BT.o
                0x20004f98                ASerialLdd1_DeviceDataPtr
 COMMON         0x20004f9c        0x1 ./Generated_Code/Cpu.o
                0x20004f9c                SR_reg
 *fill*         0x20004f9d        0x3 
 COMMON         0x20004fa0        0x4 ./Generated_Code/ESP8266.o
                0x20004fa0                ASerialLdd2_DeviceDataPtr
                0x20004fa4                . = ALIGN (0x4)
                0x20004fa4                __END_BSS = .
                0x20004fa4                PROVIDE (__bss_end__, __END_BSS)
                0x00005fc0                _romp_at = ((___ROM_AT + SIZEOF (.data)) + SIZEOF (.NVM_Config))

.romp           0x20004fa4       0x24 load address 0x00005fc0
                0x00005fc0                __S_romp = _romp_at
                0x20004fa4        0x4 LONG 0x5f58 ___ROM_AT
                0x20004fa8        0x4 LONG 0x1fffe000 _sdata
                0x20004fac        0x4 LONG 0x68 ___data_size
                0x20004fb0        0x4 LONG 0x5fc0 ___NVM_Config_ROMStart
                0x20004fb4        0x4 LONG 0x3fc00 ___NVM_Config_RAMStart
                0x20004fb8        0x4 LONG 0x0 ___NVM_Config_ROMSize
                0x20004fbc        0x4 LONG 0x0
                0x20004fc0        0x4 LONG 0x0
                0x20004fc4        0x4 LONG 0x0
                0x0003fc00                text_end = (ORIGIN (m_text) + 0x3f7f0)
                0x00005fe4                data_init_end = ((___NVM_Config_ROMStart + SIZEOF (.NVM_Config)) + SIZEOF (.romp))
                0x00000001                ASSERT ((data_init_end <= text_end), region m_text overflowed with text and data)

._user_heap_stack
                0x20004fc8      0x400 load address 0x00005fe4
                0x20004fc8                . = ALIGN (0x4)
                0x20004fc8                PROVIDE (end, .)
                0x20004fc8                PROVIDE (_end, .)
                0x20004fc8                PROVIDE (__end__, .)
                0x20004fc8                __heap_addr = .
                0x20004fc8                __HeapBase = .
                0x20004fc8                . = (. + __heap_size)
                0x20004fc8                __HeapLimit = .
                0x200053c8                . = (. + __stack_size)
 *fill*         0x20004fc8      0x400 
                0x200053c8                . = ALIGN (0x4)

.ARM.attributes
                0x00000000       0x28
 *(.ARM.attributes)
 .ARM.attributes
                0x00000000       0x1e /opt/Freescale/KDS_3.0.0/toolchain/bin/../lib/gcc/arm-none-eabi/4.8.4/armv6-m/crti.o
 .ARM.attributes
                0x0000001e       0x2c /opt/Freescale/KDS_3.0.0/toolchain/bin/../lib/gcc/arm-none-eabi/4.8.4/armv6-m/crtbegin.o
 .ARM.attributes
                0x0000004a       0x1b /opt/Freescale/KDS_3.0.0/toolchain/bin/../lib/gcc/arm-none-eabi/4.8.4/../../../../arm-none-eabi/lib/armv6-m/crt0.o
 .ARM.attributes
                0x00000065       0x32 ./Sources/BT_actions.o
 .ARM.attributes
                0x00000097       0x32 ./Sources/Events.o
 .ARM.attributes
                0x000000c9       0x32 ./Sources/StorePassword.o
 .ARM.attributes
                0x000000fb       0x32 ./Sources/WIFI_actions.o
 .ARM.attributes
                0x0000012d       0x32 ./Sources/frtos_tasks.o
 .ARM.attributes
                0x0000015f       0x32 ./Sources/main.o
 .ARM.attributes
                0x00000191       0x32 ./Sources/utils.o
 .ARM.attributes
                0x000001c3       0x32 ./Project_Settings/Startup_Code/startup.o
 .ARM.attributes
                0x000001f5       0x32 ./Generated_Code/ASerialLdd1.o
 .ARM.attributes
                0x00000227       0x32 ./Generated_Code/ASerialLdd2.o
 .ARM.attributes
                0x00000259       0x32 ./Generated_Code/BT.o
 .ARM.attributes
                0x0000028b       0x32 ./Generated_Code/BitIoLdd1.o
 .ARM.attributes
                0x000002bd       0x32 ./Generated_Code/BitIoLdd2.o
 .ARM.attributes
                0x000002ef       0x32 ./Generated_Code/BitIoLdd3.o
 .ARM.attributes
                0x00000321       0x32 ./Generated_Code/BitIoLdd4.o
 .ARM.attributes
                0x00000353       0x32 ./Generated_Code/BitIoLdd5.o
 .ARM.attributes
                0x00000385       0x32 ./Generated_Code/BitIoLdd6.o
 .ARM.attributes
                0x000003b7       0x32 ./Generated_Code/Cpu.o
 .ARM.attributes
                0x000003e9       0x32 ./Generated_Code/ESP8266.o
 .ARM.attributes
                0x0000041b       0x32 ./Generated_Code/Flash.o
 .ARM.attributes
                0x0000044d       0x32 ./Generated_Code/IntFlashLdd1.o
 .ARM.attributes
                0x0000047f       0x32 ./Generated_Code/PE_LDD.o
 .ARM.attributes
                0x000004b1       0x32 ./Generated_Code/TasksOs.o
 .ARM.attributes
                0x000004e3       0x32 ./Generated_Code/Vectors.o
 .ARM.attributes
                0x00000515       0x32 ./Generated_Code/heap_2.o
 .ARM.attributes
                0x00000547       0x32 ./Generated_Code/list.o
 .ARM.attributes
                0x00000579       0x32 ./Generated_Code/port.o
 .ARM.attributes
                0x000005ab       0x32 ./Generated_Code/queue.o
 .ARM.attributes
                0x000005dd       0x32 ./Generated_Code/tasks.o
 .ARM.attributes
                0x0000060f       0x2c /opt/Freescale/KDS_3.0.0/toolchain/bin/../lib/gcc/arm-none-eabi/4.8.4/../../../../arm-none-eabi/lib/armv6-m/libg_s.a(lib_a-exit.o)
 .ARM.attributes
                0x0000063b       0x2c /opt/Freescale/KDS_3.0.0/toolchain/bin/../lib/gcc/arm-none-eabi/4.8.4/../../../../arm-none-eabi/lib/armv6-m/libg_s.a(lib_a-impure.o)
 .ARM.attributes
                0x00000667       0x2c /opt/Freescale/KDS_3.0.0/toolchain/bin/../lib/gcc/arm-none-eabi/4.8.4/../../../../arm-none-eabi/lib/armv6-m/libg_s.a(lib_a-init.o)
 .ARM.attributes
                0x00000693       0x2c /opt/Freescale/KDS_3.0.0/toolchain/bin/../lib/gcc/arm-none-eabi/4.8.4/../../../../arm-none-eabi/lib/armv6-m/libg_s.a(lib_a-memcpy-stub.o)
 .ARM.attributes
                0x000006bf       0x2c /opt/Freescale/KDS_3.0.0/toolchain/bin/../lib/gcc/arm-none-eabi/4.8.4/../../../../arm-none-eabi/lib/armv6-m/libg_s.a(lib_a-memset.o)
 .ARM.attributes
                0x000006eb       0x1c /opt/Freescale/KDS_3.0.0/toolchain/bin/../lib/gcc/arm-none-eabi/4.8.4/../../../../arm-none-eabi/lib/armv6-m/libg_s.a(lib_a-setjmp.o)
 .ARM.attributes
                0x00000707       0x2c /opt/Freescale/KDS_3.0.0/toolchain/bin/../lib/gcc/arm-none-eabi/4.8.4/../../../../arm-none-eabi/lib/armv6-m/libg_s.a(lib_a-strcat.o)
 .ARM.attributes
                0x00000733       0x1c /opt/Freescale/KDS_3.0.0/toolchain/bin/../lib/gcc/arm-none-eabi/4.8.4/../../../../arm-none-eabi/lib/armv6-m/libg_s.a(lib_a-strcmp.o)
 .ARM.attributes
                0x0000074f       0x2c /opt/Freescale/KDS_3.0.0/toolchain/bin/../lib/gcc/arm-none-eabi/4.8.4/../../../../arm-none-eabi/lib/armv6-m/libg_s.a(lib_a-strcpy.o)
 .ARM.attributes
                0x0000077b       0x2c /opt/Freescale/KDS_3.0.0/toolchain/bin/../lib/gcc/arm-none-eabi/4.8.4/../../../../arm-none-eabi/lib/armv6-m/libg_s.a(lib_a-strlen.o)
 .ARM.attributes
                0x000007a7       0x2c /opt/Freescale/KDS_3.0.0/toolchain/bin/../lib/gcc/arm-none-eabi/4.8.4/../../../../arm-none-eabi/lib/armv6-m/libnosys.a(_exit.o)
 .ARM.attributes
                0x000007d3       0x1e /opt/Freescale/KDS_3.0.0/toolchain/bin/../lib/gcc/arm-none-eabi/4.8.4/armv6-m/crtn.o
OUTPUT(Gateway Wifi.elf elf32-littlearm)

.debug_info     0x00000000     0x8b61
 .debug_info    0x00000000      0x2e6 ./Sources/BT_actions.o
 .debug_info    0x000002e6      0x322 ./Sources/Events.o
 .debug_info    0x00000608      0x146 ./Sources/StorePassword.o
 .debug_info    0x0000074e      0x619 ./Sources/WIFI_actions.o
 .debug_info    0x00000d67      0x2be ./Sources/frtos_tasks.o
 .debug_info    0x00001025       0x9a ./Sources/main.o
 .debug_info    0x000010bf      0x194 ./Sources/utils.o
 .debug_info    0x00001253      0x20a ./Project_Settings/Startup_Code/startup.o
 .debug_info    0x0000145d      0x8aa ./Generated_Code/ASerialLdd1.o
 .debug_info    0x00001d07      0x8d0 ./Generated_Code/ASerialLdd2.o
 .debug_info    0x000025d7      0x54e ./Generated_Code/BT.o
 .debug_info    0x00002b25      0x3dc ./Generated_Code/BitIoLdd1.o
 .debug_info    0x00002f01      0x3dc ./Generated_Code/BitIoLdd2.o
 .debug_info    0x000032dd      0x3dc ./Generated_Code/BitIoLdd3.o
 .debug_info    0x000036b9      0x3dc ./Generated_Code/BitIoLdd4.o
 .debug_info    0x00003a95      0x3dc ./Generated_Code/BitIoLdd5.o
 .debug_info    0x00003e71      0x3dc ./Generated_Code/BitIoLdd6.o
 .debug_info    0x0000424d      0xa52 ./Generated_Code/Cpu.o
 .debug_info    0x00004c9f      0x54d ./Generated_Code/ESP8266.o
 .debug_info    0x000051ec      0x54e ./Generated_Code/Flash.o
 .debug_info    0x0000573a      0xaa3 ./Generated_Code/IntFlashLdd1.o
 .debug_info    0x000061dd      0x251 ./Generated_Code/PE_LDD.o
 .debug_info    0x0000642e       0x96 ./Generated_Code/TasksOs.o
 .debug_info    0x000064c4      0x10e ./Generated_Code/Vectors.o
 .debug_info    0x000065d2      0x2e9 ./Generated_Code/heap_2.o
 .debug_info    0x000068bb      0x2a8 ./Generated_Code/list.o
 .debug_info    0x00006b63      0x275 ./Generated_Code/port.o
 .debug_info    0x00006dd8      0xab3 ./Generated_Code/queue.o
 .debug_info    0x0000788b     0x12d6 ./Generated_Code/tasks.o

.debug_abbrev   0x00000000     0x261b
 .debug_abbrev  0x00000000      0x100 ./Sources/BT_actions.o
 .debug_abbrev  0x00000100      0x13b ./Sources/Events.o
 .debug_abbrev  0x0000023b       0xc5 ./Sources/StorePassword.o
 .debug_abbrev  0x00000300      0x1ee ./Sources/WIFI_actions.o
 .debug_abbrev  0x000004ee      0x137 ./Sources/frtos_tasks.o
 .debug_abbrev  0x00000625       0x47 ./Sources/main.o
 .debug_abbrev  0x0000066c       0xc4 ./Sources/utils.o
 .debug_abbrev  0x00000730      0x11e ./Project_Settings/Startup_Code/startup.o
 .debug_abbrev  0x0000084e      0x1af ./Generated_Code/ASerialLdd1.o
 .debug_abbrev  0x000009fd      0x1af ./Generated_Code/ASerialLdd2.o
 .debug_abbrev  0x00000bac      0x1ba ./Generated_Code/BT.o
 .debug_abbrev  0x00000d66      0x15f ./Generated_Code/BitIoLdd1.o
 .debug_abbrev  0x00000ec5      0x15f ./Generated_Code/BitIoLdd2.o
 .debug_abbrev  0x00001024      0x15f ./Generated_Code/BitIoLdd3.o
 .debug_abbrev  0x00001183      0x15f ./Generated_Code/BitIoLdd4.o
 .debug_abbrev  0x000012e2      0x15f ./Generated_Code/BitIoLdd5.o
 .debug_abbrev  0x00001441      0x15f ./Generated_Code/BitIoLdd6.o
 .debug_abbrev  0x000015a0      0x1eb ./Generated_Code/Cpu.o
 .debug_abbrev  0x0000178b      0x1ba ./Generated_Code/ESP8266.o
 .debug_abbrev  0x00001945      0x1c4 ./Generated_Code/Flash.o
 .debug_abbrev  0x00001b09      0x230 ./Generated_Code/IntFlashLdd1.o
 .debug_abbrev  0x00001d39      0x127 ./Generated_Code/PE_LDD.o
 .debug_abbrev  0x00001e60       0x45 ./Generated_Code/TasksOs.o
 .debug_abbrev  0x00001ea5       0xa4 ./Generated_Code/Vectors.o
 .debug_abbrev  0x00001f49      0x155 ./Generated_Code/heap_2.o
 .debug_abbrev  0x0000209e       0xc1 ./Generated_Code/list.o
 .debug_abbrev  0x0000215f      0x10c ./Generated_Code/port.o
 .debug_abbrev  0x0000226b      0x160 ./Generated_Code/queue.o
 .debug_abbrev  0x000023cb      0x250 ./Generated_Code/tasks.o

.debug_aranges  0x00000000      0xc18
 .debug_aranges
                0x00000000       0x60 ./Sources/BT_actions.o
 .debug_aranges
                0x00000060       0x90 ./Sources/Events.o
 .debug_aranges
                0x000000f0       0x30 ./Sources/StorePassword.o
 .debug_aranges
                0x00000120       0xf0 ./Sources/WIFI_actions.o
 .debug_aranges
                0x00000210       0x30 ./Sources/frtos_tasks.o
 .debug_aranges
                0x00000240       0x20 ./Sources/main.o
 .debug_aranges
                0x00000260       0x38 ./Sources/utils.o
 .debug_aranges
                0x00000298       0x50 ./Project_Settings/Startup_Code/startup.o
 .debug_aranges
                0x000002e8       0x70 ./Generated_Code/ASerialLdd1.o
 .debug_aranges
                0x00000358       0x70 ./Generated_Code/ASerialLdd2.o
 .debug_aranges
                0x000003c8       0x90 ./Generated_Code/BT.o
 .debug_aranges
                0x00000458       0x50 ./Generated_Code/BitIoLdd1.o
 .debug_aranges
                0x000004a8       0x50 ./Generated_Code/BitIoLdd2.o
 .debug_aranges
                0x000004f8       0x50 ./Generated_Code/BitIoLdd3.o
 .debug_aranges
                0x00000548       0x50 ./Generated_Code/BitIoLdd4.o
 .debug_aranges
                0x00000598       0x50 ./Generated_Code/BitIoLdd5.o
 .debug_aranges
                0x000005e8       0x50 ./Generated_Code/BitIoLdd6.o
 .debug_aranges
                0x00000638       0x90 ./Generated_Code/Cpu.o
 .debug_aranges
                0x000006c8       0x90 ./Generated_Code/ESP8266.o
 .debug_aranges
                0x00000758       0x68 ./Generated_Code/Flash.o
 .debug_aranges
                0x000007c0       0x68 ./Generated_Code/IntFlashLdd1.o
 .debug_aranges
                0x00000828       0x30 ./Generated_Code/PE_LDD.o
 .debug_aranges
                0x00000858       0x20 ./Generated_Code/TasksOs.o
 .debug_aranges
                0x00000878       0x18 ./Generated_Code/Vectors.o
 .debug_aranges
                0x00000890       0x40 ./Generated_Code/heap_2.o
 .debug_aranges
                0x000008d0       0x40 ./Generated_Code/list.o
 .debug_aranges
                0x00000910       0x90 ./Generated_Code/port.o
 .debug_aranges
                0x000009a0       0xd8 ./Generated_Code/queue.o
 .debug_aranges
                0x00000a78      0x1a0 ./Generated_Code/tasks.o

.debug_ranges   0x00000000      0xa40
 .debug_ranges  0x00000000       0x50 ./Sources/BT_actions.o
 .debug_ranges  0x00000050       0x80 ./Sources/Events.o
 .debug_ranges  0x000000d0       0x20 ./Sources/StorePassword.o
 .debug_ranges  0x000000f0       0xe0 ./Sources/WIFI_actions.o
 .debug_ranges  0x000001d0       0x20 ./Sources/frtos_tasks.o
 .debug_ranges  0x000001f0       0x10 ./Sources/main.o
 .debug_ranges  0x00000200       0x28 ./Sources/utils.o
 .debug_ranges  0x00000228       0x40 ./Project_Settings/Startup_Code/startup.o
 .debug_ranges  0x00000268       0x60 ./Generated_Code/ASerialLdd1.o
 .debug_ranges  0x000002c8       0x60 ./Generated_Code/ASerialLdd2.o
 .debug_ranges  0x00000328       0x80 ./Generated_Code/BT.o
 .debug_ranges  0x000003a8       0x40 ./Generated_Code/BitIoLdd1.o
 .debug_ranges  0x000003e8       0x40 ./Generated_Code/BitIoLdd2.o
 .debug_ranges  0x00000428       0x40 ./Generated_Code/BitIoLdd3.o
 .debug_ranges  0x00000468       0x40 ./Generated_Code/BitIoLdd4.o
 .debug_ranges  0x000004a8       0x40 ./Generated_Code/BitIoLdd5.o
 .debug_ranges  0x000004e8       0x40 ./Generated_Code/BitIoLdd6.o
 .debug_ranges  0x00000528       0x80 ./Generated_Code/Cpu.o
 .debug_ranges  0x000005a8       0x80 ./Generated_Code/ESP8266.o
 .debug_ranges  0x00000628       0x58 ./Generated_Code/Flash.o
 .debug_ranges  0x00000680       0x58 ./Generated_Code/IntFlashLdd1.o
 .debug_ranges  0x000006d8       0x20 ./Generated_Code/PE_LDD.o
 .debug_ranges  0x000006f8       0x10 ./Generated_Code/TasksOs.o
 .debug_ranges  0x00000708       0x30 ./Generated_Code/heap_2.o
 .debug_ranges  0x00000738       0x30 ./Generated_Code/list.o
 .debug_ranges  0x00000768       0x80 ./Generated_Code/port.o
 .debug_ranges  0x000007e8       0xc8 ./Generated_Code/queue.o
 .debug_ranges  0x000008b0      0x190 ./Generated_Code/tasks.o

.debug_macro    0x00000000    0x1d674
 .debug_macro   0x00000000      0x231 ./Sources/BT_actions.o
 .debug_macro   0x00000231      0x802 ./Sources/BT_actions.o
 .debug_macro   0x00000a33       0x28 ./Sources/BT_actions.o
 .debug_macro   0x00000a5b       0x16 ./Sources/BT_actions.o
 .debug_macro   0x00000a71       0x44 ./Sources/BT_actions.o
 .debug_macro   0x00000ab5      0x209 ./Sources/BT_actions.o
 .debug_macro   0x00000cbe     0x15c3 ./Sources/BT_actions.o
 .debug_macro   0x00002281      0x14e ./Sources/BT_actions.o
 .debug_macro   0x000023cf       0x64 ./Sources/BT_actions.o
 .debug_macro   0x00002433     0x9005 ./Sources/BT_actions.o
 .debug_macro   0x0000b438      0x204 ./Sources/BT_actions.o
 .debug_macro   0x0000b63c       0x6d ./Sources/BT_actions.o
 .debug_macro   0x0000b6a9       0x20 ./Sources/BT_actions.o
 .debug_macro   0x0000b6c9      0x166 ./Sources/BT_actions.o
 .debug_macro   0x0000b82f      0x2a7 ./Sources/BT_actions.o
 .debug_macro   0x0000bad6      0x15d ./Sources/BT_actions.o
 .debug_macro   0x0000bc33       0xce ./Sources/BT_actions.o
 .debug_macro   0x0000bd01       0x10 ./Sources/BT_actions.o
 .debug_macro   0x0000bd11       0x1f ./Sources/BT_actions.o
 .debug_macro   0x0000bd30       0xc0 ./Sources/BT_actions.o
 .debug_macro   0x0000bdf0       0x9a ./Sources/BT_actions.o
 .debug_macro   0x0000be8a      0x361 ./Sources/BT_actions.o
 .debug_macro   0x0000c1eb       0xb0 ./Sources/BT_actions.o
 .debug_macro   0x0000c29b       0x7f ./Sources/BT_actions.o
 .debug_macro   0x0000c31a       0x58 ./Sources/BT_actions.o
 .debug_macro   0x0000c372       0x35 ./Sources/BT_actions.o
 .debug_macro   0x0000c3a7       0xa3 ./Sources/BT_actions.o
 .debug_macro   0x0000c44a       0x52 ./Sources/BT_actions.o
 .debug_macro   0x0000c49c       0x16 ./Sources/BT_actions.o
 .debug_macro   0x0000c4b2       0x43 ./Sources/BT_actions.o
 .debug_macro   0x0000c4f5      0x180 ./Sources/BT_actions.o
 .debug_macro   0x0000c675      0x2a6 ./Sources/BT_actions.o
 .debug_macro   0x0000c91b       0x10 ./Sources/BT_actions.o
 .debug_macro   0x0000c92b       0x35 ./Sources/BT_actions.o
 .debug_macro   0x0000c960       0x19 ./Sources/BT_actions.o
 .debug_macro   0x0000c979       0x97 ./Sources/BT_actions.o
 .debug_macro   0x0000ca10       0x19 ./Sources/BT_actions.o
 .debug_macro   0x0000ca29      0x2c7 ./Sources/BT_actions.o
 .debug_macro   0x0000ccf0      0x378 ./Sources/Events.o
 .debug_macro   0x0000d068       0x73 ./Sources/Events.o
 .debug_macro   0x0000d0db       0x20 ./Sources/Events.o
 .debug_macro   0x0000d0fb       0x94 ./Sources/Events.o
 .debug_macro   0x0000d18f      0x396 ./Sources/Events.o
 .debug_macro   0x0000d525      0x13f ./Sources/Events.o
 .debug_macro   0x0000d664       0xb2 ./Sources/Events.o
 .debug_macro   0x0000d716       0x1d ./Sources/Events.o
 .debug_macro   0x0000d733      0x132 ./Sources/Events.o
 .debug_macro   0x0000d865       0x4c ./Sources/Events.o
 .debug_macro   0x0000d8b1       0x2d ./Sources/Events.o
 .debug_macro   0x0000d8de       0x52 ./Sources/Events.o
 .debug_macro   0x0000d930       0x2d ./Sources/Events.o
 .debug_macro   0x0000d95d       0x52 ./Sources/Events.o
 .debug_macro   0x0000d9af       0x2d ./Sources/Events.o
 .debug_macro   0x0000d9dc       0x52 ./Sources/Events.o
 .debug_macro   0x0000da2e       0x2d ./Sources/Events.o
 .debug_macro   0x0000da5b       0x52 ./Sources/Events.o
 .debug_macro   0x0000daad       0x2d ./Sources/Events.o
 .debug_macro   0x0000dada       0x52 ./Sources/Events.o
 .debug_macro   0x0000db2c       0x2d ./Sources/Events.o
 .debug_macro   0x0000db59       0x28 ./Sources/Events.o
 .debug_macro   0x0000db81       0xc7 ./Sources/StorePassword.o
 .debug_macro   0x0000dc48       0x2e ./Sources/StorePassword.o
 .debug_macro   0x0000dc76      0x20a ./Sources/StorePassword.o
 .debug_macro   0x0000de80      0x259 ./Sources/WIFI_actions.o
 .debug_macro   0x0000e0d9     0x15bd ./Sources/WIFI_actions.o
 .debug_macro   0x0000f696       0x6d ./Sources/WIFI_actions.o
 .debug_macro   0x0000f703       0x22 ./Sources/WIFI_actions.o
 .debug_macro   0x0000f725      0x2d0 ./Sources/frtos_tasks.o
 .debug_macro   0x0000f9f5      0x12c ./Sources/frtos_tasks.o
 .debug_macro   0x0000fb21       0x4c ./Sources/frtos_tasks.o
 .debug_macro   0x0000fb6d       0x52 ./Sources/frtos_tasks.o
 .debug_macro   0x0000fbbf      0x35e ./Sources/main.o
 .debug_macro   0x0000ff1d       0x1a ./Sources/utils.o
 .debug_macro   0x0000ff37      0x121 ./Project_Settings/Startup_Code/startup.o
 .debug_macro   0x00010058       0x4a ./Project_Settings/Startup_Code/startup.o
 .debug_macro   0x000100a2       0x16 ./Project_Settings/Startup_Code/startup.o
 .debug_macro   0x000100b8       0x22 ./Project_Settings/Startup_Code/startup.o
 .debug_macro   0x000100da       0x10 ./Project_Settings/Startup_Code/startup.o
 .debug_macro   0x000100ea      0x20f ./Project_Settings/Startup_Code/startup.o
 .debug_macro   0x000102f9     0x8ff9 ./Project_Settings/Startup_Code/startup.o
 .debug_macro   0x000192f2      0x133 ./Generated_Code/ASerialLdd1.o
 .debug_macro   0x00019425       0x26 ./Generated_Code/ASerialLdd1.o
 .debug_macro   0x0001944b      0x7b2 ./Generated_Code/ASerialLdd1.o
 .debug_macro   0x00019bfd      0x9aa ./Generated_Code/ASerialLdd1.o
 .debug_macro   0x0001a5a7      0x133 ./Generated_Code/ASerialLdd2.o
 .debug_macro   0x0001a6da       0x26 ./Generated_Code/ASerialLdd2.o
 .debug_macro   0x0001a700      0x2fd ./Generated_Code/ASerialLdd2.o
 .debug_macro   0x0001a9fd      0x3eb ./Generated_Code/BT.o
 .debug_macro   0x0001ade8      0x114 ./Generated_Code/BitIoLdd1.o
 .debug_macro   0x0001aefc      0x114 ./Generated_Code/BitIoLdd2.o
 .debug_macro   0x0001b010      0x114 ./Generated_Code/BitIoLdd3.o
 .debug_macro   0x0001b124       0x4c ./Generated_Code/BitIoLdd3.o
 .debug_macro   0x0001b170      0x114 ./Generated_Code/BitIoLdd4.o
 .debug_macro   0x0001b284       0x4c ./Generated_Code/BitIoLdd4.o
 .debug_macro   0x0001b2d0      0x114 ./Generated_Code/BitIoLdd5.o
 .debug_macro   0x0001b3e4       0x4c ./Generated_Code/BitIoLdd5.o
 .debug_macro   0x0001b430      0x114 ./Generated_Code/BitIoLdd6.o
 .debug_macro   0x0001b544       0x4c ./Generated_Code/BitIoLdd6.o
 .debug_macro   0x0001b590      0x3bf ./Generated_Code/Cpu.o
 .debug_macro   0x0001b94f      0x3eb ./Generated_Code/ESP8266.o
 .debug_macro   0x0001bd3a      0x100 ./Generated_Code/Flash.o
 .debug_macro   0x0001be3a      0x154 ./Generated_Code/IntFlashLdd1.o
 .debug_macro   0x0001bf8e      0x31d ./Generated_Code/PE_LDD.o
 .debug_macro   0x0001c2ab      0x204 ./Generated_Code/TasksOs.o
 .debug_macro   0x0001c4af      0x37c ./Generated_Code/Vectors.o
 .debug_macro   0x0001c82b       0x73 ./Generated_Code/Vectors.o
 .debug_macro   0x0001c89e      0x3a4 ./Generated_Code/heap_2.o
 .debug_macro   0x0001cc42      0x155 ./Generated_Code/list.o
 .debug_macro   0x0001cd97      0x232 ./Generated_Code/port.o
 .debug_macro   0x0001cfc9       0xc8 ./Generated_Code/port.o
 .debug_macro   0x0001d091      0x1cd ./Generated_Code/queue.o
 .debug_macro   0x0001d25e      0x406 ./Generated_Code/tasks.o
 .debug_macro   0x0001d664       0x10 ./Generated_Code/tasks.o

.debug_line     0x00000000     0x9c23
 .debug_line    0x00000000      0x513 ./Sources/BT_actions.o
 .debug_line    0x00000513      0x67d ./Sources/Events.o
 .debug_line    0x00000b90      0x324 ./Sources/StorePassword.o
 .debug_line    0x00000eb4      0x720 ./Sources/WIFI_actions.o
 .debug_line    0x000015d4      0x5cb ./Sources/frtos_tasks.o
 .debug_line    0x00001b9f      0x55e ./Sources/main.o
 .debug_line    0x000020fd       0xd7 ./Sources/utils.o
 .debug_line    0x000021d4      0x3d5 ./Project_Settings/Startup_Code/startup.o
 .debug_line    0x000025a9      0x468 ./Generated_Code/ASerialLdd1.o
 .debug_line    0x00002a11      0x473 ./Generated_Code/ASerialLdd2.o
 .debug_line    0x00002e84      0x82b ./Generated_Code/BT.o
 .debug_line    0x000036af      0x383 ./Generated_Code/BitIoLdd1.o
 .debug_line    0x00003a32      0x383 ./Generated_Code/BitIoLdd2.o
 .debug_line    0x00003db5      0x383 ./Generated_Code/BitIoLdd3.o
 .debug_line    0x00004138      0x383 ./Generated_Code/BitIoLdd4.o
 .debug_line    0x000044bb      0x382 ./Generated_Code/BitIoLdd5.o
 .debug_line    0x0000483d      0x382 ./Generated_Code/BitIoLdd6.o
 .debug_line    0x00004bbf      0xa34 ./Generated_Code/Cpu.o
 .debug_line    0x000055f3      0x836 ./Generated_Code/ESP8266.o
 .debug_line    0x00005e29      0x3b6 ./Generated_Code/Flash.o
 .debug_line    0x000061df      0x4dd ./Generated_Code/IntFlashLdd1.o
 .debug_line    0x000066bc      0x56d ./Generated_Code/PE_LDD.o
 .debug_line    0x00006c29      0x40e ./Generated_Code/TasksOs.o
 .debug_line    0x00007037      0x6bc ./Generated_Code/Vectors.o
 .debug_line    0x000076f3      0x680 ./Generated_Code/heap_2.o
 .debug_line    0x00007d73      0x314 ./Generated_Code/list.o
 .debug_line    0x00008087      0x42f ./Generated_Code/port.o
 .debug_line    0x000084b6      0x840 ./Generated_Code/queue.o
 .debug_line    0x00008cf6      0xf2d ./Generated_Code/tasks.o

.debug_str      0x00000000    0x5ec1b
 .debug_str     0x00000000    0x41190 ./Sources/BT_actions.o
                              0x41663 (size before relaxing)
 .debug_str     0x00041190     0x7893 ./Sources/Events.o
                              0x48d92 (size before relaxing)
 .debug_str     0x00048a23      0x19b ./Sources/StorePassword.o
                              0x3cb7d (size before relaxing)
 .debug_str     0x00048bbe      0x28b ./Sources/WIFI_actions.o
                              0x419f8 (size before relaxing)
 .debug_str     0x00048e49       0x89 ./Sources/frtos_tasks.o
                              0x43595 (size before relaxing)
 .debug_str     0x00048ed2       0x17 ./Sources/main.o
                              0x48ac7 (size before relaxing)
 .debug_str     0x00048ee9       0x53 ./Sources/utils.o
                               0x235f (size before relaxing)
 .debug_str     0x00048f3c      0x1a5 ./Project_Settings/Startup_Code/startup.o
                              0x3228f (size before relaxing)
 .debug_str     0x000490e1     0xe716 ./Generated_Code/ASerialLdd1.o
                              0x4a05f (size before relaxing)
 .debug_str     0x000577f7     0x3723 ./Generated_Code/ASerialLdd2.o
                              0x4667f (size before relaxing)
 .debug_str     0x0005af1a      0x2e9 ./Generated_Code/BT.o
                              0x48e8c (size before relaxing)
 .debug_str     0x0005b203      0x106 ./Generated_Code/BitIoLdd1.o
                              0x3c236 (size before relaxing)
 .debug_str     0x0005b309       0xc2 ./Generated_Code/BitIoLdd2.o
                              0x3c236 (size before relaxing)
 .debug_str     0x0005b3cb       0xc2 ./Generated_Code/BitIoLdd3.o
                              0x3c236 (size before relaxing)
 .debug_str     0x0005b48d       0xc2 ./Generated_Code/BitIoLdd4.o
                              0x3c236 (size before relaxing)
 .debug_str     0x0005b54f       0xc2 ./Generated_Code/BitIoLdd5.o
                              0x3c238 (size before relaxing)
 .debug_str     0x0005b611       0xc2 ./Generated_Code/BitIoLdd6.o
                              0x3c238 (size before relaxing)
 .debug_str     0x0005b6d3      0x34a ./Generated_Code/Cpu.o
                              0x48fac (size before relaxing)
 .debug_str     0x0005ba1d      0x188 ./Generated_Code/ESP8266.o
                              0x48ed2 (size before relaxing)
 .debug_str     0x0005bba5      0x581 ./Generated_Code/Flash.o
                              0x3d05c (size before relaxing)
 .debug_str     0x0005c126      0x4bd ./Generated_Code/IntFlashLdd1.o
                              0x4124f (size before relaxing)
 .debug_str     0x0005c5e3      0x15f ./Generated_Code/PE_LDD.o
                              0x48c7b (size before relaxing)
 .debug_str     0x0005c742       0x30 ./Generated_Code/TasksOs.o
                              0x4124f (size before relaxing)
 .debug_str     0x0005c772       0x1c ./Generated_Code/Vectors.o
                              0x48b19 (size before relaxing)
 .debug_str     0x0005c78e      0x39e ./Generated_Code/heap_2.o
                              0x48f25 (size before relaxing)
 .debug_str     0x0005cb2c      0x124 ./Generated_Code/list.o
                               0xe7f0 (size before relaxing)
 .debug_str     0x0005cc50      0x9e7 ./Generated_Code/port.o
                              0x3bfa0 (size before relaxing)
 .debug_str     0x0005d637      0x634 ./Generated_Code/queue.o
                              0x10786 (size before relaxing)
 .debug_str     0x0005dc6b      0xfb0 ./Generated_Code/tasks.o
                              0x49d47 (size before relaxing)

.comment        0x00000000       0x70
 .comment       0x00000000       0x70 ./Sources/BT_actions.o
                                 0x71 (size before relaxing)
 .comment       0x00000000       0x71 ./Sources/Events.o
 .comment       0x00000000       0x71 ./Sources/StorePassword.o
 .comment       0x00000000       0x71 ./Sources/WIFI_actions.o
 .comment       0x00000000       0x71 ./Sources/frtos_tasks.o
 .comment       0x00000000       0x71 ./Sources/main.o
 .comment       0x00000000       0x71 ./Sources/utils.o
 .comment       0x00000000       0x71 ./Project_Settings/Startup_Code/startup.o
 .comment       0x00000000       0x71 ./Generated_Code/ASerialLdd1.o
 .comment       0x00000000       0x71 ./Generated_Code/ASerialLdd2.o
 .comment       0x00000000       0x71 ./Generated_Code/BT.o
 .comment       0x00000000       0x71 ./Generated_Code/BitIoLdd1.o
 .comment       0x00000000       0x71 ./Generated_Code/BitIoLdd2.o
 .comment       0x00000000       0x71 ./Generated_Code/BitIoLdd3.o
 .comment       0x00000000       0x71 ./Generated_Code/BitIoLdd4.o
 .comment       0x00000000       0x71 ./Generated_Code/BitIoLdd5.o
 .comment       0x00000000       0x71 ./Generated_Code/BitIoLdd6.o
 .comment       0x00000000       0x71 ./Generated_Code/Cpu.o
 .comment       0x00000000       0x71 ./Generated_Code/ESP8266.o
 .comment       0x00000000       0x71 ./Generated_Code/Flash.o
 .comment       0x00000000       0x71 ./Generated_Code/IntFlashLdd1.o
 .comment       0x00000000       0x71 ./Generated_Code/PE_LDD.o
 .comment       0x00000000       0x71 ./Generated_Code/TasksOs.o
 .comment       0x00000000       0x71 ./Generated_Code/Vectors.o
 .comment       0x00000000       0x71 ./Generated_Code/heap_2.o
 .comment       0x00000000       0x71 ./Generated_Code/list.o
 .comment       0x00000000       0x71 ./Generated_Code/port.o
 .comment       0x00000000       0x71 ./Generated_Code/queue.o
 .comment       0x00000000       0x71 ./Generated_Code/tasks.o

.debug_frame    0x00000000     0x272c
 .debug_frame   0x00000000      0x128 ./Sources/BT_actions.o
 .debug_frame   0x00000128      0x1c0 ./Sources/Events.o
 .debug_frame   0x000002e8       0x6c ./Sources/StorePassword.o
 .debug_frame   0x00000354      0x338 ./Sources/WIFI_actions.o
 .debug_frame   0x0000068c       0x74 ./Sources/frtos_tasks.o
 .debug_frame   0x00000700       0x2c ./Sources/main.o
 .debug_frame   0x0000072c       0x90 ./Sources/utils.o
 .debug_frame   0x000007bc       0xd0 ./Project_Settings/Startup_Code/startup.o
 .debug_frame   0x0000088c      0x178 ./Generated_Code/ASerialLdd1.o
 .debug_frame   0x00000a04      0x178 ./Generated_Code/ASerialLdd2.o
 .debug_frame   0x00000b7c      0x1e4 ./Generated_Code/BT.o
 .debug_frame   0x00000d60       0xf0 ./Generated_Code/BitIoLdd1.o
 .debug_frame   0x00000e50       0xf0 ./Generated_Code/BitIoLdd2.o
 .debug_frame   0x00000f40       0xf0 ./Generated_Code/BitIoLdd3.o
 .debug_frame   0x00001030       0xf0 ./Generated_Code/BitIoLdd4.o
 .debug_frame   0x00001120       0xf0 ./Generated_Code/BitIoLdd5.o
 .debug_frame   0x00001210       0xf0 ./Generated_Code/BitIoLdd6.o
 .debug_frame   0x00001300      0x1d8 ./Generated_Code/Cpu.o
 .debug_frame   0x000014d8      0x1e4 ./Generated_Code/ESP8266.o
 .debug_frame   0x000016bc      0x144 ./Generated_Code/Flash.o
 .debug_frame   0x00001800      0x150 ./Generated_Code/IntFlashLdd1.o
 .debug_frame   0x00001950       0x6c ./Generated_Code/PE_LDD.o
 .debug_frame   0x000019bc       0x2c ./Generated_Code/TasksOs.o
 .debug_frame   0x000019e8       0xa8 ./Generated_Code/heap_2.o
 .debug_frame   0x00001a90       0xb0 ./Generated_Code/list.o
 .debug_frame   0x00001b40      0x1a4 ./Generated_Code/port.o
 .debug_frame   0x00001ce4      0x310 ./Generated_Code/queue.o
 .debug_frame   0x00001ff4      0x614 ./Generated_Code/tasks.o
 .debug_frame   0x00002608       0x28 /opt/Freescale/KDS_3.0.0/toolchain/bin/../lib/gcc/arm-none-eabi/4.8.4/../../../../arm-none-eabi/lib/armv6-m/libg_s.a(lib_a-exit.o)
 .debug_frame   0x00002630       0x2c /opt/Freescale/KDS_3.0.0/toolchain/bin/../lib/gcc/arm-none-eabi/4.8.4/../../../../arm-none-eabi/lib/armv6-m/libg_s.a(lib_a-init.o)
 .debug_frame   0x0000265c       0x28 /opt/Freescale/KDS_3.0.0/toolchain/bin/../lib/gcc/arm-none-eabi/4.8.4/../../../../arm-none-eabi/lib/armv6-m/libg_s.a(lib_a-memcpy-stub.o)
 .debug_frame   0x00002684       0x20 /opt/Freescale/KDS_3.0.0/toolchain/bin/../lib/gcc/arm-none-eabi/4.8.4/../../../../arm-none-eabi/lib/armv6-m/libg_s.a(lib_a-memset.o)
 .debug_frame   0x000026a4       0x28 /opt/Freescale/KDS_3.0.0/toolchain/bin/../lib/gcc/arm-none-eabi/4.8.4/../../../../arm-none-eabi/lib/armv6-m/libg_s.a(lib_a-strcat.o)
 .debug_frame   0x000026cc       0x20 /opt/Freescale/KDS_3.0.0/toolchain/bin/../lib/gcc/arm-none-eabi/4.8.4/../../../../arm-none-eabi/lib/armv6-m/libg_s.a(lib_a-strcpy.o)
 .debug_frame   0x000026ec       0x20 /opt/Freescale/KDS_3.0.0/toolchain/bin/../lib/gcc/arm-none-eabi/4.8.4/../../../../arm-none-eabi/lib/armv6-m/libg_s.a(lib_a-strlen.o)
 .debug_frame   0x0000270c       0x20 /opt/Freescale/KDS_3.0.0/toolchain/bin/../lib/gcc/arm-none-eabi/4.8.4/../../../../arm-none-eabi/lib/armv6-m/libnosys.a(_exit.o)
